#
# A fatal error has been detected by the Java Runtime Environment:
#
#  SIGSEGV (0xb) at pc=0x00007fd72ddbd28a, pid=8662, tid=8706
#
# JRE version: OpenJDK Runtime Environment (Red_Hat-21.0.6.0.7-1) (21.0.6+7) (build 21.0.6+7)
# Java VM: OpenJDK 64-Bit Server VM (Red_Hat-21.0.6.0.7-1) (21.0.6+7, mixed mode, emulated-client, sharing, tiered, compressed oops, compressed class ptrs, g1 gc, linux-amd64)
# Problematic frame:
# V  [libjvm.so+0x5bd28a]  G1ParScanThreadState::trim_queue_to_threshold(unsigned int)+0x1c1a
#
# Core dump will be written. Default location: Core dumps may be processed with "/bin/false" (or dumping to /home/isaac/IdeaProjects/AppLogin/core.8662)
#
# If you would like to submit a bug report, please visit:
#   https://bugzilla.redhat.com/enter_bug.cgi?product=Fedora&component=java-21-openjdk&version=40
#

---------------  S U M M A R Y ------------

Command Line: -XX:TieredStopAtLevel=1 -Dspring.output.ansi.enabled=always -Dcom.sun.management.jmxremote -Dspring.jmx.enabled=true -Dspring.liveBeansView.mbeanDomain -Dspring.application.admin.enabled=true -Dmanagement.endpoints.jmx.exposure.include=* -javaagent:/home/isaac/.local/share/JetBrains/Toolbox/apps/intellij-idea-ultimate/lib/idea_rt.jar=36243 -Dfile.encoding=UTF-8 -Dsun.stdout.encoding=UTF-8 -Dsun.stderr.encoding=UTF-8 br.appLogin.appLogin.AppLoginApplication

Host: AMD Ryzen 3 PRO 4450U with Radeon Graphics, 8 cores, 21G, Fedora release 42 (Adams)
Time: Fri Apr 18 16:39:34 2025 -03 elapsed time: 1.907531 seconds (0d 0h 0m 1s)

---------------  T H R E A D  ---------------

Current thread (0x00007fd6ac009b10):  WorkerThread "GC Thread#4"    [id=8706, stack(0x00007fd71417b000,0x00007fd71427b000) (1024K)]

Stack: [0x00007fd71417b000,0x00007fd71427b000],  sp=0x00007fd7142799d0,  free space=1018k
Native frames: (J=compiled Java code, j=interpreted, Vv=VM code, C=native code)
V  [libjvm.so+0x5bd28a]  G1ParScanThreadState::trim_queue_to_threshold(unsigned int)+0x1c1a
V  [libjvm.so+0x5d4a93]  G1ScanHRForRegionClosure::scan_heap_roots(HeapRegion*)+0x493
V  [libjvm.so+0x5d26fd]  G1RemSet::scan_heap_roots(G1ParScanThreadState*, unsigned int, G1GCPhaseTimes::GCParPhases, G1GCPhaseTimes::GCParPhases, bool)+0x1fd
V  [libjvm.so+0x5f638f]  G1EvacuateRegionsTask::scan_roots(G1ParScanThreadState*, unsigned int)+0x4f
V  [libjvm.so+0x5f65e9]  G1EvacuateRegionsBaseTask::work(unsigned int)+0x89
V  [libjvm.so+0xe34760]  WorkerThread::run()+0x90
V  [libjvm.so+0xd71224]  Thread::call_run()+0xb4
V  [libjvm.so+0xae4205]  thread_native_entry(Thread*)+0xd5
C  [libc.so.6+0x71324]  start_thread+0x2e4

siginfo: si_signo: 11 (SIGSEGV), si_code: 128 (SI_KERNEL), si_addr: 0x0000000000000000

Registers:
RAX=0x2814355000000000, RBX=0x00007fd654005d50, RCX=0x0000000000007fd7, RDX=0x0000000000000001
RSP=0x00007fd7142799d0, RBP=0x00007fd714279a80, RSI=0x00007fd72d853370, RDI=0x0000000000000003
R8 =0x0000000000000000, R9 =0x0000000000000000, R10=0x0000000000000002, R11=0x000000000000004c
R12=0x00000006aac787d1, R13=0x00000006ad5df6e0, R14=0x00007fd72ead96e8, R15=0x00007fd72ead7e90
RIP=0x00007fd72ddbd28a, EFLAGS=0x0000000000010202, CSGSFS=0x002b000000000033, ERR=0x0000000000000000
  TRAPNO=0x000000000000000d

XMM[0]=0x0000004300002268 0x0000000000000011
XMM[1]=0x6c632e657079742e 0x65726f632e6b726f
XMM[2]=0x7461746f6e6e4165 0x6c706d69532e676e
XMM[3]=0x65726f632e6b726f 0x77656d617266676e
XMM[4]=0x706f72506e6f6974 0x616c6572726f4367
XMM[5]=0x746e656d6e6f7269 0x766e456e6f697461
XMM[6]=0x742e657275676966 0x6e6f636f7475612e
XMM[7]=0x77656d617266676e 0x697270732e67726f
XMM[8]=0x00000000d7d45cf0 0x0000000000000000
XMM[9]=0x0000000000000000 0x0000000000000000
XMM[10]=0x3f3f3f3f3f3f3f3f 0x3f3f3f3f3f3f3f3f
XMM[11]=0x9999999999999999 0x9999999999999999
XMM[12]=0x2020202020202020 0x2020202020202020
XMM[13]=0x0000000000000000 0x0000000000000000
XMM[14]=0x0000000000000000 0x0000000000000000
XMM[15]=0x0000000000000000 0x0000000000000000
  MXCSR=0x00001fa0


Register to memory mapping:

RAX=0x2814355000000000 is an unknown value
RBX=0x00007fd654005d50 points into unknown readable memory: 0x00007fd72ea0b7f8 | f8 b7 a0 2e d7 7f 00 00
RCX=0x0000000000007fd7 is an unknown value
RDX=0x0000000000000001 is an unknown value
RSP=0x00007fd7142799d0 points into unknown readable memory: 0x00007fd714279b10 | 10 9b 27 14 d7 7f 00 00
RBP=0x00007fd714279a80 points into unknown readable memory: 0x00007fd714279bb0 | b0 9b 27 14 d7 7f 00 00
RSI=0x00007fd72d853370: <offset 0x0000000000053370> in /usr/lib/jvm/java-21-openjdk/lib/server/libjvm.so at 0x00007fd72d800000
RDI=0x0000000000000003 is an unknown value
R8 =0x0 is null
R9 =0x0 is null
R10=0x0000000000000002 is an unknown value
R11=0x000000000000004c is an unknown value
R12=0x00000006aac787d1 is pointing into object: java.util.concurrent.ConcurrentHashMap$Node 
{0x00000006aac787b8} - klass: 'java/util/concurrent/ConcurrentHashMap$Node'
 - ---- fields (total size 4 words):
 - final 'hash' 'I' @12  2115748613 (0x7e1bc305)
 - final 'key' 'Ljava/lang/Object;' @16  "org.springframework.core.type.classreading.SimpleAnnotationMetadata"{0x00000006aac787d8} (0xd558f0fb)
 - volatile 'val' 'Ljava/lang/Object;' @20  a 'java/lang/Object'{0x00000006aac78848} (0xd558f109)
 - volatile 'next' 'Ljava/util/concurrent/ConcurrentHashMap$Node;' @24  
[error occurred during error reporting (printing register info), id 0xb, SIGSEGV (0xb) at pc=0x00007fd72e2c806a]
R13=
[error occurred during error reporting (printing register info, attempt 2), id 0xb, SIGSEGV (0xb) at pc=0x00007fd72dd69e2b]
R14=0x00007fd72ead96e8: <offset 0x00000000012d96e8> in /usr/lib/jvm/java-21-openjdk/lib/server/libjvm.so at 0x00007fd72d800000
R15=0x00007fd72ead7e90: <offset 0x00000000012d7e90> in /usr/lib/jvm/java-21-openjdk/lib/server/libjvm.so at 0x00007fd72d800000

Top of Stack: (sp=0x00007fd7142799d0)
0x00007fd7142799d0:   00007fd714279b10 0000000000000011
0x00007fd7142799e0:   000000d654005d50 0000000000000001
0x00007fd7142799f0:   000000000000000b 0000000600000000
0x00007fd714279a00:   00007fd728123ee0 00007fd6b71798cc
0x00007fd714279a10:   0000000600000002 000000401b752fc0
0x00007fd714279a20:   00000006aac78848 00007fd72eb1a4d4
0x00007fd714279a30:   00007fd714279a60 01007fd72e2ef857
0x00007fd714279a40:   0000000000000011 4890a1dc1c1ed100
0x00007fd714279a50:   00007fd714279a80 00007fd71b752fac
0x00007fd714279a60:   00000006aa5f5800 00007fd654005d50
0x00007fd714279a70:   00007fd71b752fc0 00007fd714279c60
0x00007fd714279a80:   00007fd714279bb0 00007fd72ddd4a93
0x00007fd714279a90:   00007fd6ac009ef0 00007fd6ac009f00
0x00007fd714279aa0:   00007fd6ac009ef0 00007fd6ac009f00
0x00007fd714279ab0:   00000000000003d8 0000000000000004
0x00007fd714279ac0:   0000000114279af0 00007fd6ac000f70
0x00007fd714279ad0:   0000000000000000 0000000000000000
0x00007fd714279ae0:   00007fd6ac00a2d8 00007fd6ac009eb0
0x00007fd714279af0:   00007fd72807b050 00007fd714279c60
0x00007fd714279b00:   00007fd71b752fac 01007fd72eb1a4b8
0x00007fd714279b10:   00007fd71b752fc0 00007fd714279b50
0x00007fd714279b20:   000000007134ab24 0000000000000000
0x00007fd714279b30:   00000006aa5f5800 0000000005d8cd21
0x00007fd714279b40:   0000000000000001 0000000000000000
0x00007fd714279b50:   00007fd72ea0b9d8 0000000000000000
0x00007fd714279b60:   00007fd728041b40 00007fd654005d50
0x00007fd714279b70:   00007fd714279cb0 4890a1dc1c1ed100
0x00007fd714279b80:   0000000071338d8d 00007fd728041b40
0x00007fd714279b90:   00007fd7280dad70 00007fd714279c30
0x00007fd714279ba0:   00007fd72eb1a4b8 0000000000000000
0x00007fd714279bb0:   00007fd714279d20 00007fd72ddd26fd
0x00007fd714279bc0:   00007fd72807b010 0000001400000001 

Instructions: (pc=0x00007fd72ddbd28a)
0x00007fd72ddbd18a:   55 be 48 8b 53 08 48 8d 3d 3d d3 d5 00 8b 8a 18
0x00007fd72ddbd19a:   02 00 00 48 8b 82 10 02 00 00 48 8b 92 f8 01 00
0x00007fd72ddbd1aa:   00 48 89 7d a8 48 d3 e0 48 89 c1 4c 89 e8 48 29
0x00007fd72ddbd1ba:   c8 8b 0f 48 d3 e8 89 c0 48 8b 04 c2 8b b8 8c 00
0x00007fd72ddbd1ca:   00 00 48 89 45 80 48 8b 43 70 89 bd 78 ff ff ff
0x00007fd72ddbd1da:   45 84 c0 0f 85 0e 15 00 00 48 8b 48 10 89 fa 48
0x00007fd72ddbd1ea:   8b 14 d1 4c 8b 4a 30 48 8b 42 38 4c 29 c8 4d 89
0x00007fd72ddbd1fa:   ca 48 c1 e8 03 4c 39 f8 0f 82 c5 13 00 00 4b 8d
0x00007fd72ddbd20a:   04 f9 48 89 42 30 4d 85 c9 0f 84 b4 13 00 00 48
0x00007fd72ddbd21a:   8d 05 e0 b8 d1 00 48 8b 00 41 0f 18 0c 01 49 83
0x00007fd72ddbd22a:   ff 08 0f 87 82 26 00 00 48 8d 15 53 f3 a1 00 4a
0x00007fd72ddbd23a:   63 04 ba 48 01 d0 3e ff e0 4c 8d 35 9e c4 d1 00
0x00007fd72ddbd24a:   41 80 3e 00 0f 84 57 0b 00 00 48 8d 35 25 ac d1
0x00007fd72ddbd25a:   00 41 8b 45 08 8b 4e 08 48 d3 e0 48 03 06 8b 48
0x00007fd72ddbd26a:   08 48 89 45 88 85 c9 0f 8e fd 17 00 00 f6 c1 01
0x00007fd72ddbd27a:   74 1e 48 8b 45 88 48 8d 35 e9 60 a9 ff 48 8b 00
0x00007fd72ddbd28a:   48 8b 80 00 01 00 00 48 39 f0 0f 85 d9 2a 00 00
0x00007fd72ddbd29a:   c1 f9 03 4c 63 d1 4c 89 5d c0 45 84 c0 0f 85 89
0x00007fd72ddbd2aa:   14 00 00 48 8d 05 d4 bc d1 00 83 38 02 0f 84 c4
0x00007fd72ddbd2ba:   22 00 00 41 f6 c3 01 0f 84 c4 22 00 00 4c 89 d8
0x00007fd72ddbd2ca:   48 c1 e8 03 83 e0 0f 89 45 90 3b 83 80 01 00 00
0x00007fd72ddbd2da:   72 08 41 b8 01 00 00 00 31 d2 88 55 be 48 8b 53
0x00007fd72ddbd2ea:   08 48 8d 3d e2 d1 d5 00 8b 8a 18 02 00 00 48 8b
0x00007fd72ddbd2fa:   82 10 02 00 00 48 8b 92 f8 01 00 00 48 89 7d a8
0x00007fd72ddbd30a:   48 d3 e0 48 89 c1 4c 89 e8 48 29 c8 8b 0f 48 d3
0x00007fd72ddbd31a:   e8 89 c0 48 8b 04 c2 8b b8 8c 00 00 00 48 89 45
0x00007fd72ddbd32a:   80 48 8b 43 70 89 bd 78 ff ff ff 45 84 c0 0f 85
0x00007fd72ddbd33a:   a7 13 00 00 48 8b 48 10 89 fa 48 8b 14 d1 4c 8b
0x00007fd72ddbd34a:   4a 30 48 8b 42 38 4c 29 c8 4c 89 4d a0 48 c1 e8
0x00007fd72ddbd35a:   03 4c 39 d0 0f 82 30 13 00 00 4b 8d 04 d1 48 89
0x00007fd72ddbd36a:   42 30 4d 85 c9 0f 84 1f 13 00 00 48 8d 05 84 b7
0x00007fd72ddbd37a:   d1 00 48 8b 00 41 0f 18 0c 01 49 83 fa 08 0f 87 


Stack slot to memory mapping:

stack at sp + 0 slots: 0x00007fd714279b10 points into unknown readable memory: 0x00007fd71b752fc0 | c0 2f 75 1b d7 7f 00 00
stack at sp + 1 slots: 0x0000000000000011 is an unknown value
stack at sp + 2 slots: 0x000000d654005d50 is an unknown value
stack at sp + 3 slots: 0x0000000000000001 is an unknown value
stack at sp + 4 slots: 0x000000000000000b is an unknown value
stack at sp + 5 slots: 0x0000000600000000 is an unknown value
stack at sp + 6 slots: 0x00007fd728123ee0 points into unknown readable memory: 0x00000006be800000 | 00 00 80 be 06 00 00 00
stack at sp + 7 slots: 0x00007fd6b71798cc is pointing into metadata


---------------  P R O C E S S  ---------------

Threads class SMR info:
_java_thread_list=0x00007fd634070db0, length=21, elements={
0x00007fd72802f150, 0x00007fd728155460, 0x00007fd7281569c0, 0x00007fd728158170,
0x00007fd7281597a0, 0x00007fd72815ad30, 0x00007fd72815c420, 0x00007fd72817d290,
0x00007fd6800a5a00, 0x00007fd6780015d0, 0x00007fd678002890, 0x00007fd694000f50,
0x00007fd7284c3250, 0x00007fd7284c52a0, 0x00007fd7285365b0, 0x00007fd660001f80,
0x00007fd664018870, 0x00007fd664026640, 0x00007fd72871cb60, 0x00007fd63c002520,
0x00007fd660003160
}

Java Threads: ( => current thread )
  0x00007fd72802f150 JavaThread "main"                              [_thread_blocked, id=8665, stack(0x00007fd72d700000,0x00007fd72d800000) (1024K)]
  0x00007fd728155460 JavaThread "Reference Handler"          daemon [_thread_blocked, id=8682, stack(0x00007fd715556000,0x00007fd715656000) (1024K)]
  0x00007fd7281569c0 JavaThread "Finalizer"                  daemon [_thread_blocked, id=8683, stack(0x00007fd715456000,0x00007fd715556000) (1024K)]
  0x00007fd728158170 JavaThread "Signal Dispatcher"          daemon [_thread_blocked, id=8684, stack(0x00007fd715356000,0x00007fd715456000) (1024K)]
  0x00007fd7281597a0 JavaThread "Service Thread"             daemon [_thread_blocked, id=8685, stack(0x00007fd715256000,0x00007fd715356000) (1024K)]
  0x00007fd72815ad30 JavaThread "Monitor Deflation Thread"   daemon [_thread_blocked, id=8686, stack(0x00007fd715156000,0x00007fd715256000) (1024K)]
  0x00007fd72815c420 JavaThread "C1 CompilerThread0"         daemon [_thread_blocked, id=8687, stack(0x00007fd715056000,0x00007fd715156000) (1024K)]
  0x00007fd72817d290 JavaThread "Common-Cleaner"             daemon [_thread_blocked, id=8690, stack(0x00007fd714f56000,0x00007fd715056000) (1024K)]
  0x00007fd6800a5a00 JavaThread "C1 CompilerThread1"         daemon [_thread_blocked, id=8691, stack(0x00007fd714e56000,0x00007fd714f56000) (1024K)]
  0x00007fd6780015d0 JavaThread "C1 CompilerThread2"         daemon [_thread_blocked, id=8692, stack(0x00007fd714d56000,0x00007fd714e56000) (1024K)]
  0x00007fd678002890 JavaThread "C1 CompilerThread3"         daemon [_thread_blocked, id=8693, stack(0x00007fd714c56000,0x00007fd714d56000) (1024K)]
  0x00007fd694000f50 JavaThread "Attach Listener"            daemon [_thread_blocked, id=8695, stack(0x00007fd714b56000,0x00007fd714c56000) (1024K)]
  0x00007fd7284c3250 JavaThread "Monitor Ctrl-Break"         daemon [_thread_in_native, id=8696, stack(0x00007fd714a56000,0x00007fd714b56000) (1024K)]
  0x00007fd7284c52a0 JavaThread "Notification Thread"        daemon [_thread_blocked, id=8697, stack(0x00007fd714956000,0x00007fd714a56000) (1024K)]
  0x00007fd7285365b0 JavaThread "RMI TCP Accept-0"           daemon [_thread_in_native, id=8699, stack(0x00007fd71467e000,0x00007fd71477e000) (1024K)]
  0x00007fd660001f80 JavaThread "RMI TCP Connection(1)-192.168.0.124" daemon [_thread_in_native, id=8702, stack(0x00007fd71457e000,0x00007fd71467e000) (1024K)]
  0x00007fd664018870 JavaThread "RMI Scheduler(0)"           daemon [_thread_blocked, id=8710, stack(0x00007fd705cfe000,0x00007fd705dfe000) (1024K)]
  0x00007fd664026640 JavaThread "JMX server connection timeout 33" daemon [_thread_blocked, id=8711, stack(0x00007fd705bfe000,0x00007fd705cfe000) (1024K)]
  0x00007fd72871cb60 JavaThread "Thread-0"                          [_thread_blocked, id=8714, stack(0x00007fd705afe000,0x00007fd705bfe000) (1024K)]
  0x00007fd63c002520 JavaThread "restartedMain"                     [_thread_blocked, id=8715, stack(0x00007fd7059fe000,0x00007fd705afe000) (1024K)]
  0x00007fd660003160 JavaThread "RMI TCP Connection(2)-192.168.0.124" daemon [_thread_in_native, id=8733, stack(0x00007fd7055fd000,0x00007fd7056fd000) (1024K)]
Total: 21

Other Threads:
  0x00007fd72814c060 VMThread "VM Thread"                           [id=8681, stack(0x00007fd715657000,0x00007fd715757000) (1024K)]
  0x00007fd72813a3e0 WatcherThread "VM Periodic Task Thread"        [id=8680, stack(0x00007fd715758000,0x00007fd715858000) (1024K)]
  0x00007fd7280aa8d0 WorkerThread "GC Thread#0"                     [id=8666, stack(0x00007fd72c2f1000,0x00007fd72c3f1000) (1024K)]
  0x00007fd6ac007a10 WorkerThread "GC Thread#1"                     [id=8703, stack(0x00007fd71447e000,0x00007fd71457e000) (1024K)]
  0x00007fd6ac008510 WorkerThread "GC Thread#2"                     [id=8704, stack(0x00007fd71437d000,0x00007fd71447d000) (1024K)]
  0x00007fd6ac009010 WorkerThread "GC Thread#3"                     [id=8705, stack(0x00007fd71427c000,0x00007fd71437c000) (1024K)]
=>0x00007fd6ac009b10 WorkerThread "GC Thread#4"                     [id=8706, stack(0x00007fd71417b000,0x00007fd71427b000) (1024K)]
  0x00007fd6ac00aa00 WorkerThread "GC Thread#5"                     [id=8707, stack(0x00007fd71407a000,0x00007fd71417a000) (1024K)]
  0x00007fd6ac00b920 WorkerThread "GC Thread#6"                     [id=8708, stack(0x00007fd705f00000,0x00007fd706000000) (1024K)]
  0x00007fd6ac00c840 WorkerThread "GC Thread#7"                     [id=8709, stack(0x00007fd705dff000,0x00007fd705eff000) (1024K)]
  0x00007fd7280b69b0 ConcurrentGCThread "G1 Main Marker"            [id=8667, stack(0x00007fd72c1f0000,0x00007fd72c2f0000) (1024K)]
  0x00007fd7280b7950 WorkerThread "G1 Conc#0"                       [id=8668, stack(0x00007fd72c0ef000,0x00007fd72c1ef000) (1024K)]
  0x00007fd708000cf0 WorkerThread "G1 Conc#1"                       [id=8730, stack(0x00007fd7056fe000,0x00007fd7057fe000) (1024K)]
  0x00007fd7281287f0 ConcurrentGCThread "G1 Refine#0"               [id=8669, stack(0x00007fd7159db000,0x00007fd715adb000) (1024K)]
  0x00007fd7281297a0 ConcurrentGCThread "G1 Service"                [id=8670, stack(0x00007fd7158da000,0x00007fd7159da000) (1024K)]
Total: 15

Threads with active compile tasks:
C1 CompilerThread2  1927 3235   !   1       org.springframework.core.type.filter.AssignableTypeFilter::matchTargetType (72 bytes)
Total: 1

VM state: at safepoint (normal execution)

VM Mutex/Monitor currently owned by a thread:  ([mutex/lock_event])
[0x00007fd72eb34cf8] Threads_lock - owner thread: 0x00007fd72814c060
[0x00007fd72eb34bf8] Heap_lock - owner thread: 0x00007fd63c002520

Heap address: 0x00000006aa400000, size: 5468 MB, Compressed Oops mode: Zero based, Oop shift amount: 3

CDS archive(s) mapped at: [0x00007fd6b7000000-0x00007fd6b7c99000-0x00007fd6b7c99000), size 13209600, SharedBaseAddress: 0x00007fd6b7000000, ArchiveRelocationMode: 1.
Compressed class space mapped at: 0x00007fd6b8000000-0x00007fd6f8000000, reserved size: 1073741824
Narrow klass base: 0x00007fd6b7000000, Narrow klass shift: 0, Narrow klass range: 0x100000000

GC Precious Log:
 CardTable entry size: 512
 Card Set container configuration: InlinePtr #cards 4 size 8 Array Of Cards #cards 32 size 80 Howl #buckets 8 coarsen threshold 7372 Howl Bitmap #cards 1024 size 144 coarsen threshold 921 Card regions per heap region 1 cards per card region 8192
 CPUs: 8 total, 8 available
 Memory: 21871M
 Large Page Support: Disabled
 NUMA Support: Disabled
 Compressed Oops: Enabled (Zero based)
 Heap Region Size: 4M
 Heap Min Capacity: 8M
 Heap Initial Capacity: 344M
 Heap Max Capacity: 5468M
 Pre-touch: Disabled
 Parallel Workers: 8
 Concurrent Workers: 2
 Concurrent Refinement Workers: 8
 Periodic GC: Disabled

Heap:
 garbage-first heap   total 69632K, used 47230K [0x00000006aa400000, 0x0000000800000000)
  region size 4096K, 10 young (40960K), 2 survivors (8192K)
 Metaspace       used 23896K, committed 24384K, reserved 1114112K
  class space    used 3225K, committed 3456K, reserved 1048576K

Heap Regions: E=young(eden), S=young(survivor), O=old, HS=humongous(starts), HC=humongous(continues), CS=collection set, F=free, TAMS=top-at-mark-start, PB=parsable bottom
|   0|0x00000006aa400000, 0x00000006aa800000, 0x00000006aa800000|100%| O|  |TAMS 0x00000006aa400000| PB 0x00000006aa400000| Untracked 
|   1|0x00000006aa800000, 0x00000006aab51118, 0x00000006aac00000| 82%| O|  |TAMS 0x00000006aa800000| PB 0x00000006aa800000| Untracked 
|   2|0x00000006aac00000, 0x00000006ab000000, 0x00000006ab000000|100%| O|  |TAMS 0x00000006aac00000| PB 0x00000006aac00000| Untracked 
|   3|0x00000006ab000000, 0x00000006ab0d40b8, 0x00000006ab400000| 20%| O|  |TAMS 0x00000006ab000000| PB 0x00000006ab000000| Untracked 
|   4|0x00000006ab400000, 0x00000006ab420530, 0x00000006ab800000|  3%| S|  |TAMS 0x00000006ab400000| PB 0x00000006ab400000| Complete 
|   5|0x00000006ab800000, 0x00000006abc00000, 0x00000006abc00000|100%| S|  |TAMS 0x00000006ab800000| PB 0x00000006ab800000| Complete 
|   6|0x00000006abc00000, 0x00000006ac000000, 0x00000006ac000000|100%| E|CS|TAMS 0x00000006abc00000| PB 0x00000006abc00000| Complete 
|   7|0x00000006ac000000, 0x00000006ac400000, 0x00000006ac400000|100%| E|CS|TAMS 0x00000006ac000000| PB 0x00000006ac000000| Complete 
|   8|0x00000006ac400000, 0x00000006ac800000, 0x00000006ac800000|100%| E|CS|TAMS 0x00000006ac400000| PB 0x00000006ac400000| Complete 
|   9|0x00000006ac800000, 0x00000006acc00000, 0x00000006acc00000|100%| E|CS|TAMS 0x00000006ac800000| PB 0x00000006ac800000| Complete 
|  10|0x00000006acc00000, 0x00000006ad000000, 0x00000006ad000000|100%| E|CS|TAMS 0x00000006acc00000| PB 0x00000006acc00000| Complete 
|  11|0x00000006ad000000, 0x00000006ad400000, 0x00000006ad400000|100%| E|CS|TAMS 0x00000006ad000000| PB 0x00000006ad000000| Complete 
|  12|0x00000006ad400000, 0x00000006ad800000, 0x00000006ad800000|100%| E|CS|TAMS 0x00000006ad400000| PB 0x00000006ad400000| Complete 
|  80|0x00000006be400000, 0x00000006be5c1d00, 0x00000006be800000| 43%| E|CS|TAMS 0x00000006be400000| PB 0x00000006be400000| Complete 
|  81|0x00000006be800000, 0x00000006bec00000, 0x00000006bec00000|100%| E|CS|TAMS 0x00000006be800000| PB 0x00000006be800000| Complete 
|  85|0x00000006bf800000, 0x00000006bfc00000, 0x00000006bfc00000|100%| E|CS|TAMS 0x00000006bf800000| PB 0x00000006bf800000| Complete 
|1366|0x00000007ffc00000, 0x00000007ffd0ccd8, 0x0000000800000000| 26%| O|Cm|TAMS 0x00000007ffc00000| PB 0x00000007ffc00000| Complete 

Card table byte_map: [0x00007fd71b752000,0x00007fd71c200000] _byte_map_base: 0x00007fd718200000

Marking Bits: (CMBitMap*) 0x00007fd7280ab3f0
 Bits: [0x00007fd7161e2000, 0x00007fd71b752000)

Polling page: 0x00007fd72ef26000

Metaspace:

Usage:
  Non-class:     20,19 MB used.
      Class:      3,15 MB used.
       Both:     23,34 MB used.

Virtual space:
  Non-class space:       64,00 MB reserved,      20,44 MB ( 32%) committed,  1 nodes.
      Class space:        1,00 GB reserved,       3,38 MB ( <1%) committed,  1 nodes.
             Both:        1,06 GB reserved,      23,81 MB (  2%) committed. 

Chunk freelists:
   Non-Class:  11,06 MB
       Class:  12,67 MB
        Both:  23,73 MB

MaxMetaspaceSize: unlimited
CompressedClassSpaceSize: 1,00 GB
Initial GC threshold: 21,00 MB
Current GC threshold: 35,56 MB
CDS: on
 - commit_granule_bytes: 65536.
 - commit_granule_words: 8192.
 - virtual_space_node_default_size: 8388608.
 - enlarge_chunks_in_place: 1.
 - use_allocation_guard: 0.


Internal statistics:

num_allocs_failed_limit: 5.
num_arena_births: 528.
num_arena_deaths: 0.
num_vsnodes_births: 2.
num_vsnodes_deaths: 0.
num_space_committed: 381.
num_space_uncommitted: 0.
num_chunks_returned_to_freelist: 5.
num_chunks_taken_from_freelist: 1317.
num_chunk_merges: 5.
num_chunk_splits: 875.
num_chunks_enlarged: 579.
num_inconsistent_stats: 0.

CodeCache: size=49152Kb used=7863Kb max_used=7863Kb free=41289Kb
 bounds [0x00007fd71c200000, 0x00007fd71c9b0000, 0x00007fd71f200000]
 total_blobs=3770 nmethods=3234 adapters=457
 compilation: enabled
              stopped_count=0, restarted_count=0
 full_count=0

Compilation events (20 events):
Event: 1,887 Thread 0x00007fd72815c420 3226       1       jdk.internal.reflect.ReflectionFactory::useNativeAccessorOnly (7 bytes)
Event: 1,887 Thread 0x00007fd678002890 nmethod 3227 0x00007fd71c9a0a90 code [0x00007fd71c9a0c40, 0x00007fd71c9a0de0]
Event: 1,887 Thread 0x00007fd678002890 3228       1       org.springframework.boot.autoconfigure.condition.ConditionEvaluationReport$$Lambda/0x00007fd6b83074f0::apply (8 bytes)
Event: 1,888 Thread 0x00007fd6800a5a00 nmethod 3224 0x00007fd71c9a0f10 code [0x00007fd71c9a1120, 0x00007fd71c9a13e0]
Event: 1,888 Thread 0x00007fd6800a5a00 3229       1       org.springframework.boot.autoconfigure.condition.ConditionEvaluationReport::lambda$recordConditionEvaluation$0 (8 bytes)
Event: 1,888 Thread 0x00007fd72815c420 nmethod 3226 0x00007fd71c9a1590 code [0x00007fd71c9a1720, 0x00007fd71c9a17c0]
Event: 1,888 Thread 0x00007fd72815c420 3230       1       org.springframework.boot.autoconfigure.condition.ConditionEvaluationReport$ConditionAndOutcomes::<init> (16 bytes)
Event: 1,888 Thread 0x00007fd678002890 nmethod 3228 0x00007fd71c9a1890 code [0x00007fd71c9a1a60, 0x00007fd71c9a1db0]
Event: 1,888 Thread 0x00007fd72815c420 nmethod 3230 0x00007fd71c9a1f10 code [0x00007fd71c9a20e0, 0x00007fd71c9a23a0]
Event: 1,888 Thread 0x00007fd6800a5a00 nmethod 3229 0x00007fd71c9a2510 code [0x00007fd71c9a26e0, 0x00007fd71c9a29d8]
Event: 1,889 Thread 0x00007fd6800a5a00 3231       1       org.springframework.core.annotation.AnnotationTypeMapping$MirrorSets$MirrorSet::resolve (248 bytes)
Event: 1,890 Thread 0x00007fd6800a5a00 nmethod 3231 0x00007fd71c9a2b10 code [0x00007fd71c9a2e20, 0x00007fd71c9a3df0]
Event: 1,891 Thread 0x00007fd6800a5a00 3232       1       java.lang.Class::getDeclaredAnnotations (11 bytes)
Event: 1,891 Thread 0x00007fd6800a5a00 nmethod 3232 0x00007fd71c9a4710 code [0x00007fd71c9a48e0, 0x00007fd71c9a4a80]
Event: 1,891 Thread 0x00007fd6800a5a00 3233       1       org.springframework.core.annotation.AnnotationTypeMapping::getAnnotation (5 bytes)
Event: 1,892 Thread 0x00007fd6800a5a00 nmethod 3233 0x00007fd71c9a4b90 code [0x00007fd71c9a4d20, 0x00007fd71c9a4de8]
Event: 1,895 Thread 0x00007fd6800a5a00 3234       1       java.util.HashSet::toArray (16 bytes)
Event: 1,895 Thread 0x00007fd6800a5a00 nmethod 3234 0x00007fd71c9a4e90 code [0x00007fd71c9a5040, 0x00007fd71c9a5168]
Event: 1,896 Thread 0x00007fd6780015d0 nmethod 3211 0x00007fd71c9a5210 code [0x00007fd71c9a5a20, 0x00007fd71c9aa4a8]
Event: 1,898 Thread 0x00007fd6780015d0 3235   !   1       org.springframework.core.type.filter.AssignableTypeFilter::matchTargetType (72 bytes)

GC Heap History (9 events):
Event: 0,560 GC heap before
{Heap before GC invocations=0 (full 0):
 garbage-first heap   total 356352K, used 17459K [0x00000006aa400000, 0x0000000800000000)
  region size 4096K, 5 young (20480K), 0 survivors (0K)
 Metaspace       used 5834K, committed 6016K, reserved 1114112K
  class space    used 679K, committed 768K, reserved 1048576K
}
Event: 0,566 GC heap after
{Heap after GC invocations=1 (full 0):
 garbage-first heap   total 356352K, used 8762K [0x00000006aa400000, 0x0000000800000000)
  region size 4096K, 1 young (4096K), 1 survivors (4096K)
 Metaspace       used 5834K, committed 6016K, reserved 1114112K
  class space    used 679K, committed 768K, reserved 1048576K
}
Event: 0,803 GC heap before
{Heap before GC invocations=1 (full 0):
 garbage-first heap   total 356352K, used 21050K [0x00000006aa400000, 0x0000000800000000)
  region size 4096K, 4 young (16384K), 1 survivors (4096K)
 Metaspace       used 8504K, committed 8832K, reserved 1114112K
  class space    used 1053K, committed 1216K, reserved 1048576K
}
Event: 0,807 GC heap after
{Heap after GC invocations=2 (full 0):
 garbage-first heap   total 356352K, used 9568K [0x00000006aa400000, 0x0000000800000000)
  region size 4096K, 1 young (4096K), 1 survivors (4096K)
 Metaspace       used 8504K, committed 8832K, reserved 1114112K
  class space    used 1053K, committed 1216K, reserved 1048576K
}
Event: 1,471 GC heap before
{Heap before GC invocations=2 (full 0):
 garbage-first heap   total 356352K, used 50528K [0x00000006aa400000, 0x0000000800000000)
  region size 4096K, 12 young (49152K), 1 survivors (4096K)
 Metaspace       used 18822K, committed 19200K, reserved 1114112K
  class space    used 2564K, committed 2752K, reserved 1048576K
}
Event: 1,476 GC heap after
{Heap after GC invocations=3 (full 0):
 garbage-first heap   total 356352K, used 12459K [0x00000006aa400000, 0x0000000800000000)
  region size 4096K, 1 young (4096K), 1 survivors (4096K)
 Metaspace       used 18822K, committed 19200K, reserved 1114112K
  class space    used 2564K, committed 2752K, reserved 1048576K
}
Event: 1,566 GC heap before
{Heap before GC invocations=3 (full 0):
 garbage-first heap   total 356352K, used 24747K [0x00000006aa400000, 0x0000000800000000)
  region size 4096K, 5 young (20480K), 1 survivors (4096K)
 Metaspace       used 21126K, committed 21504K, reserved 1114112K
  class space    used 2810K, committed 3008K, reserved 1048576K
}
Event: 1,570 GC heap after
{Heap after GC invocations=4 (full 0):
 garbage-first heap   total 356352K, used 14462K [0x00000006aa400000, 0x0000000800000000)
  region size 4096K, 2 young (8192K), 2 survivors (8192K)
 Metaspace       used 21126K, committed 21504K, reserved 1114112K
  class space    used 2810K, committed 3008K, reserved 1048576K
}
Event: 1,899 GC heap before
{Heap before GC invocations=5 (full 0):
 garbage-first heap   total 69632K, used 47230K [0x00000006aa400000, 0x0000000800000000)
  region size 4096K, 10 young (40960K), 2 survivors (8192K)
 Metaspace       used 23896K, committed 24384K, reserved 1114112K
  class space    used 3225K, committed 3456K, reserved 1048576K
}

Dll operation events (11 events):
Event: 0,002 Loaded shared library /usr/lib/jvm/java-21-openjdk/lib/libjava.so
Event: 0,097 Loaded shared library /usr/lib/jvm/java-21-openjdk/lib/libzip.so
Event: 0,101 Loaded shared library /usr/lib/jvm/java-21-openjdk/lib/libinstrument.so
Event: 0,104 Loaded shared library /usr/lib/jvm/java-21-openjdk/lib/libnio.so
Event: 0,108 Loaded shared library /usr/lib/jvm/java-21-openjdk/lib/libzip.so
Event: 0,208 Loaded shared library /usr/lib/jvm/java-21-openjdk/lib/libnet.so
Event: 0,210 Loaded shared library /usr/lib/jvm/java-21-openjdk/lib/libjimage.so
Event: 0,214 Loaded shared library /usr/lib/jvm/java-21-openjdk/lib/libextnet.so
Event: 0,224 Loaded shared library /usr/lib/jvm/java-21-openjdk/lib/libsystemconf.so
Event: 0,231 Loaded shared library /usr/lib/jvm/java-21-openjdk/lib/libmanagement.so
Event: 0,244 Loaded shared library /usr/lib/jvm/java-21-openjdk/lib/libmanagement_ext.so

Deoptimization events (0 events):
No events

Classes loaded (20 events):
Event: 1,697 Loading class java/security/spec/ECFieldF2m
Event: 1,697 Loading class java/security/spec/ECFieldF2m done
Event: 1,702 Loading class sun/security/ssl/SunJSSE
Event: 1,702 Loading class sun/security/ssl/SunJSSE done
Event: 1,703 Loading class com/sun/crypto/provider/SunJCE
Event: 1,703 Loading class com/sun/crypto/provider/SunJCE done
Event: 1,711 Loading class com/sun/security/sasl/Provider
Event: 1,711 Loading class com/sun/security/sasl/Provider done
Event: 1,711 Loading class com/sun/security/sasl/Provider$1
Event: 1,711 Loading class com/sun/security/sasl/Provider$1 done
Event: 1,711 Loading class com/sun/security/sasl/Provider$ProviderService
Event: 1,711 Loading class com/sun/security/sasl/Provider$ProviderService done
Event: 1,711 Loading class sun/security/provider/certpath/ldap/JdkLDAP
Event: 1,712 Loading class sun/security/provider/certpath/ldap/JdkLDAP done
Event: 1,712 Loading class sun/security/provider/certpath/ldap/JdkLDAP$ProviderService
Event: 1,712 Loading class sun/security/provider/certpath/ldap/JdkLDAP$ProviderService done
Event: 1,802 Loading class java/security/AccessControlException
Event: 1,802 Loading class java/security/AccessControlException done
Event: 1,805 Loading class java/beans/PropertyVetoException
Event: 1,805 Loading class java/beans/PropertyVetoException done

Classes unloaded (0 events):
No events

Classes redefined (0 events):
No events

Internal exceptions (20 events):
Event: 1,090 Thread 0x00007fd63c002520 Exception <a 'java/lang/NoSuchMethodError'{0x00000006be852328}: 'java.lang.Object java.lang.invoke.DirectMethodHandle$Holder.invokeVirtual(java.lang.Object, java.lang.Object, java.lang.Object)'> (0x00000006be852328) 
thrown [src/hotspot/share/interpreter/linkResolver.cpp, line 772]
Event: 1,108 Thread 0x00007fd63c002520 Exception <a 'java/lang/NoSuchMethodError'{0x00000006be936f78}: 'void java.lang.invoke.DirectMethodHandle$Holder.invokeStatic(java.lang.Object, java.lang.Object, int)'> (0x00000006be936f78) 
thrown [src/hotspot/share/interpreter/linkResolver.cpp, line 772]
Event: 1,111 Thread 0x00007fd63c002520 Exception <a 'java/lang/NoSuchMethodError'{0x00000006be947988}: 'void java.lang.invoke.DirectMethodHandle$Holder.invokeStaticInit(java.lang.Object, java.lang.Object, java.lang.Object)'> (0x00000006be947988) 
thrown [src/hotspot/share/interpreter/linkResolver.cpp, line 772]
Event: 1,128 Thread 0x00007fd63c002520 Exception <a 'java/lang/NoSuchMethodError'{0x00000006be9fbc50}: 'void java.lang.invoke.DirectMethodHandle$Holder.invokeVirtual(java.lang.Object, java.lang.Object, java.lang.Object, java.lang.Object)'> (0x00000006be9fbc50) 
thrown [src/hotspot/share/interpreter/linkResolver.cpp, line 772]
Event: 1,167 Thread 0x00007fd660001f80 Exception <a 'java/lang/NoSuchMethodError'{0x00000006be4105d0}: static [Ljava/lang/StackTraceElement;.<clinit>()V> (0x00000006be4105d0) 
thrown [src/hotspot/share/prims/jni.cpp, line 1111]
Event: 1,171 Thread 0x00007fd660001f80 Exception <a 'java/lang/NoSuchMethodError'{0x00000006be423f00}: 'void java.lang.invoke.DirectMethodHandle$Holder.invokeInterface(java.lang.Object, java.lang.Object)'> (0x00000006be423f00) 
thrown [src/hotspot/share/interpreter/linkResolver.cpp, line 772]
Event: 1,192 Thread 0x00007fd63c002520 Exception <a 'java/lang/NoSuchMethodError'{0x00000006be536670}: 'java.lang.reflect.Field[] java.lang.Class.getDeclaredFields(java.lang.Class)'> (0x00000006be536670) 
thrown [src/hotspot/share/interpreter/linkResolver.cpp, line 772]
Event: 1,193 Thread 0x00007fd63c002520 Exception <a 'java/lang/NoSuchMethodError'{0x00000006be53ea28}: 'java.lang.Object java.lang.invoke.DirectMethodHandle$Holder.invokeStatic(java.lang.Object, java.lang.Object, int)'> (0x00000006be53ea28) 
thrown [src/hotspot/share/interpreter/linkResolver.cpp, line 772]
Event: 1,194 Thread 0x00007fd63c002520 Exception <a 'java/lang/NoSuchMethodError'{0x00000006be56d8e0}: 'void java.lang.invoke.DelegatingMethodHandle$Holder.delegate(java.lang.Object, java.lang.Object, int, java.lang.Object)'> (0x00000006be56d8e0) 
thrown [src/hotspot/share/interpreter/linkResolver.cpp, line 772]
Event: 1,207 Thread 0x00007fd63c002520 Exception <a 'java/lang/IncompatibleClassChangeError'{0x00000006be6b7220}: Found class java.lang.Object, but interface was expected> (0x00000006be6b7220) 
thrown [src/hotspot/share/interpreter/linkResolver.cpp, line 840]
Event: 1,423 Thread 0x00007fd63c002520 Exception <a 'java/lang/NoSuchMethodError'{0x00000006bd30a780}: 'int java.lang.invoke.DirectMethodHandle$Holder.invokeSpecial(java.lang.Object, java.lang.Object, java.lang.Object, java.lang.Object, java.lang.Object)'> (0x00000006bd30a780) 
thrown [src/hotspot/share/interpreter/linkResolver.cpp, line 772]
Event: 1,425 Thread 0x00007fd63c002520 Exception <a 'java/lang/NoSuchMethodError'{0x00000006bd332258}: 'void java.lang.invoke.DirectMethodHandle$Holder.invokeVirtual(java.lang.Object, java.lang.Object)'> (0x00000006bd332258) 
thrown [src/hotspot/share/interpreter/linkResolver.cpp, line 772]
Event: 1,608 Thread 0x00007fd63c002520 Exception <a 'java/lang/IncompatibleClassChangeError'{0x00000006bf9ad530}: Found class java.lang.Object, but interface was expected> (0x00000006bf9ad530) 
thrown [src/hotspot/share/interpreter/linkResolver.cpp, line 840]
Event: 1,644 Thread 0x00007fd630167f70 Exception <a 'java/lang/NoSuchMethodError'{0x00000006ad23d808}: 'long java.lang.invoke.DirectMethodHandle$Holder.invokeStaticInit(java.lang.Object, java.lang.Object)'> (0x00000006ad23d808) 
thrown [src/hotspot/share/interpreter/linkResolver.cpp, line 772]
Event: 1,645 Thread 0x00007fd660001f80 Exception <a 'sun/nio/fs/UnixException'{0x00000006ad2b8508}> (0x00000006ad2b8508) 
thrown [src/hotspot/share/prims/jni.cpp, line 520]
Event: 1,645 Thread 0x00007fd660001f80 Exception <a 'sun/nio/fs/UnixException'{0x00000006ad2b9510}> (0x00000006ad2b9510) 
thrown [src/hotspot/share/prims/jni.cpp, line 520]
Event: 1,645 Thread 0x00007fd660001f80 Exception <a 'sun/nio/fs/UnixException'{0x00000006ad2ba518}> (0x00000006ad2ba518) 
thrown [src/hotspot/share/prims/jni.cpp, line 520]
Event: 1,645 Thread 0x00007fd630167f70 Exception <a 'java/lang/NoSuchMethodError'{0x00000006ad249a58}: 'long java.lang.invoke.DirectMethodHandle$Holder.invokeInterface(java.lang.Object, java.lang.Object)'> (0x00000006ad249a58) 
thrown [src/hotspot/share/interpreter/linkResolver.cpp, line 772]
Event: 1,646 Thread 0x00007fd630167f70 Exception <a 'java/lang/IncompatibleClassChangeError'{0x00000006ad24ca78}: Found class java.lang.Object, but interface was expected> (0x00000006ad24ca78) 
thrown [src/hotspot/share/interpreter/linkResolver.cpp, line 840]
Event: 1,649 Thread 0x00007fd630167f70 Exception <a 'java/lang/NoSuchMethodError'{0x00000006ad265808}: 'java.lang.Object java.lang.invoke.DirectMethodHandle$Holder.invokeVirtual(java.lang.Object, java.lang.Object, java.lang.Object, java.lang.Object)'> (0x00000006ad265808) 
thrown [src/hotspot/share/interpreter/linkResolver.cpp, line 772]

ZGC Phase Switch (0 events):
No events

VM Operations (20 events):
Event: 1,373 Executing VM operation: HandshakeAllThreads (Deoptimize) done
Event: 1,401 Executing VM operation: HandshakeAllThreads (Deoptimize)
Event: 1,401 Executing VM operation: HandshakeAllThreads (Deoptimize) done
Event: 1,407 Executing VM operation: HandshakeAllThreads (Deoptimize)
Event: 1,407 Executing VM operation: HandshakeAllThreads (Deoptimize) done
Event: 1,471 Executing VM operation: G1CollectForAllocation (G1 Evacuation Pause)
Event: 1,476 Executing VM operation: G1CollectForAllocation (G1 Evacuation Pause) done
Event: 1,566 Executing VM operation: CollectForMetadataAllocation (Metadata GC Threshold)
Event: 1,570 Executing VM operation: CollectForMetadataAllocation (Metadata GC Threshold) done
Event: 1,570 Executing VM operation: CollectForMetadataAllocation (Metadata GC Threshold)
Event: 1,570 Executing VM operation: CollectForMetadataAllocation (Metadata GC Threshold) done
Event: 1,579 Executing VM operation: G1PauseRemark
Event: 1,582 Executing VM operation: G1PauseRemark done
Event: 1,584 Executing VM operation: G1PauseCleanup
Event: 1,584 Executing VM operation: G1PauseCleanup done
Event: 1,616 Executing VM operation: HandshakeAllThreads (Deoptimize)
Event: 1,616 Executing VM operation: HandshakeAllThreads (Deoptimize) done
Event: 1,693 Executing VM operation: HandshakeAllThreads (Deoptimize)
Event: 1,693 Executing VM operation: HandshakeAllThreads (Deoptimize) done
Event: 1,899 Executing VM operation: G1CollectForAllocation (G1 Evacuation Pause)

Memory protections (20 events):
Event: 0,032 Protecting memory [0x00007fd715156000,0x00007fd71515a000] with protection modes 0
Event: 0,033 Protecting memory [0x00007fd715056000,0x00007fd71505a000] with protection modes 0
Event: 0,067 Protecting memory [0x00007fd714f56000,0x00007fd714f5a000] with protection modes 0
Event: 0,080 Protecting memory [0x00007fd714e56000,0x00007fd714e5a000] with protection modes 0
Event: 0,083 Protecting memory [0x00007fd714d56000,0x00007fd714d5a000] with protection modes 0
Event: 0,084 Protecting memory [0x00007fd714c56000,0x00007fd714c5a000] with protection modes 0
Event: 0,142 Protecting memory [0x00007fd714b56000,0x00007fd714b5a000] with protection modes 0
Event: 0,205 Protecting memory [0x00007fd714a56000,0x00007fd714a5a000] with protection modes 0
Event: 0,205 Protecting memory [0x00007fd714956000,0x00007fd71495a000] with protection modes 0
Event: 0,516 Protecting memory [0x00007fd71467e000,0x00007fd714682000] with protection modes 0
Event: 0,536 Protecting memory [0x00007fd71457e000,0x00007fd714582000] with protection modes 0
Event: 0,569 Protecting memory [0x00007fd705cfe000,0x00007fd705d02000] with protection modes 0
Event: 0,580 Protecting memory [0x00007fd705bfe000,0x00007fd705c02000] with protection modes 0
Event: 0,797 Protecting memory [0x00007fd705afe000,0x00007fd705b02000] with protection modes 0
Event: 0,799 Protecting memory [0x00007fd7059fe000,0x00007fd705a02000] with protection modes 0
Event: 1,156 Protecting memory [0x00007fd7058fe000,0x00007fd705902000] with protection modes 0
Event: 1,187 Protecting memory [0x00007fd7058fe000,0x00007fd705902000] with protection modes 0
Event: 1,511 Protecting memory [0x00007fd7057fe000,0x00007fd705802000] with protection modes 0
Event: 1,674 Protecting memory [0x00007fd7057fe000,0x00007fd705802000] with protection modes 0
Event: 1,695 Protecting memory [0x00007fd7055fd000,0x00007fd705601000] with protection modes 0

Nmethod flushes (0 events):
No events

Events (20 events):
Event: 0,083 Thread 0x00007fd6800a5a00 Thread added: 0x00007fd6780015d0
Event: 0,084 Thread 0x00007fd6800a5a00 Thread added: 0x00007fd678002890
Event: 0,142 Thread 0x00007fd728158170 Thread added: 0x00007fd694000f50
Event: 0,205 Thread 0x00007fd72802f150 Thread added: 0x00007fd7284c3250
Event: 0,205 Thread 0x00007fd72802f150 Thread added: 0x00007fd7284c52a0
Event: 0,516 Thread 0x00007fd72802f150 Thread added: 0x00007fd7285365b0
Event: 0,536 Thread 0x00007fd7285365b0 Thread added: 0x00007fd660001f80
Event: 0,569 Thread 0x00007fd660001f80 Thread added: 0x00007fd664018870
Event: 0,580 Thread 0x00007fd660001f80 Thread added: 0x00007fd664026640
Event: 0,797 Thread 0x00007fd72802f150 Thread added: 0x00007fd72871cb60
Event: 0,799 Thread 0x00007fd72871cb60 Thread added: 0x00007fd63c002520
Event: 1,156 Thread 0x00007fd660001f80 Thread added: 0x00007fd664041ed0
Event: 1,172 Thread 0x00007fd664041ed0 Thread exited: 0x00007fd664041ed0
Event: 1,187 Thread 0x00007fd63c002520 Thread added: 0x00007fd630167f70
Event: 1,511 Thread 0x00007fd63c002520 Thread added: 0x00007fd63028d1d0
Event: 1,598 Thread 0x00007fd63028d1d0 Thread exited: 0x00007fd63028d1d0
Event: 1,674 Thread 0x00007fd660001f80 Thread added: 0x00007fd66404b400
Event: 1,695 Thread 0x00007fd7285365b0 Thread added: 0x00007fd660003160
Event: 1,695 Thread 0x00007fd66404b400 Thread exited: 0x00007fd66404b400
Event: 1,714 Thread 0x00007fd630167f70 Thread exited: 0x00007fd630167f70


Dynamic libraries:
6aa400000-6ad800000 rw-p 00000000 00:00 0 
6ad800000-6be400000 ---p 00000000 00:00 0 
6be400000-6bec00000 rw-p 00000000 00:00 0 
6bec00000-6bf800000 ---p 00000000 00:00 0 
6bf800000-6bfc00000 rw-p 00000000 00:00 0 
6bfc00000-7ffc00000 ---p 00000000 00:00 0 
7ffc00000-7ffd0d000 rw-p 00cd8000 00:22 1688722                          /usr/lib/jvm/java-21-openjdk/lib/server/classes.jsa
7ffd0d000-800000000 rw-p 00000000 00:00 0 
55fcc3d10000-55fcc3d11000 r--p 00000000 00:22 1688428                    /usr/lib/jvm/java-21-openjdk/bin/java
55fcc3d11000-55fcc3d12000 r-xp 00001000 00:22 1688428                    /usr/lib/jvm/java-21-openjdk/bin/java
55fcc3d12000-55fcc3d13000 r--p 00002000 00:22 1688428                    /usr/lib/jvm/java-21-openjdk/bin/java
55fcc3d13000-55fcc3d14000 r--p 00002000 00:22 1688428                    /usr/lib/jvm/java-21-openjdk/bin/java
55fcc3d14000-55fcc3d15000 rw-p 00003000 00:22 1688428                    /usr/lib/jvm/java-21-openjdk/bin/java
55fd0224e000-55fd02296000 rw-p 00000000 00:00 0                          [heap]
7fd620000000-7fd620021000 rw-p 00000000 00:00 0 
7fd620021000-7fd624000000 ---p 00000000 00:00 0 
7fd628000000-7fd62806d000 rw-p 00000000 00:00 0 
7fd62806d000-7fd62c000000 ---p 00000000 00:00 0 
7fd62c000000-7fd62c021000 rw-p 00000000 00:00 0 
7fd62c021000-7fd630000000 ---p 00000000 00:00 0 
7fd630000000-7fd6303bd000 rw-p 00000000 00:00 0 
7fd6303bd000-7fd634000000 ---p 00000000 00:00 0 
7fd634000000-7fd63439b000 rw-p 00000000 00:00 0 
7fd63439b000-7fd638000000 ---p 00000000 00:00 0 
7fd638000000-7fd638021000 rw-p 00000000 00:00 0 
7fd638021000-7fd63c000000 ---p 00000000 00:00 0 
7fd63c000000-7fd63c021000 rw-p 00000000 00:00 0 
7fd63c021000-7fd640000000 ---p 00000000 00:00 0 
7fd640000000-7fd640021000 rw-p 00000000 00:00 0 
7fd640021000-7fd644000000 ---p 00000000 00:00 0 
7fd644000000-7fd644021000 rw-p 00000000 00:00 0 
7fd644021000-7fd648000000 ---p 00000000 00:00 0 
7fd648000000-7fd648021000 rw-p 00000000 00:00 0 
7fd648021000-7fd64c000000 ---p 00000000 00:00 0 
7fd64c000000-7fd64c021000 rw-p 00000000 00:00 0 
7fd64c021000-7fd650000000 ---p 00000000 00:00 0 
7fd650000000-7fd650021000 rw-p 00000000 00:00 0 
7fd650021000-7fd654000000 ---p 00000000 00:00 0 
7fd654000000-7fd654076000 rw-p 00000000 00:00 0 
7fd654076000-7fd658000000 ---p 00000000 00:00 0 
7fd658000000-7fd658021000 rw-p 00000000 00:00 0 
7fd658021000-7fd65c000000 ---p 00000000 00:00 0 
7fd65c000000-7fd65c021000 rw-p 00000000 00:00 0 
7fd65c021000-7fd660000000 ---p 00000000 00:00 0 
7fd660000000-7fd660021000 rw-p 00000000 00:00 0 
7fd660021000-7fd664000000 ---p 00000000 00:00 0 
7fd664000000-7fd66404e000 rw-p 00000000 00:00 0 
7fd66404e000-7fd668000000 ---p 00000000 00:00 0 
7fd668000000-7fd668021000 rw-p 00000000 00:00 0 
7fd668021000-7fd66c000000 ---p 00000000 00:00 0 
7fd66c000000-7fd66c021000 rw-p 00000000 00:00 0 
7fd66c021000-7fd670000000 ---p 00000000 00:00 0 
7fd670000000-7fd670106000 rw-p 00000000 00:00 0 
7fd670106000-7fd674000000 ---p 00000000 00:00 0 
7fd674000000-7fd674029000 rw-p 00000000 00:00 0 
7fd674029000-7fd678000000 ---p 00000000 00:00 0 
7fd678000000-7fd678111000 rw-p 00000000 00:00 0 
7fd678111000-7fd67c000000 ---p 00000000 00:00 0 
7fd67c000000-7fd67c165000 rw-p 00000000 00:00 0 
7fd67c165000-7fd680000000 ---p 00000000 00:00 0 
7fd680000000-7fd6801be000 rw-p 00000000 00:00 0 
7fd6801be000-7fd684000000 ---p 00000000 00:00 0 
7fd684000000-7fd684021000 rw-p 00000000 00:00 0 
7fd684021000-7fd688000000 ---p 00000000 00:00 0 
7fd688000000-7fd688021000 rw-p 00000000 00:00 0 
7fd688021000-7fd68c000000 ---p 00000000 00:00 0 
7fd68c000000-7fd68c021000 rw-p 00000000 00:00 0 
7fd68c021000-7fd690000000 ---p 00000000 00:00 0 
7fd690000000-7fd690021000 rw-p 00000000 00:00 0 
7fd690021000-7fd694000000 ---p 00000000 00:00 0 
7fd694000000-7fd694021000 rw-p 00000000 00:00 0 
7fd694021000-7fd698000000 ---p 00000000 00:00 0 
7fd698000000-7fd698021000 rw-p 00000000 00:00 0 
7fd698021000-7fd69c000000 ---p 00000000 00:00 0 
7fd69e000000-7fd6abe70000 r--p 00000000 00:22 1604568                    /usr/lib/locale/locale-archive
7fd6ac000000-7fd6ac021000 rw-p 00000000 00:00 0 
7fd6ac021000-7fd6b0000000 ---p 00000000 00:00 0 
7fd6b3000000-7fd6b3400000 rw-p 00000000 00:00 0 
7fd6b3400000-7fd6b34c0000 rw-p 00000000 00:00 0 
7fd6b34c0000-7fd6b3500000 rw-p 00000000 00:00 0 
7fd6b3500000-7fd6b3780000 rw-p 00000000 00:00 0 
7fd6b3780000-7fd6b3800000 rw-p 00000000 00:00 0 
7fd6b3800000-7fd6b3980000 rw-p 00000000 00:00 0 
7fd6b3980000-7fd6b3a00000 rw-p 00000000 00:00 0 
7fd6b3a00000-7fd6b3f00000 rw-p 00000000 00:00 0 
7fd6b3f00000-7fd6b3f80000 rw-p 00000000 00:00 0 
7fd6b3f80000-7fd6b4000000 ---p 00000000 00:00 0 
7fd6b4000000-7fd6b44f0000 rw-p 00000000 00:00 0 
7fd6b44f0000-7fd6b7000000 ---p 00000000 00:00 0 
7fd6b7000000-7fd6b7c99000 rw-p 00001000 00:22 1688722                    /usr/lib/jvm/java-21-openjdk/lib/server/classes.jsa
7fd6b7c99000-7fd6b8000000 ---p 00000000 00:00 0 
7fd6b8000000-7fd6b8020000 rw-p 00000000 00:00 0 
7fd6b8020000-7fd6b8040000 rw-p 00000000 00:00 0 
7fd6b8040000-7fd6b80c0000 rw-p 00000000 00:00 0 
7fd6b80c0000-7fd6b8140000 rw-p 00000000 00:00 0 
7fd6b8140000-7fd6b8180000 rw-p 00000000 00:00 0 
7fd6b8180000-7fd6b8360000 rw-p 00000000 00:00 0 
7fd6b8360000-7fd6f8000000 ---p 00000000 00:00 0 
7fd6f8000000-7fd6f8021000 rw-p 00000000 00:00 0 
7fd6f8021000-7fd6fc000000 ---p 00000000 00:00 0 
7fd6fc000000-7fd6fc021000 rw-p 00000000 00:00 0 
7fd6fc021000-7fd700000000 ---p 00000000 00:00 0 
7fd700000000-7fd700021000 rw-p 00000000 00:00 0 
7fd700021000-7fd704000000 ---p 00000000 00:00 0 
7fd705191000-7fd7055fd000 rw-p 00000000 00:00 0 
7fd7055fd000-7fd705601000 ---p 00000000 00:00 0 
7fd705601000-7fd7056fd000 rw-p 00000000 00:00 0 
7fd7056fd000-7fd7056fe000 ---p 00000000 00:00 0 
7fd7056fe000-7fd7057fe000 rw-p 00000000 00:00 0 
7fd7057fe000-7fd705802000 ---p 00000000 00:00 0 
7fd705802000-7fd7058fe000 rw-p 00000000 00:00 0 
7fd7058fe000-7fd705902000 ---p 00000000 00:00 0 
7fd705902000-7fd7059fe000 rw-p 00000000 00:00 0 
7fd7059fe000-7fd705a02000 ---p 00000000 00:00 0 
7fd705a02000-7fd705afe000 rw-p 00000000 00:00 0 
7fd705afe000-7fd705b02000 ---p 00000000 00:00 0 
7fd705b02000-7fd705bfe000 rw-p 00000000 00:00 0 
7fd705bfe000-7fd705c02000 ---p 00000000 00:00 0 
7fd705c02000-7fd705cfe000 rw-p 00000000 00:00 0 
7fd705cfe000-7fd705d02000 ---p 00000000 00:00 0 
7fd705d02000-7fd705dfe000 rw-p 00000000 00:00 0 
7fd705dfe000-7fd705dff000 ---p 00000000 00:00 0 
7fd705dff000-7fd705eff000 rw-p 00000000 00:00 0 
7fd705eff000-7fd705f00000 ---p 00000000 00:00 0 
7fd705f00000-7fd706000000 rw-p 00000000 00:00 0 
7fd706000000-7fd708021000 rw-p 00000000 00:00 0 
7fd708021000-7fd70c000000 ---p 00000000 00:00 0 
7fd70c000000-7fd70c021000 rw-p 00000000 00:00 0 
7fd70c021000-7fd710000000 ---p 00000000 00:00 0 
7fd710000000-7fd710021000 rw-p 00000000 00:00 0 
7fd710021000-7fd714000000 ---p 00000000 00:00 0 
7fd71402a000-7fd714079000 rw-p 00000000 00:00 0 
7fd714079000-7fd71407a000 ---p 00000000 00:00 0 
7fd71407a000-7fd71417a000 rw-p 00000000 00:00 0 
7fd71417a000-7fd71417b000 ---p 00000000 00:00 0 
7fd71417b000-7fd71427b000 rw-p 00000000 00:00 0 
7fd71427b000-7fd71427c000 ---p 00000000 00:00 0 
7fd71427c000-7fd71437c000 rw-p 00000000 00:00 0 
7fd71437c000-7fd71437d000 ---p 00000000 00:00 0 
7fd71437d000-7fd71447d000 rw-p 00000000 00:00 0 
7fd71447d000-7fd71447e000 ---p 00000000 00:00 0 
7fd71447e000-7fd71457e000 rw-p 00000000 00:00 0 
7fd71457e000-7fd714582000 ---p 00000000 00:00 0 
7fd714582000-7fd71467e000 rw-p 00000000 00:00 0 
7fd71467e000-7fd714682000 ---p 00000000 00:00 0 
7fd714682000-7fd71477e000 rw-p 00000000 00:00 0 
7fd71477e000-7fd7147a1000 r-xp 00000000 00:22 1596126                    /usr/lib64/libgcc_s-15-20250329.so.1
7fd7147a1000-7fd7147a8000 r--p 00023000 00:22 1596126                    /usr/lib64/libgcc_s-15-20250329.so.1
7fd7147a8000-7fd7147a9000 r--p 0002a000 00:22 1596126                    /usr/lib64/libgcc_s-15-20250329.so.1
7fd7147a9000-7fd7147aa000 rw-p 00000000 00:00 0 
7fd7147aa000-7fd7147c0000 r-xp 00000000 00:22 1843212                    /usr/lib64/libnss_myhostname.so.2
7fd7147c0000-7fd7147cf000 r--p 00016000 00:22 1843212                    /usr/lib64/libnss_myhostname.so.2
7fd7147cf000-7fd7147d4000 r--p 00024000 00:22 1843212                    /usr/lib64/libnss_myhostname.so.2
7fd7147d4000-7fd7147d5000 rw-p 00029000 00:22 1843212                    /usr/lib64/libnss_myhostname.so.2
7fd7147d5000-7fd7147fd000 r-xp 00000000 00:22 1607481                    /usr/lib64/libnspr4.so
7fd7147fd000-7fd714811000 r--p 00028000 00:22 1607481                    /usr/lib64/libnspr4.so
7fd714811000-7fd714813000 r--p 0003b000 00:22 1607481                    /usr/lib64/libnspr4.so
7fd714813000-7fd714814000 rw-p 0003d000 00:22 1607481                    /usr/lib64/libnspr4.so
7fd714814000-7fd714817000 rw-p 00000000 00:00 0 
7fd714817000-7fd714903000 r-xp 00000000 00:22 1688316                    /usr/lib64/libnss3.so
7fd714903000-7fd71494c000 r--p 000ec000 00:22 1688316                    /usr/lib64/libnss3.so
7fd71494c000-7fd714953000 r--p 00134000 00:22 1688316                    /usr/lib64/libnss3.so
7fd714953000-7fd714954000 rw-p 0013b000 00:22 1688316                    /usr/lib64/libnss3.so
7fd714954000-7fd714956000 rw-p 00000000 00:00 0 
7fd714956000-7fd71495a000 ---p 00000000 00:00 0 
7fd71495a000-7fd714a56000 rw-p 00000000 00:00 0 
7fd714a56000-7fd714a5a000 ---p 00000000 00:00 0 
7fd714a5a000-7fd714b56000 rw-p 00000000 00:00 0 
7fd714b56000-7fd714b5a000 ---p 00000000 00:00 0 
7fd714b5a000-7fd714c56000 rw-p 00000000 00:00 0 
7fd714c56000-7fd714c5a000 ---p 00000000 00:00 0 
7fd714c5a000-7fd714d56000 rw-p 00000000 00:00 0 
7fd714d56000-7fd714d5a000 ---p 00000000 00:00 0 
7fd714d5a000-7fd714e56000 rw-p 00000000 00:00 0 
7fd714e56000-7fd714e5a000 ---p 00000000 00:00 0 
7fd714e5a000-7fd714f56000 rw-p 00000000 00:00 0 
7fd714f56000-7fd714f5a000 ---p 00000000 00:00 0 
7fd714f5a000-7fd715056000 rw-p 00000000 00:00 0 
7fd715056000-7fd71505a000 ---p 00000000 00:00 0 
7fd71505a000-7fd715156000 rw-p 00000000 00:00 0 
7fd715156000-7fd71515a000 ---p 00000000 00:00 0 
7fd71515a000-7fd715256000 rw-p 00000000 00:00 0 
7fd715256000-7fd71525a000 ---p 00000000 00:00 0 
7fd71525a000-7fd715356000 rw-p 00000000 00:00 0 
7fd715356000-7fd71535a000 ---p 00000000 00:00 0 
7fd71535a000-7fd715456000 rw-p 00000000 00:00 0 
7fd715456000-7fd71545a000 ---p 00000000 00:00 0 
7fd71545a000-7fd715556000 rw-p 00000000 00:00 0 
7fd715556000-7fd71555a000 ---p 00000000 00:00 0 
7fd71555a000-7fd715656000 rw-p 00000000 00:00 0 
7fd715656000-7fd715657000 ---p 00000000 00:00 0 
7fd715657000-7fd715757000 rw-p 00000000 00:00 0 
7fd715757000-7fd715758000 ---p 00000000 00:00 0 
7fd715758000-7fd715858000 rw-p 00000000 00:00 0 
7fd715858000-7fd7158d9000 rw-p 00000000 00:00 0 
7fd7158d9000-7fd7158da000 ---p 00000000 00:00 0 
7fd7158da000-7fd7159da000 rw-p 00000000 00:00 0 
7fd7159da000-7fd7159db000 ---p 00000000 00:00 0 
7fd7159db000-7fd715adb000 rw-p 00000000 00:00 0 
7fd715adb000-7fd7162b2000 rw-p 00000000 00:00 0 
7fd7162b2000-7fd7166e2000 ---p 00000000 00:00 0 
7fd7166e2000-7fd716702000 rw-p 00000000 00:00 0 
7fd716702000-7fd716732000 ---p 00000000 00:00 0 
7fd716732000-7fd716742000 rw-p 00000000 00:00 0 
7fd716742000-7fd71b742000 ---p 00000000 00:00 0 
7fd71b742000-7fd71b76c000 rw-p 00000000 00:00 0 
7fd71b76c000-7fd71b7f2000 ---p 00000000 00:00 0 
7fd71b7f2000-7fd71b7f6000 rw-p 00000000 00:00 0 
7fd71b7f6000-7fd71b7fc000 ---p 00000000 00:00 0 
7fd71b7fc000-7fd71b7fe000 rw-p 00000000 00:00 0 
7fd71b7fe000-7fd71c1fe000 ---p 00000000 00:00 0 
7fd71c1fe000-7fd71c200000 rw-p 00000000 00:00 0 
7fd71c200000-7fd71c9b0000 rwxp 00000000 00:00 0 
7fd71c9b0000-7fd71f200000 ---p 00000000 00:00 0 
7fd71f200000-7fd727e8c000 r--s 00000000 00:22 1688718                    /usr/lib/jvm/java-21-openjdk/lib/modules
7fd727ea8000-7fd727eae000 r-xp 00000000 00:22 1612057                    /usr/lib64/libcap.so.2.73
7fd727eae000-7fd727eb2000 r--p 00006000 00:22 1612057                    /usr/lib64/libcap.so.2.73
7fd727eb2000-7fd727eb3000 r--p 00009000 00:22 1612057                    /usr/lib64/libcap.so.2.73
7fd727eb3000-7fd727eb4000 rw-p 0000a000 00:22 1612057                    /usr/lib64/libcap.so.2.73
7fd727ecb000-7fd727ecd000 r-xp 00000000 00:22 1607483                    /usr/lib64/libplds4.so
7fd727ecd000-7fd727ecf000 r--p 00002000 00:22 1607483                    /usr/lib64/libplds4.so
7fd727ecf000-7fd727ed0000 r--p 00003000 00:22 1607483                    /usr/lib64/libplds4.so
7fd727ed0000-7fd727ed1000 rw-p 00004000 00:22 1607483                    /usr/lib64/libplds4.so
7fd727ed1000-7fd727ee5000 r-xp 00000000 00:22 1607727                    /usr/lib64/libnssutil3.so
7fd727ee5000-7fd727ef7000 r--p 00014000 00:22 1607727                    /usr/lib64/libnssutil3.so
7fd727ef7000-7fd727efe000 r--p 00026000 00:22 1607727                    /usr/lib64/libnssutil3.so
7fd727efe000-7fd727eff000 rw-p 0002d000 00:22 1607727                    /usr/lib64/libnssutil3.so
7fd727eff000-7fd728725000 rw-p 00000000 00:00 0 
7fd728725000-7fd72c000000 ---p 00000000 00:00 0 
7fd72c001000-7fd72c004000 r-xp 00000000 00:22 1607482                    /usr/lib64/libplc4.so
7fd72c004000-7fd72c006000 r--p 00003000 00:22 1607482                    /usr/lib64/libplc4.so
7fd72c006000-7fd72c007000 r--p 00004000 00:22 1607482                    /usr/lib64/libplc4.so
7fd72c007000-7fd72c008000 rw-p 00005000 00:22 1607482                    /usr/lib64/libplc4.so
7fd72c00a000-7fd72c011000 r--s 00000000 00:22 1924132                    /usr/lib64/gconv/gconv-modules.cache
7fd72c011000-7fd72c013000 r--p 00000000 00:22 1688706                    /usr/lib/jvm/java-21-openjdk/lib/libmanagement_ext.so
7fd72c013000-7fd72c016000 r-xp 00002000 00:22 1688706                    /usr/lib/jvm/java-21-openjdk/lib/libmanagement_ext.so
7fd72c016000-7fd72c017000 r--p 00005000 00:22 1688706                    /usr/lib/jvm/java-21-openjdk/lib/libmanagement_ext.so
7fd72c017000-7fd72c018000 r--p 00006000 00:22 1688706                    /usr/lib/jvm/java-21-openjdk/lib/libmanagement_ext.so
7fd72c018000-7fd72c019000 rw-p 00000000 00:00 0 
7fd72c019000-7fd72c01b000 r--p 00000000 00:22 1688704                    /usr/lib/jvm/java-21-openjdk/lib/libmanagement.so
7fd72c01b000-7fd72c01c000 r-xp 00002000 00:22 1688704                    /usr/lib/jvm/java-21-openjdk/lib/libmanagement.so
7fd72c01c000-7fd72c01d000 r--p 00003000 00:22 1688704                    /usr/lib/jvm/java-21-openjdk/lib/libmanagement.so
7fd72c01d000-7fd72c01e000 r--p 00003000 00:22 1688704                    /usr/lib/jvm/java-21-openjdk/lib/libmanagement.so
7fd72c01e000-7fd72c01f000 rw-p 00000000 00:00 0 
7fd72c01f000-7fd72c020000 r--p 00000000 00:22 1688715                    /usr/lib/jvm/java-21-openjdk/lib/libsystemconf.so
7fd72c020000-7fd72c021000 r-xp 00001000 00:22 1688715                    /usr/lib/jvm/java-21-openjdk/lib/libsystemconf.so
7fd72c021000-7fd72c022000 r--p 00002000 00:22 1688715                    /usr/lib/jvm/java-21-openjdk/lib/libsystemconf.so
7fd72c022000-7fd72c023000 r--p 00002000 00:22 1688715                    /usr/lib/jvm/java-21-openjdk/lib/libsystemconf.so
7fd72c023000-7fd72c024000 rw-p 00000000 00:00 0 
7fd72c024000-7fd72c027000 r--p 00000000 00:22 1688708                    /usr/lib/jvm/java-21-openjdk/lib/libnet.so
7fd72c027000-7fd72c02f000 r-xp 00003000 00:22 1688708                    /usr/lib/jvm/java-21-openjdk/lib/libnet.so
7fd72c02f000-7fd72c031000 r--p 0000b000 00:22 1688708                    /usr/lib/jvm/java-21-openjdk/lib/libnet.so
7fd72c031000-7fd72c032000 r--p 0000c000 00:22 1688708                    /usr/lib/jvm/java-21-openjdk/lib/libnet.so
7fd72c032000-7fd72c033000 rw-p 00000000 00:00 0 
7fd72c033000-7fd72c035000 r--p 00000000 00:22 1688717                    /usr/lib/jvm/java-21-openjdk/lib/libzip.so
7fd72c035000-7fd72c048000 r-xp 00002000 00:22 1688717                    /usr/lib/jvm/java-21-openjdk/lib/libzip.so
7fd72c048000-7fd72c050000 r--p 00015000 00:22 1688717                    /usr/lib/jvm/java-21-openjdk/lib/libzip.so
7fd72c050000-7fd72c051000 r--p 0001c000 00:22 1688717                    /usr/lib/jvm/java-21-openjdk/lib/libzip.so
7fd72c051000-7fd72c0ee000 rw-p 00000000 00:00 0 
7fd72c0ee000-7fd72c0ef000 ---p 00000000 00:00 0 
7fd72c0ef000-7fd72c1ef000 rw-p 00000000 00:00 0 
7fd72c1ef000-7fd72c1f0000 ---p 00000000 00:00 0 
7fd72c1f0000-7fd72c2f0000 rw-p 00000000 00:00 0 
7fd72c2f0000-7fd72c2f1000 ---p 00000000 00:00 0 
7fd72c2f1000-7fd72c3f1000 rw-p 00000000 00:00 0 
7fd72c3f1000-7fd72c464000 rw-p 00000000 00:00 0 
7fd72c464000-7fd72c4ea000 ---p 00000000 00:00 0 
7fd72c4ea000-7fd72c4ee000 rw-p 00000000 00:00 0 
7fd72c4ee000-7fd72c4f4000 ---p 00000000 00:00 0 
7fd72c4f4000-7fd72c4f6000 rw-p 00000000 00:00 0 
7fd72c4f6000-7fd72cef6000 ---p 00000000 00:00 0 
7fd72cef6000-7fd72d700000 rw-p 00000000 00:00 0 
7fd72d700000-7fd72d704000 ---p 00000000 00:00 0 
7fd72d704000-7fd72d800000 rw-p 00000000 00:00 0 
7fd72d800000-7fd72d80f000 r--p 00000000 00:22 1688725                    /usr/lib/jvm/java-21-openjdk/lib/server/libjvm.so
7fd72d80f000-7fd72e723000 r-xp 0000f000 00:22 1688725                    /usr/lib/jvm/java-21-openjdk/lib/server/libjvm.so
7fd72e723000-7fd72e9fc000 r--p 00f23000 00:22 1688725                    /usr/lib/jvm/java-21-openjdk/lib/server/libjvm.so
7fd72e9fc000-7fd72ead3000 r--p 011fb000 00:22 1688725                    /usr/lib/jvm/java-21-openjdk/lib/server/libjvm.so
7fd72ead3000-7fd72eb03000 rw-p 012d2000 00:22 1688725                    /usr/lib/jvm/java-21-openjdk/lib/server/libjvm.so
7fd72eb03000-7fd72eb6a000 rw-p 00000000 00:00 0 
7fd72eb6a000-7fd72eb71000 r--p 00000000 00:22 1688709                    /usr/lib/jvm/java-21-openjdk/lib/libnio.so
7fd72eb71000-7fd72eb7b000 r-xp 00007000 00:22 1688709                    /usr/lib/jvm/java-21-openjdk/lib/libnio.so
7fd72eb7b000-7fd72eb7f000 r--p 00011000 00:22 1688709                    /usr/lib/jvm/java-21-openjdk/lib/libnio.so
7fd72eb7f000-7fd72eb80000 r--p 00015000 00:22 1688709                    /usr/lib/jvm/java-21-openjdk/lib/libnio.so
7fd72eb80000-7fd72eb81000 rw-p 00016000 00:22 1688709                    /usr/lib/jvm/java-21-openjdk/lib/libnio.so
7fd72eb81000-7fd72eb91000 rw-p 00000000 00:00 0 
7fd72eb91000-7fd72ebe1000 ---p 00000000 00:00 0 
7fd72ebe1000-7fd72ebe9000 rw-s 00000000 00:2d 295                        /tmp/hsperfdata_isaac/8662
7fd72ebe9000-7fd72ebf3000 r--p 00000000 00:22 1688694                    /usr/lib/jvm/java-21-openjdk/lib/libjava.so
7fd72ebf3000-7fd72ec03000 r-xp 0000a000 00:22 1688694                    /usr/lib/jvm/java-21-openjdk/lib/libjava.so
7fd72ec03000-7fd72ec08000 r--p 0001a000 00:22 1688694                    /usr/lib/jvm/java-21-openjdk/lib/libjava.so
7fd72ec08000-7fd72ec09000 r--p 0001f000 00:22 1688694                    /usr/lib/jvm/java-21-openjdk/lib/libjava.so
7fd72ec09000-7fd72ec0a000 rw-p 00020000 00:22 1688694                    /usr/lib/jvm/java-21-openjdk/lib/libjava.so
7fd72ec0a000-7fd72ec0b000 rw-p 00000000 00:00 0 
7fd72ec0b000-7fd72ec0d000 r--p 00000000 00:22 1688697                    /usr/lib/jvm/java-21-openjdk/lib/libjimage.so
7fd72ec0d000-7fd72ec25000 r-xp 00002000 00:22 1688697                    /usr/lib/jvm/java-21-openjdk/lib/libjimage.so
7fd72ec25000-7fd72ec2b000 r--p 0001a000 00:22 1688697                    /usr/lib/jvm/java-21-openjdk/lib/libjimage.so
7fd72ec2b000-7fd72ec2d000 r--p 0001f000 00:22 1688697                    /usr/lib/jvm/java-21-openjdk/lib/libjimage.so
7fd72ec2d000-7fd72ec2e000 rw-p 00021000 00:22 1688697                    /usr/lib/jvm/java-21-openjdk/lib/libjimage.so
7fd72ec2e000-7fd72ecaa000 r-xp 00000000 00:22 1604649                    /usr/lib64/libm.so.6
7fd72ecaa000-7fd72ed1a000 r--p 0007c000 00:22 1604649                    /usr/lib64/libm.so.6
7fd72ed1a000-7fd72ed1b000 r--p 000eb000 00:22 1604649                    /usr/lib64/libm.so.6
7fd72ed1b000-7fd72ed1c000 rw-p 000ec000 00:22 1604649                    /usr/lib64/libm.so.6
7fd72ed1c000-7fd72ed1f000 rw-p 00000000 00:00 0 
7fd72ed1f000-7fd72ee8f000 r-xp 00000000 00:22 1604647                    /usr/lib64/libc.so.6
7fd72ee8f000-7fd72ef04000 r--p 00170000 00:22 1604647                    /usr/lib64/libc.so.6
7fd72ef04000-7fd72ef08000 r--p 001e4000 00:22 1604647                    /usr/lib64/libc.so.6
7fd72ef08000-7fd72ef0a000 rw-p 001e8000 00:22 1604647                    /usr/lib64/libc.so.6
7fd72ef0a000-7fd72ef12000 rw-p 00000000 00:00 0 
7fd72ef12000-7fd72ef13000 rw-p 00000000 00:00 0 
7fd72ef13000-7fd72ef14000 r--p 00000000 00:22 1688686                    /usr/lib/jvm/java-21-openjdk/lib/libextnet.so
7fd72ef14000-7fd72ef15000 r-xp 00001000 00:22 1688686                    /usr/lib/jvm/java-21-openjdk/lib/libextnet.so
7fd72ef15000-7fd72ef16000 r--p 00002000 00:22 1688686                    /usr/lib/jvm/java-21-openjdk/lib/libextnet.so
7fd72ef16000-7fd72ef17000 r--p 00002000 00:22 1688686                    /usr/lib/jvm/java-21-openjdk/lib/libextnet.so
7fd72ef17000-7fd72ef18000 rw-p 00000000 00:00 0 
7fd72ef18000-7fd72ef1a000 r--p 00000000 00:22 1688689                    /usr/lib/jvm/java-21-openjdk/lib/libinstrument.so
7fd72ef1a000-7fd72ef21000 r-xp 00002000 00:22 1688689                    /usr/lib/jvm/java-21-openjdk/lib/libinstrument.so
7fd72ef21000-7fd72ef24000 r--p 00009000 00:22 1688689                    /usr/lib/jvm/java-21-openjdk/lib/libinstrument.so
7fd72ef24000-7fd72ef25000 r--p 0000b000 00:22 1688689                    /usr/lib/jvm/java-21-openjdk/lib/libinstrument.so
7fd72ef25000-7fd72ef26000 rw-p 0000c000 00:22 1688689                    /usr/lib/jvm/java-21-openjdk/lib/libinstrument.so
7fd72ef26000-7fd72ef27000 ---p 00000000 00:00 0 
7fd72ef27000-7fd72ef28000 r--p 00000000 00:00 0 
7fd72ef28000-7fd72ef29000 ---p 00000000 00:00 0 
7fd72ef29000-7fd72ef2b000 r--p 00000000 00:22 1688698                    /usr/lib/jvm/java-21-openjdk/lib/libjli.so
7fd72ef2b000-7fd72ef3d000 r-xp 00002000 00:22 1688698                    /usr/lib/jvm/java-21-openjdk/lib/libjli.so
7fd72ef3d000-7fd72ef44000 r--p 00014000 00:22 1688698                    /usr/lib/jvm/java-21-openjdk/lib/libjli.so
7fd72ef44000-7fd72ef45000 r--p 0001a000 00:22 1688698                    /usr/lib/jvm/java-21-openjdk/lib/libjli.so
7fd72ef45000-7fd72ef46000 rw-p 0001b000 00:22 1688698                    /usr/lib/jvm/java-21-openjdk/lib/libjli.so
7fd72ef46000-7fd72ef48000 rw-p 00000000 00:00 0 
7fd72ef48000-7fd72ef4a000 r--p 00000000 00:00 0                          [vvar]
7fd72ef4a000-7fd72ef4c000 r--p 00000000 00:00 0                          [vvar_vclock]
7fd72ef4c000-7fd72ef4e000 r-xp 00000000 00:00 0                          [vdso]
7fd72ef4e000-7fd72ef77000 r-xp 00000000 00:22 1604644                    /usr/lib64/ld-linux-x86-64.so.2
7fd72ef77000-7fd72ef82000 r--p 00029000 00:22 1604644                    /usr/lib64/ld-linux-x86-64.so.2
7fd72ef82000-7fd72ef84000 r--p 00034000 00:22 1604644                    /usr/lib64/ld-linux-x86-64.so.2
7fd72ef84000-7fd72ef85000 rw-p 00036000 00:22 1604644                    /usr/lib64/ld-linux-x86-64.so.2
7fd72ef85000-7fd72ef86000 rw-p 00000000 00:00 0 
7ffe2cd2b000-7ffe2cd4e000 rw-p 00000000 00:00 0                          [stack]
ffffffffff600000-ffffffffff601000 --xp 00000000 00:00 0                  [vsyscall]
Total number of mappings: 339


VM Arguments:
jvm_args: -XX:TieredStopAtLevel=1 -Dspring.output.ansi.enabled=always -Dcom.sun.management.jmxremote -Dspring.jmx.enabled=true -Dspring.liveBeansView.mbeanDomain -Dspring.application.admin.enabled=true -Dmanagement.endpoints.jmx.exposure.include=* -javaagent:/home/isaac/.local/share/JetBrains/Toolbox/apps/intellij-idea-ultimate/lib/idea_rt.jar=36243 -Dfile.encoding=UTF-8 -Dsun.stdout.encoding=UTF-8 -Dsun.stderr.encoding=UTF-8 
java_command: br.appLogin.appLogin.AppLoginApplication
java_class_path (initial): /home/isaac/IdeaProjects/AppLogin/target/classes:/home/isaac/.m2/repository/org/springframework/boot/spring-boot-starter-data-jpa/3.4.4/spring-boot-starter-data-jpa-3.4.4.jar:/home/isaac/.m2/repository/org/springframework/boot/spring-boot-starter/3.4.4/spring-boot-starter-3.4.4.jar:/home/isaac/.m2/repository/org/springframework/boot/spring-boot-starter-logging/3.4.4/spring-boot-starter-logging-3.4.4.jar:/home/isaac/.m2/repository/ch/qos/logback/logback-classic/1.5.18/logback-classic-1.5.18.jar:/home/isaac/.m2/repository/ch/qos/logback/logback-core/1.5.18/logback-core-1.5.18.jar:/home/isaac/.m2/repository/org/apache/logging/log4j/log4j-to-slf4j/2.24.3/log4j-to-slf4j-2.24.3.jar:/home/isaac/.m2/repository/org/apache/logging/log4j/log4j-api/2.24.3/log4j-api-2.24.3.jar:/home/isaac/.m2/repository/org/slf4j/jul-to-slf4j/2.0.17/jul-to-slf4j-2.0.17.jar:/home/isaac/.m2/repository/jakarta/annotation/jakarta.annotation-api/2.1.1/jakarta.annotation-api-2.1.1.jar:/home/isaac/.m2/repository/org/yaml/snakeyaml/2.3/snakeyaml-2.3.jar:/home/isaac/.m2/repository/org/springframework/boot/spring-boot-starter-jdbc/3.4.4/spring-boot-starter-jdbc-3.4.4.jar:/home/isaac/.m2/repository/com/zaxxer/HikariCP/5.1.0/HikariCP-5.1.0.jar:/home/isaac/.m2/repository/org/springframework/spring-jdbc/6.2.5/spring-jdbc-6.2.5.jar:/home/isaac/.m2/repository/org/hibernate/orm/hibernate-core/6.6.11.Final/hibernate-core-6.6.11.Final.jar:/home/isaac/.m2/repository/jakarta/persistence/jakarta.persistence-api/3.1.0/jakarta.persistence-api-3.1.0.jar:/home/isaac/.m2/repository/jakarta/transaction/jakarta.transaction-api/2.0.1/jakarta.transaction-api-2.0.1.jar:/home/isaac/.m2/repository/org/jboss/logging/jboss-logging/3.6.1.Final/jboss-logging-3.6.1.Final.jar:/home/isaac/.m2/repository/org/hibernate/common/hibernate-commons-annotations/7.0.3.Final/hibernate-commons-annotations-7.0.3.Final.jar:/home/isaac/.m2/repository/io/smallrye/jandex/3.2.0/jandex-3.2.0.jar:/home/isaac/.m2/repository/com/fasterxml/classmate/1.7.0/classmate-1.7.0.jar:/home/isaac/.m2/repository/net/bytebuddy/byte-buddy/1.15.11/byte-buddy-1.15.11.jar:/home/isaac/.m2/repository/org/glassfish/jaxb/jaxb-runtime/4.0.5/jaxb-runtime-4.0.5.jar:/home/isaac/.m2/repository/org/glassfish/jaxb/jaxb-core/4.0.5/jaxb-core-4.0.5.jar:/home/isaac/.m2/repository/org/eclipse/angus/angus-activation/2.0.2/angus-activation-2.0.2.jar:/home/isaac/.m2/repository/org/glassfish/jaxb/txw2/4.0.5/txw2-4.0.5.jar:/home/isaac/.m2/repository/com/sun/istack/istack-commons-runtime/4.1.2/istack-commons-runtime-4.1.2.jar:/home/isaac/.m2/repository/jakarta/inject/jakarta.inject-api/2.0.1/jakarta.inject-api-2.0.1.jar:/home/isaac/.m2/repository/org/antlr/antlr4-runtime/4.13.0/antlr4-runtime-4.13.0.jar:/home/isaac/.m2/repository/org/springframework/data/spring-data-jpa/3.4.4/spring-data-jpa-3.4.4.jar:/home/isaac/.m2/repository/org/springframework/data/spring-data-commons/3.4.4/spring-data-commons-3.4.4.jar:/home/isaac/.m2/repository/org/springframework/spring-orm/6.2.5/spring-orm-6.2.5.jar:/home/isaac/.m2/repository/org/springframework/spring-context/6.2.5/spring-context-6.2.5.jar:/home/isaac/.m2/repository/org/springframework/spring-aop/6.2.5/spring-aop-6.2.5.jar:/home/isaac/.m2/repository/org/springframework/spring-tx/6.2.5/spring-tx-6.2.5.jar:/home/isaac/.m2/repository/org/springframework/spring-beans/6.2.5/spring-beans-6.2.5.jar:/home/isaac/.m2/repository/org/slf4j/slf4j-api/2.0.17/slf4j-api-2.0.17.jar:/home/isaac/.m2/repository/org/springframework/spring-aspects/6.2.5/spring-aspects-6.2.5.jar:/home/isaac/.m2/repository/org/aspectj/aspectjweaver/1.9.23/aspectjweaver-1.9.23.jar:/home/isaac/.m2/repository/org/springframework/boot/spring-boot-starter-thymeleaf/3.4.4/spring-boot-starter-thymeleaf-3.4.4.jar:/home/isaac/.m2/repository/org/thymeleaf/thymeleaf-spring6/3.1.3.RELEASE/thymeleaf-spring6-3.1.3.RELEASE.jar:/home/isaac/.m2/repository/org/thymeleaf/thymeleaf/3.1.3.RELEASE/thymeleaf-3.1.3.RELEASE.jar:/home/isaac/.m2/repository/org/attoparser/attoparser/2.0.7.RELEASE/attoparser-2.0.7.RELEASE.jar:/home/isaac/.m2/repository/org/unbescape/unbescape/1.1.6.RELEASE/unbescape-1.1.6.RELEASE.jar:/home/isaac/.m2/repository/org/springframework/boot/spring-boot-devtools/3.4.4/spring-boot-devtools-3.4.4.jar:/home/isaac/.m2/repository/org/springframework/boot/spring-boot/3.4.4/spring-boot-3.4.4.jar:/home/isaac/.m2/repository/org/springframework/boot/spring-boot-autoconfigure/3.4.4/spring-boot-autoconfigure-3.4.4.jar:/home/isaac/.m2/repository/com/mysql/mysql-connector-j/9.1.0/mysql-connector-j-9.1.0.jar:/home/isaac/.m2/repository/org/projectlombok/lombok/1.18.36/lombok-1.18.36.jar:/home/isaac/.m2/repository/jakarta/xml/bind/jakarta.xml.bind-api/4.0.2/jakarta.xml.bind-api-4.0.2.jar:/home/isaac/.m2/repository/jakarta/activation/jakarta.activation-api/2.1.3/jakarta.activation-api-2.1.3.jar:/home/isaac/.m2/repository/org/springframework/spring-core/6.2.5/spring-core-6.2.5.jar:/home/isaac/.m2/repository/org/springframework/spring-jcl/6.2.5/spring-jcl-6.2.5.jar:/home/isaac/.m2/repository/org/springframework/boot/spring-boot-starter-validation/3.4.4/spring-boot-starter-validation-3.4.4.jar:/home/isaac/.m2/repository/org/apache/tomcat/embed/tomcat-embed-el/10.1.39/tomcat-embed-el-10.1.39.jar:/home/isaac/.m2/repository/org/hibernate/validator/hibernate-validator/8.0.2.Final/hibernate-validator-8.0.2.Final.jar:/home/isaac/.m2/repository/jakarta/validation/jakarta.validation-api/3.0.2/jakarta.validation-api-3.0.2.jar:/home/isaac/.m2/repository/org/springframework/boot/spring-boot-starter-web/3.4.4/spring-boot-starter-web-3.4.4.jar:/home/isaac/.m2/repository/org/springframework/boot/spring-boot-starter-json/3.4.4/spring-boot-starter-json-3.4.4.jar:/home/isaac/.m2/repository/com/fasterxml/jackson/core/jackson-databind/2.18.3/jackson-databind-2.18.3.jar:/home/isaac/.m2/repository/com/fasterxml/jackson/core/jackson-annotations/2.18.3/jackson-annotations-2.18.3.jar:/home/isaac/.m2/repository/com/fasterxml/jackson/core/jackson-core/2.18.3/jackson-core-2.18.3.jar:/home/isaac/.m2/repository/com/fasterxml/jackson/datatype/jackson-datatype-jdk8/2.18.3/jackson-datatype-jdk8-2.18.3.jar:/home/isaac/.m2/repository/com/fasterxml/jackson/datatype/jackson-datatype-jsr310/2.18.3/jackson-datatype-jsr310-2.18.3.jar:/home/isaac/.m2/repository/com/fasterxml/jackson/module/jackson-module-parameter-names/2.18.3/jackson-module-parameter-names-2.18.3.jar:/home/isaac/.m2/repository/org/springframework/boot/spring-boot-starter-tomcat/3.4.4/spring-boot-starter-tomcat-3.4.4.jar:/home/isaac/.m2/repository/org/apache/tomcat/embed/tomcat-embed-core/10.1.39/tomcat-embed-core-10.1.39.jar:/home/isaac/.m2/repository/org/apache/tomcat/embed/tomcat-embed-websocket/10.1.39/tomcat-embed-websocket-10.1.39.jar:/home/isaac/.m2/repository/org/springframework/spring-web/6.2.5/spring-web-6.2.5.jar:/home/isaac/.m2/repository/org/springframework/spring-webmvc/6.2.5/spring-webmvc-6.2.5.jar:/home/isaac/.m2/repository/org/springframework/spring-expression/6.2.5/spring-expression-6.2.5.jar:/home/isaac/.m2/repository/org/springframework/boot/spring-boot-starter-actuator/3.4.4/spring-boot-starter-actuator-3.4.4.jar:/home/isaac/.m2/repository/org/springframework/boot/spring-boot-actuator-autoconfigure/3.4.4/spring-boot-actuator-autoconfigure-3.4.4.jar:/home/isaac/.m2/repository/org/springframework/boot/spring-boot-actuator/3.4.4/spring-boot-actuator-3.4.4.jar:/home/isaac/.m2/repository/io/micrometer/micrometer-observation/1.14.5/micrometer-observation-1.14.5.jar:/home/isaac/.m2/repository/io/micrometer/micrometer-commons/1.14.5/micrometer-commons-1.14.5.jar:/home/isaac/.m2/repository/io/micrometer/micrometer-jakarta9/1.14.5/micrometer-jakarta9-1.14.5.jar:/home/isaac/.m2/repository/io/micrometer/micrometer-core/1.14.5/micrometer-core-1.14.5.jar:/home/isaac/.m2/repository/org/hdrhistogram/HdrHistogram/2.2.2/HdrHistogram-2.2.2.jar:/home/isaac/.m2/repository/org/latencyutils/LatencyUtils/2.0.3/LatencyUtils-2.0.3.jar
Launcher Type: SUN_STANDARD

[Global flags]
     intx CICompilerCount                          = 4                                         {product} {ergonomic}
     uint ConcGCThreads                            = 2                                         {product} {ergonomic}
     uint G1ConcRefinementThreads                  = 8                                         {product} {ergonomic}
   size_t G1HeapRegionSize                         = 4194304                                   {product} {ergonomic}
    uintx GCDrainStackTargetSize                   = 64                                        {product} {ergonomic}
   size_t InitialHeapSize                          = 360710144                                 {product} {ergonomic}
     bool ManagementServer                         = true                                      {product} {command line}
   size_t MarkStackSize                            = 4194304                                   {product} {ergonomic}
   size_t MaxHeapSize                              = 5733613568                                {product} {ergonomic}
   size_t MaxNewSize                               = 3439329280                                {product} {ergonomic}
   size_t MinHeapDeltaBytes                        = 4194304                                   {product} {ergonomic}
   size_t MinHeapSize                              = 8388608                                   {product} {ergonomic}
    uintx NonNMethodCodeHeapSize                   = 4096                                   {pd product} {ergonomic}
    uintx NonProfiledCodeHeapSize                  = 0                                      {pd product} {ergonomic}
     bool ProfileInterpreter                       = false                                  {pd product} {command line}
    uintx ProfiledCodeHeapSize                     = 0                                      {pd product} {ergonomic}
   size_t SoftMaxHeapSize                          = 5733613568                             {manageable} {ergonomic}
     intx TieredStopAtLevel                        = 1                                         {product} {command line}
     bool UseCompressedOops                        = true                           {product lp64_product} {ergonomic}
     bool UseG1GC                                  = true                                      {product} {ergonomic}

Logging:
Log output configuration:
 #0: stdout all=warning uptime,level,tags foldmultilines=false
 #1: stderr all=off uptime,level,tags foldmultilines=false

Environment Variables:
PATH=/home/isaac/.local/bin:/home/isaac/bin:/usr/local/sbin:/usr/local/bin:/usr/sbin:/usr/bin:/var/lib/snapd/snap/bin:/home/isaac/.local/share/JetBrains/Toolbox/scripts
USERNAME=isaac
SHELL=/bin/bash
DISPLAY=:0
LANG=pt_BR.UTF-8

Active Locale:
LC_ALL=pt_BR.UTF-8
LC_COLLATE=pt_BR.UTF-8
LC_CTYPE=pt_BR.UTF-8
LC_MESSAGES=pt_BR.UTF-8
LC_MONETARY=pt_BR.UTF-8
LC_NUMERIC=pt_BR.UTF-8
LC_TIME=pt_BR.UTF-8

Signal Handlers:
   SIGSEGV: crash_handler in libjvm.so, mask=11100100010111111101111111111110, flags=SA_RESTART|SA_SIGINFO, unblocked
    SIGBUS: crash_handler in libjvm.so, mask=11100100010111111101111111111110, flags=SA_RESTART|SA_SIGINFO, unblocked
    SIGFPE: crash_handler in libjvm.so, mask=11100100010111111101111111111110, flags=SA_RESTART|SA_SIGINFO, unblocked
   SIGPIPE: SIG_IGN, mask=00000000000000000000000000000000, flags=none, blocked
  *** Handler was modified!
  *** Expected: javaSignalHandler in libjvm.so, mask=11100100110111111111111111111110, flags=SA_RESTART|SA_SIGINFO
   SIGXFSZ: javaSignalHandler in libjvm.so, mask=11100100010111111101111111111110, flags=SA_RESTART|SA_SIGINFO, blocked
    SIGILL: crash_handler in libjvm.so, mask=11100100010111111101111111111110, flags=SA_RESTART|SA_SIGINFO, unblocked
   SIGUSR2: SR_handler in libjvm.so, mask=00000000000000000000000000000000, flags=SA_RESTART|SA_SIGINFO, blocked
    SIGHUP: UserHandler in libjvm.so, mask=11100100010111111101111111111110, flags=SA_RESTART|SA_SIGINFO, blocked
    SIGINT: UserHandler in libjvm.so, mask=11100100010111111101111111111110, flags=SA_RESTART|SA_SIGINFO, blocked
   SIGTERM: UserHandler in libjvm.so, mask=11100100010111111101111111111110, flags=SA_RESTART|SA_SIGINFO, blocked
   SIGQUIT: UserHandler in libjvm.so, mask=11100100010111111101111111111110, flags=SA_RESTART|SA_SIGINFO, blocked
   SIGTRAP: crash_handler in libjvm.so, mask=11100100010111111101111111111110, flags=SA_RESTART|SA_SIGINFO, unblocked


Periodic native trim disabled

---------------  S Y S T E M  ---------------

OS:
Fedora release 42 (Adams)
uname: Linux 6.14.2-300.fc42.x86_64 #1 SMP PREEMPT_DYNAMIC Thu Apr 10 21:50:55 UTC 2025 x86_64
OS uptime: 0 days 0:59 hours
libc: glibc 2.41 NPTL 2.41 
rlimit (soft/hard): STACK 8192k/infinity , CORE infinity/infinity , NPROC 86834/86834 , NOFILE 524288/524288 , AS infinity/infinity , CPU infinity/infinity , DATA infinity/infinity , FSIZE infinity/infinity , MEMLOCK 8192k/8192k
load average: 0,68 0,66 0,78

/proc/meminfo:
MemTotal:       22395912 kB
MemFree:        10342196 kB
MemAvailable:   16589848 kB
Buffers:            6524 kB
Cached:          6564036 kB
SwapCached:            0 kB
Active:          9067124 kB
Inactive:        2112596 kB
Active(anon):    4691652 kB
Inactive(anon):        0 kB
Active(file):    4375472 kB
Inactive(file):  2112596 kB
Unevictable:        6136 kB
Mlocked:            6136 kB
SwapTotal:       8388604 kB
SwapFree:        8388604 kB
Zswap:                 0 kB
Zswapped:              0 kB
Dirty:              1988 kB
Writeback:             0 kB
AnonPages:       4615704 kB
Mapped:          1535324 kB
Shmem:             77216 kB
KReclaimable:     104096 kB
Slab:             303676 kB
SReclaimable:     104096 kB
SUnreclaim:       199580 kB
KernelStack:       18032 kB
PageTables:        47092 kB
SecPageTables:      4008 kB
NFS_Unstable:          0 kB
Bounce:                0 kB
WritebackTmp:          0 kB
CommitLimit:    19586560 kB
Committed_AS:   15232640 kB
VmallocTotal:   34359738367 kB
VmallocUsed:      114416 kB
VmallocChunk:          0 kB
Percpu:             8128 kB
HardwareCorrupted:     0 kB
AnonHugePages:         0 kB
ShmemHugePages:        0 kB
ShmemPmdMapped:        0 kB
FileHugePages:         0 kB
FilePmdMapped:         0 kB
CmaTotal:              0 kB
CmaFree:               0 kB
Unaccepted:            0 kB
HugePages_Total:       0
HugePages_Free:        0
HugePages_Rsvd:        0
HugePages_Surp:        0
Hugepagesize:       2048 kB
Hugetlb:               0 kB
DirectMap4k:      482420 kB
DirectMap2M:    13010944 kB
DirectMap1G:     9437184 kB

/sys/kernel/mm/transparent_hugepage/enabled: always [madvise] never
/sys/kernel/mm/transparent_hugepage/hpage_pmd_size: 2097152
/sys/kernel/mm/transparent_hugepage/defrag (defrag/compaction efforts parameter): always defer defer+madvise [madvise] never

Process Memory:
Virtual Size: 9871828K (peak: 9932492K)
Resident Set Size: 141544K (peak: 143412K) (anon: 120344K, file: 21200K, shmem: 0K)
Swapped out: 0K
C-Heap outstanding allocations: 44326K, retained: 3545K
glibc malloc tunables: (default)

/proc/sys/kernel/threads-max (system-wide limit on the number of threads): 173668
/proc/sys/vm/max_map_count (maximum number of memory map areas a process may have): 1048576
/proc/sys/vm/swappiness (control to define how aggressively the kernel swaps out anonymous memory): 10
/proc/sys/kernel/pid_max (system-wide limit on number of process identifiers): 4194304

container information not found.
Steal ticks since vm start: 0
Steal ticks percentage since vm start:  0,000

CPU: total 8 (initial active 8) (8 cores per cpu, 2 threads per core) family 23 model 96 stepping 1 microcode 0x860010f, cx8, cmov, fxsr, ht, mmx, 3dnowpref, sse, sse2, sse3, ssse3, sse4a, sse4.1, sse4.2, popcnt, lzcnt, tsc, tscinvbit, avx, avx2, aes, clmul, bmi1, bmi2, adx, sha, fma, vzeroupper, clflush, clflushopt, rdtscp, rdpid, f16c
CPU Model and flags from /proc/cpuinfo:
model name	: AMD Ryzen 3 PRO 4450U with Radeon Graphics
flags		: fpu vme de pse tsc msr pae mce cx8 apic sep mtrr pge mca cmov pat pse36 clflush mmx fxsr sse sse2 ht syscall nx mmxext fxsr_opt pdpe1gb rdtscp lm constant_tsc rep_good nopl xtopology nonstop_tsc cpuid extd_apicid aperfmperf rapl pni pclmulqdq monitor ssse3 fma cx16 sse4_1 sse4_2 movbe popcnt aes xsave avx f16c rdrand lahf_lm cmp_legacy svm extapic cr8_legacy abm sse4a misalignsse 3dnowprefetch osvw ibs skinit wdt tce topoext perfctr_core perfctr_nb bpext perfctr_llc mwaitx cpb cat_l3 cdp_l3 hw_pstate ssbd mba ibrs ibpb stibp vmmcall fsgsbase bmi1 avx2 smep bmi2 cqm rdt_a rdseed adx smap clflushopt clwb sha_ni xsaveopt xsavec xgetbv1 cqm_llc cqm_occup_llc cqm_mbm_total cqm_mbm_local clzero irperf xsaveerptr rdpru wbnoinvd arat npt lbrv svm_lock nrip_save tsc_scale vmcb_clean flushbyasid decodeassists pausefilter pfthreshold avic v_vmsave_vmload vgif v_spec_ctrl umip rdpid overflow_recov succor smca

Online cpus: 0-7
Offline cpus: 
BIOS frequency limitation: 2500000
Frequency switch latency (ns): 0
Available cpu frequencies: 2500000 1700000 1400000 
Current governor: performance
Core performance/turbo boost: 1

Memory: 4k page, physical 22395912k(16589848k free), swap 8388604k(8388604k free)
Page Sizes: 4k

vm_info: OpenJDK 64-Bit Server VM (21.0.6+7) for linux-amd64 JRE (21.0.6+7), built on 2025-01-27T00:00:00Z by "mockbuild" with gcc 14.2.1 20240912 (Red Hat 14.2.1-3)

END.
