#
# A fatal error has been detected by the Java Runtime Environment:
#
#  SIGSEGV (0xb) at pc=0x00007f9cf1218cc4, pid=7742, tid=7789
#
# JRE version: OpenJDK Runtime Environment (Red_Hat-21.0.6.0.7-1) (21.0.6+7) (build 21.0.6+7)
# Java VM: OpenJDK 64-Bit Server VM (Red_Hat-21.0.6.0.7-1) (21.0.6+7, mixed mode, emulated-client, sharing, tiered, compressed oops, compressed class ptrs, g1 gc, linux-amd64)
# Problematic frame:
# V  [libjvm.so+0xa18cc4]  markWord::displaced_mark_helper() const+0x24
#
# Core dump will be written. Default location: Core dumps may be processed with "/usr/lib/systemd/systemd-coredump %P %u %g %s %t %c %h" (or dumping to /home/isaac/IdeaProjects/AppLogin/core.7742)
#
# If you would like to submit a bug report, please visit:
#   https://bugzilla.redhat.com/enter_bug.cgi?product=Fedora&component=java-21-openjdk&version=40
#

---------------  S U M M A R Y ------------

Command Line: -XX:TieredStopAtLevel=1 -Dspring.output.ansi.enabled=always -Dcom.sun.management.jmxremote -Dspring.jmx.enabled=true -Dspring.liveBeansView.mbeanDomain -Dspring.application.admin.enabled=true -Dmanagement.endpoints.jmx.exposure.include=* -javaagent:/home/isaac/.local/share/JetBrains/Toolbox/apps/intellij-idea-ultimate/lib/idea_rt.jar=45059 -Dfile.encoding=UTF-8 -Dsun.stdout.encoding=UTF-8 -Dsun.stderr.encoding=UTF-8 br.appLogin.appLogin.AppLoginApplication

Host: AMD Ryzen 3 PRO 4450U with Radeon Graphics, 8 cores, 21G, Fedora release 42 (Adams)
Time: Fri Apr 18 16:36:08 2025 -03 elapsed time: 3.426080 seconds (0d 0h 0m 3s)

---------------  T H R E A D  ---------------

Current thread (0x00007f9c7000c8a0):  WorkerThread "GC Thread#7"    [id=7789, stack(0x00007f9cc8c0b000,0x00007f9cc8d0b000) (1024K)]

Stack: [0x00007f9cc8c0b000,0x00007f9cc8d0b000],  sp=0x00007f9cc8d09948,  free space=1018k
Native frames: (J=compiled Java code, j=interpreted, Vv=VM code, C=native code)
V  [libjvm.so+0xa18cc4]  markWord::displaced_mark_helper() const+0x24
V  [libjvm.so+0x5de7bb]  G1ParCopyClosure<(G1Barrier)1, false>::do_oop(oopDesc**)+0xeb
V  [libjvm.so+0x3b1d00]  ClassLoaderData::oops_do(OopClosure*, int, bool)+0xa0
V  [libjvm.so+0x5b794d]  G1CLDScanClosure::do_cld(ClassLoaderData*)+0x3d
V  [libjvm.so+0x3b70b9]  ClassLoaderDataGraph::roots_cld_do(CLDClosure*, CLDClosure*)+0x49
V  [libjvm.so+0x5e12fb]  G1RootProcessor::process_java_roots(G1RootClosures*, G1GCPhaseTimes*, unsigned int)+0xfb
V  [libjvm.so+0x5e1382]  G1RootProcessor::evacuate_roots(G1ParScanThreadState*, unsigned int)+0x72
V  [libjvm.so+0x5f6366]  G1EvacuateRegionsTask::scan_roots(G1ParScanThreadState*, unsigned int)+0x26
V  [libjvm.so+0x5f65e9]  G1EvacuateRegionsBaseTask::work(unsigned int)+0x89
V  [libjvm.so+0xe34760]  WorkerThread::run()+0x90
V  [libjvm.so+0xd71224]  Thread::call_run()+0xb4
V  [libjvm.so+0xae4205]  thread_native_entry(Thread*)+0xd5
C  [libc.so.6+0x71324]  start_thread+0x2e4

siginfo: si_signo: 11 (SIGSEGV), si_code: 1 (SEGV_MAPERR), si_addr: 0x0000000000000038

Registers:
RAX=0x0000000000000038, RBX=0x00007f9c08000cf0, RCX=0x0000000000000004, RDX=0x0000000000000002
RSP=0x00007f9cc8d09948, RBP=0x00007f9cc8d09a00, RSI=0x00007f9cf1ad7e80, RDI=0x00007f9cc8d099c0
R8 =0x0000000000000000, R9 =0x0000000000000002, R10=0x0000000000000004, R11=0x000000000000003a
R12=0x00000006ac96ead9, R13=0x00000006ad3a9ce8, R14=0x00007f9cf1ad96e8, R15=0x00007f9cf1ad7e90
RIP=0x00007f9cf1218cc4, EFLAGS=0x0000000000010202, CSGSFS=0x002b000000000033, ERR=0x0000000000000004
  TRAPNO=0x000000000000000e

XMM[0]=0x0000000000041178 0x0000000000000001
XMM[1]=0xd5580b11d559adee 0xd57eee0f00000001
XMM[2]=0x0000000000000000 0x0000000000000000
XMM[3]=0xd57eee0f00000001 0x00000006d55012d3
XMM[4]=0x6573624f2f6e6f69 0x7461746f6e6e612f
XMM[5]=0x6d6f7263696d2f6f 0x692f2172616a2e35
XMM[6]=0x6f2d726574656d6f 0x7263696d2f352e34
XMM[7]=0x726574656d6f7263 0x696d2f726574656d
XMM[8]=0xd7d5073000000000 0xd7d50728d7d507f2
XMM[9]=0x0000000000000000 0x0000000000000000
XMM[10]=0x3f3f3f3f3f3f3f3f 0x3f3f3f3f3f3f3f3f
XMM[11]=0x9999999999999999 0x9999999999999999
XMM[12]=0x2020202020202020 0x2020202020202020
XMM[13]=0x0000000000000000 0x0000000000000000
XMM[14]=0x0000000000000000 0x0000000000000000
XMM[15]=0x0000000000000000 0x0000000000000000
  MXCSR=0x00001fa0


Register to memory mapping:

RAX=0x0000000000000038 is an unknown value
RBX=0x00007f9c08000cf0 points into unknown readable memory: 0x00007f9cf1a0b7f8 | f8 b7 a0 f1 9c 7f 00 00
RCX=0x0000000000000004 is an unknown value
RDX=0x0000000000000002 is an unknown value
RSP=0x00007f9cc8d09948 points into unknown readable memory: 0x00007f9cf0dbf5a6 | a6 f5 db f0 9c 7f 00 00
RBP=0x00007f9cc8d09a00 points into unknown readable memory: 0x00007f9cc8d09a50 | 50 9a d0 c8 9c 7f 00 00
RSI=0x00007f9cf1ad7e80: <offset 0x00000000012d7e80> in /usr/lib/jvm/java-21-openjdk/lib/server/libjvm.so at 0x00007f9cf0800000
RDI=0x00007f9cc8d099c0 points into unknown readable memory: 0x000000000000003a | 3a 00 00 00 00 00 00 00
R8 =0x0 is null
R9 =0x0000000000000002 is an unknown value
R10=0x0000000000000004 is an unknown value
R11=0x000000000000003a is an unknown value
R12=
[error occurred during error reporting (printing register info), id 0xb, SIGSEGV (0xb) at pc=0x00007f9cf0d69dcf]
R13=0x00000006ad3a9ce8 is an oop: java.util.concurrent.ConcurrentHashMap$Node 
{0x00000006ad3a9ce8} - klass: 'java/util/concurrent/ConcurrentHashMap$Node'
 - ---- fields (total size 4 words):
 - final 'hash' 'I' @12  1656291684 (0x62b90164)
 - final 'key' 'Ljava/lang/Object;' @16  a 'org/springframework/aop/aspectj/ShadowMatchUtils$Key'{0x00000006ad3a9cb0} (0xd5a75396)
 - volatile 'val' 'Ljava/lang/Object;' @20  a 'org/aspectj/weaver/reflect/ShadowMatchImpl'{0x00000006ad3a9c40} (0xd5a75388)
 - volatile 'next' 'Ljava/util/concurrent/ConcurrentHashMap$Node;' @24  null (0x00000000)
R14=0x00007f9cf1ad96e8: <offset 0x00000000012d96e8> in /usr/lib/jvm/java-21-openjdk/lib/server/libjvm.so at 0x00007f9cf0800000
R15=0x00007f9cf1ad7e90: <offset 0x00000000012d7e90> in /usr/lib/jvm/java-21-openjdk/lib/server/libjvm.so at 0x00007f9cf0800000

Top of Stack: (sp=0x00007f9cc8d09948)
0x00007f9cc8d09948:   00007f9cf0dbf5a6 00000006be6d34f0
0x00007f9cc8d09958:   0000000000000001 000000000000000f
0x00007f9cc8d09968:   0000000000000000 000000000000000b
0x00007f9cc8d09978:   0000000000000004 000000000000003a
0x00007f9cc8d09988:   00007f9c7b179810 0000000600000001
0x00007f9cc8d09998:   00000040f47a5150 00000006aca69b01
0x00007f9cc8d099a8:   00007f9cf1b1a400 00007f9cc8d099e0
0x00007f9cc8d099b8:   00017f9cf12ef857 000000000000003a
0x00007f9cc8d099c8:   b941a99011a5cc00 0000000000000000
0x00007f9cc8d099d8:   00007f9c08000cf0 00007f9bf47a5160
0x00007f9cc8d099e8:   00007f9bf47a5250 00007f9bf47a5150
0x00007f9cc8d099f8:   00007f9cc8d09b10 00007f9cc8d09a50
0x00007f9cc8d09a08:   00007f9cf0dde7bb 00000000cbcfd6cc
0x00007f9cc8d09a18:   0000000000000000 00000000cbcf9c35
0x00007f9cc8d09a28:   0000000000000000 00007f9bf47a5168
0x00007f9cc8d09a38:   00007f9cd40061d8 00007f9bf47a5250
0x00007f9cc8d09a48:   00007f9bf47a5150 00007f9cc8d09a80
0x00007f9cc8d09a58:   00007f9cf0bb1d00 00007f9cd4006238
0x00007f9cc8d09a68:   00007f9cd4006238 00007f9cd4006238
0x00007f9cc8d09a78:   00007f9cd4006101 00007f9cc8d09ac0
0x00007f9cc8d09a88:   00007f9cf0db794d 00007f9c00002520
0x00007f9cc8d09a98:   b941a99011a5cc00 00007f9cc8d09ac0
0x00007f9cc8d09aa8:   00007f9cf15810a2 00007f9cec189870
0x00007f9cc8d09ab8:   00007f9cd4006238 00007f9cc8d09af0
0x00007f9cc8d09ac8:   00007f9cf0bb70b9 00000000cbb4bc39
0x00007f9cc8d09ad8:   00007f9cd40061a0 00007f9cd4006238
0x00007f9cc8d09ae8:   00007f9c70001010 00007f9cc8d09bb0
0x00007f9cc8d09af8:   00007f9cf0de12fb 0000000570001010
0x00007f9cc8d09b08:   00007f9cd4006250 00007f9cf1a0b2d0
0x00007f9cc8d09b18:   00000000cbb4bc39 0000000000000000
0x00007f9cc8d09b28:   00007f9c00000005 00007f9c70001010
0x00007f9cc8d09b38:   00007f9c00000005 0000000000000000 

Instructions: (pc=0x00007f9cf1218cc4)
0x00007f9cf1218bc4:   00 00 00 00 48 8d 3d 11 cf 90 00 e8 0c ba b8 ff
0x00007f9cf1218bd4:   b9 01 00 00 00 45 31 c0 e9 77 ff ff ff 48 8b 7d
0x00007f9cf1218be4:   c0 ff d0 83 f8 02 75 34 48 8d 05 f9 27 90 00 48
0x00007f9cf1218bf4:   63 00 4a 8b 3c 20 e8 41 e3 ff ff 48 8d 05 da 27
0x00007f9cf1218c04:   90 00 48 63 00 49 8b 3c 04 48 83 c4 28 5b 41 5c
0x00007f9cf1218c14:   41 5d 41 5e 41 5f 5d e9 20 e3 ff ff 77 56 85 c0
0x00007f9cf1218c24:   0f 84 6d ff ff ff 48 8b 45 b8 48 8d 1d ab 27 90
0x00007f9cf1218c34:   00 44 0f b6 a8 22 01 00 00 48 63 03 4a 8b 3c 20
0x00007f9cf1218c44:   e8 f7 e2 ff ff 48 8b 55 c0 44 89 ee 4c 89 e7 e8
0x00007f9cf1218c54:   b8 fd ff ff 84 c0 0f 85 52 ff ff ff 48 8d 05 85
0x00007f9cf1218c64:   27 90 00 48 63 00 4a 8b 3c 20 e8 cd e2 ff ff 48
0x00007f9cf1218c74:   63 03 eb 91 83 f8 03 74 82 48 8d 05 cc f2 8b 00
0x00007f9cf1218c84:   be 86 00 00 00 48 8d 3d 00 47 54 00 48 8b 00 c6
0x00007f9cf1218c94:   00 58 e8 25 75 a3 ff 0f 1f 44 00 00 f3 0f 1e fa
0x00007f9cf1218ca4:   48 8b 07 48 89 c2 83 e2 03 48 83 fa 02 74 0d 48
0x00007f9cf1218cb4:   85 d2 75 10 48 8b 00 c3 0f 1f 40 00 48 83 f0 02
0x00007f9cf1218cc4:   48 8b 00 c3 48 8d 05 81 f2 8b 00 55 48 8d 0d 7c
0x00007f9cf1218cd4:   ad 52 00 ba 2b 00 00 00 48 8d 35 c5 ea 57 00 48
0x00007f9cf1218ce4:   8b 00 48 89 e5 c6 00 58 4c 8b 07 31 c0 bf 00 00
0x00007f9cf1218cf4:   00 e0 e8 25 72 a3 ff 90 0f 1f 40 00 f3 0f 1e fa
0x00007f9cf1218d04:   48 8b 07 48 89 c2 83 e2 03 48 83 fa 02 74 0d 48
0x00007f9cf1218d14:   85 d2 75 10 48 89 30 c3 0f 1f 40 00 48 83 f0 02
0x00007f9cf1218d24:   48 89 30 c3 48 8d 05 21 f2 8b 00 55 48 8d 0d 1c
0x00007f9cf1218d34:   ad 52 00 ba 3d 00 00 00 48 8d 35 65 ea 57 00 48
0x00007f9cf1218d44:   8b 00 48 89 e5 c6 00 58 4c 8b 07 31 c0 bf 00 00
0x00007f9cf1218d54:   00 e0 e8 c5 71 a3 ff 90 0f 1f 40 00 f3 0f 1e fa
0x00007f9cf1218d64:   55 48 89 e5 41 55 49 89 f5 48 8d 35 f3 ac 52 00
0x00007f9cf1218d74:   41 54 41 89 d4 53 48 83 ec 08 48 8b 17 48 89 d0
0x00007f9cf1218d84:   83 e0 03 48 83 f8 03 74 1a 48 89 fb 48 83 f8 02
0x00007f9cf1218d94:   0f 84 b6 00 00 00 48 83 f8 01 74 20 48 8d 35 e6
0x00007f9cf1218da4:   ac 52 00 48 83 c4 08 4c 89 ef 31 c0 5b 41 5c 41
0x00007f9cf1218db4:   5d 5d e9 95 8e 0d 00 0f 1f 44 00 00 31 c0 48 8d 


Stack slot to memory mapping:

stack at sp + 0 slots: 0x00007f9cf0dbf5a6: <offset 0x00000000005bf5a6> in /usr/lib/jvm/java-21-openjdk/lib/server/libjvm.so at 0x00007f9cf0800000
stack at sp + 1 slots: 0x00000006be6d34f0 is an oop: java.lang.Class 
{0x00000006be6d34f0} - klass: 'java/lang/Class'
 - ---- fields (total size 15 words):
 - private volatile transient 'classRedefinedCount' 'I' @12  0 (0x00000000)
 - injected 'klass' 'J' @16  140310076658920 (0x00007f9c7c4714e8)
 - injected 'array_klass' 'J' @24  0 (0x0000000000000000)
 - injected 'oop_size' 'I' @32  15 (0x0000000f)
 - injected 'static_oop_field_count' 'I' @36  1 (0x00000001)
 - private volatile transient 'cachedConstructor' 'Ljava/lang/reflect/Constructor;' @40  null (0x00000000)
 - private transient 'name' 'Ljava/lang/String;' @44  "org.springframework.aop.aspectj.ShadowMatchUtils"{0x00000006be6d3578} (0xd7cda6af)
 - private transient 'module' 'Ljava/lang/Module;' @48  a 'java/lang/Module'{0x00000006aa7a33e0} (0xd54f467c)
 - private final 'classLoader' 'Ljava/lang/ClassLoader;' @52  a 'jdk/internal/loader/ClassLoaders$AppClassLoader'{0x00000006aa7a3208} (0xd54f4641)
 - private transient 'classData' 'Ljava/lang/Object;' @56  null (0x00000000)
 - private transient 'packageName' 'Ljava/lang/String;' @60  "org.springframework.aop.aspectj"{0x00000006bfb22738} (0xd7f644e7)
 - private final 'componentType' 'Ljava/lang/Class;' @64  null (0x00000000)
 - private volatile transient 'reflectionData' 'Ljava/lang/ref/SoftReference;' @68  null (0x00000000)
 - private volatile transient 'genericInfo' 'Lsun/reflect/generics/repository/ClassRepository;' @72  null (0x00000000)
 - private volatile transient 'enumConstants' '[Ljava/lang/Object;' @76  null (0x00000000)
 - private volatile transient 'enumConstantDirectory' 'Ljava/util/Map;' @80  null (0x00000000)
 - private volatile transient 'annotationData' 'Ljava/lang/Class$AnnotationData;' @84  null (0x00000000)
 - private volatile transient 'annotationType' 'Lsun/reflect/annotation/AnnotationType;' @88  null (0x00000000)
 - transient 'classValueMap' 'Ljava/lang/ClassValue$ClassValueMap;' @92  null (0x00000000)
 - injected 'protection_domain' 'Ljava/lang/Object;' @96  a 'java/security/ProtectionDomain'{0x00000006aada0660} (0xd55b40cc)
 - injected 'signers_name' 'Ljava/lang/Object;' @100  null (0x00000000)
 - injected 'source_file' 'Ljava/lang/Object;' @104  null (0x00000000)
 - injected '<init_lock>' 'Ljava/lang/Object;' @108  null (0x00000000)
 - signature: Lorg/springframework/aop/aspectj/ShadowMatchUtils;
 - ---- static fields (1):
 - private static final 'shadowMatchCache' 'Ljava/util/Map;' @112  a 'java/util/concurrent/ConcurrentHashMap'{0x00000006be6d3618} (0xd7cda6c3)
stack at sp + 2 slots: 0x0000000000000001 is an unknown value
stack at sp + 3 slots: 0x000000000000000f is an unknown value
stack at sp + 4 slots: 0x0 is null
stack at sp + 5 slots: 0x000000000000000b is an unknown value
stack at sp + 6 slots: 0x0000000000000004 is an unknown value
stack at sp + 7 slots: 0x000000000000003a is an unknown value


---------------  P R O C E S S  ---------------

Threads class SMR info:
_java_thread_list=0x00007f9bf838e940, length=20, elements={
0x00007f9cec02f150, 0x00007f9cec155460, 0x00007f9cec1569c0, 0x00007f9cec158170,
0x00007f9cec1597a0, 0x00007f9cec15ad30, 0x00007f9cec15c420, 0x00007f9cec185280,
0x00007f9c4409d700, 0x00007f9c58000f50, 0x00007f9cec4ca550, 0x00007f9cec4cc5a0,
0x00007f9c4410bb60, 0x00007f9c4410ce60, 0x00007f9cec55d4d0, 0x00007f9c24001f80,
0x00007f9c28010970, 0x00007f9c28026160, 0x00007f9cec774600, 0x00007f9c00002520
}

Java Threads: ( => current thread )
  0x00007f9cec02f150 JavaThread "main"                              [_thread_blocked, id=7743, stack(0x00007f9cf0700000,0x00007f9cf0800000) (1024K)]
  0x00007f9cec155460 JavaThread "Reference Handler"          daemon [_thread_blocked, id=7760, stack(0x00007f9cd8548000,0x00007f9cd8648000) (1024K)]
  0x00007f9cec1569c0 JavaThread "Finalizer"                  daemon [_thread_blocked, id=7761, stack(0x00007f9cd8448000,0x00007f9cd8548000) (1024K)]
  0x00007f9cec158170 JavaThread "Signal Dispatcher"          daemon [_thread_blocked, id=7762, stack(0x00007f9cd8348000,0x00007f9cd8448000) (1024K)]
  0x00007f9cec1597a0 JavaThread "Service Thread"             daemon [_thread_blocked, id=7763, stack(0x00007f9cd8248000,0x00007f9cd8348000) (1024K)]
  0x00007f9cec15ad30 JavaThread "Monitor Deflation Thread"   daemon [_thread_blocked, id=7764, stack(0x00007f9cd8148000,0x00007f9cd8248000) (1024K)]
  0x00007f9cec15c420 JavaThread "C1 CompilerThread0"         daemon [_thread_blocked, id=7765, stack(0x00007f9cd8048000,0x00007f9cd8148000) (1024K)]
  0x00007f9cec185280 JavaThread "Common-Cleaner"             daemon [_thread_blocked, id=7768, stack(0x00007f9cc9f00000,0x00007f9cca000000) (1024K)]
  0x00007f9c4409d700 JavaThread "C1 CompilerThread1"         daemon [_thread_blocked, id=7769, stack(0x00007f9cc9e00000,0x00007f9cc9f00000) (1024K)]
  0x00007f9c58000f50 JavaThread "Attach Listener"            daemon [_thread_blocked, id=7771, stack(0x00007f9cc9d00000,0x00007f9cc9e00000) (1024K)]
  0x00007f9cec4ca550 JavaThread "Monitor Ctrl-Break"         daemon [_thread_in_native, id=7772, stack(0x00007f9cc9c00000,0x00007f9cc9d00000) (1024K)]
  0x00007f9cec4cc5a0 JavaThread "Notification Thread"        daemon [_thread_blocked, id=7773, stack(0x00007f9cc9b00000,0x00007f9cc9c00000) (1024K)]
  0x00007f9c4410bb60 JavaThread "C1 CompilerThread2"         daemon [_thread_blocked, id=7774, stack(0x00007f9cc987f000,0x00007f9cc997f000) (1024K)]
  0x00007f9c4410ce60 JavaThread "C1 CompilerThread3"         daemon [_thread_blocked, id=7775, stack(0x00007f9cc977f000,0x00007f9cc987f000) (1024K)]
  0x00007f9cec55d4d0 JavaThread "RMI TCP Accept-0"           daemon [_thread_in_native, id=7777, stack(0x00007f9cc9611000,0x00007f9cc9711000) (1024K)]
  0x00007f9c24001f80 JavaThread "RMI TCP Connection(1)-192.168.0.124" daemon [_thread_in_native, id=7780, stack(0x00007f9cc9511000,0x00007f9cc9611000) (1024K)]
  0x00007f9c28010970 JavaThread "RMI Scheduler(0)"           daemon [_thread_blocked, id=7781, stack(0x00007f9cc9411000,0x00007f9cc9511000) (1024K)]
  0x00007f9c28026160 JavaThread "JMX server connection timeout 26" daemon [_thread_blocked, id=7782, stack(0x00007f9cc9311000,0x00007f9cc9411000) (1024K)]
  0x00007f9cec774600 JavaThread "Thread-0"                          [_thread_blocked, id=7791, stack(0x00007f9cc8b0a000,0x00007f9cc8c0a000) (1024K)]
  0x00007f9c00002520 JavaThread "restartedMain"                     [_thread_blocked, id=7792, stack(0x00007f9cc8a0a000,0x00007f9cc8b0a000) (1024K)]
Total: 20

Other Threads:
  0x00007f9cec14c060 VMThread "VM Thread"                           [id=7759, stack(0x00007f9cd8649000,0x00007f9cd8749000) (1024K)]
  0x00007f9cec13a3e0 WatcherThread "VM Periodic Task Thread"        [id=7758, stack(0x00007f9cd874a000,0x00007f9cd884a000) (1024K)]
  0x00007f9cec0aa8d0 WorkerThread "GC Thread#0"                     [id=7744, stack(0x00007f9cd9533000,0x00007f9cd9633000) (1024K)]
  0x00007f9c70007ab0 WorkerThread "GC Thread#1"                     [id=7783, stack(0x00007f9cc9211000,0x00007f9cc9311000) (1024K)]
  0x00007f9c70008570 WorkerThread "GC Thread#2"                     [id=7784, stack(0x00007f9cc9110000,0x00007f9cc9210000) (1024K)]
  0x00007f9c70009070 WorkerThread "GC Thread#3"                     [id=7785, stack(0x00007f9cc900f000,0x00007f9cc910f000) (1024K)]
  0x00007f9c70009b70 WorkerThread "GC Thread#4"                     [id=7786, stack(0x00007f9cc8f0e000,0x00007f9cc900e000) (1024K)]
  0x00007f9c7000aa60 WorkerThread "GC Thread#5"                     [id=7787, stack(0x00007f9cc8e0d000,0x00007f9cc8f0d000) (1024K)]
  0x00007f9c7000b980 WorkerThread "GC Thread#6"                     [id=7788, stack(0x00007f9cc8d0c000,0x00007f9cc8e0c000) (1024K)]
=>0x00007f9c7000c8a0 WorkerThread "GC Thread#7"                     [id=7789, stack(0x00007f9cc8c0b000,0x00007f9cc8d0b000) (1024K)]
  0x00007f9cec0b69b0 ConcurrentGCThread "G1 Main Marker"            [id=7745, stack(0x00007f9cd9432000,0x00007f9cd9532000) (1024K)]
  0x00007f9cec0b7950 WorkerThread "G1 Conc#0"                       [id=7746, stack(0x00007f9cd9331000,0x00007f9cd9431000) (1024K)]
  0x00007f9ccc000cf0 WorkerThread "G1 Conc#1"                       [id=7807, stack(0x00007f9cc870a000,0x00007f9cc880a000) (1024K)]
  0x00007f9cec1287f0 ConcurrentGCThread "G1 Refine#0"               [id=7748, stack(0x00007f9cd8a28000,0x00007f9cd8b28000) (1024K)]
  0x00007f9cec1297a0 ConcurrentGCThread "G1 Service"                [id=7749, stack(0x00007f9cd8927000,0x00007f9cd8a27000) (1024K)]
Total: 15

Threads with active compile tasks:
Total: 0

VM state: at safepoint (normal execution)

VM Mutex/Monitor currently owned by a thread:  ([mutex/lock_event])
[0x00007f9cf1b34cf8] Threads_lock - owner thread: 0x00007f9cec14c060
[0x00007f9cf1b34bf8] Heap_lock - owner thread: 0x00007f9c00002520

Heap address: 0x00000006aa400000, size: 5468 MB, Compressed Oops mode: Zero based, Oop shift amount: 3

CDS archive(s) mapped at: [0x00007f9c7b000000-0x00007f9c7bc99000-0x00007f9c7bc99000), size 13209600, SharedBaseAddress: 0x00007f9c7b000000, ArchiveRelocationMode: 1.
Compressed class space mapped at: 0x00007f9c7c000000-0x00007f9cbc000000, reserved size: 1073741824
Narrow klass base: 0x00007f9c7b000000, Narrow klass shift: 0, Narrow klass range: 0x100000000

GC Precious Log:
 CardTable entry size: 512
 Card Set container configuration: InlinePtr #cards 4 size 8 Array Of Cards #cards 32 size 80 Howl #buckets 8 coarsen threshold 7372 Howl Bitmap #cards 1024 size 144 coarsen threshold 921 Card regions per heap region 1 cards per card region 8192
 CPUs: 8 total, 8 available
 Memory: 21871M
 Large Page Support: Disabled
 NUMA Support: Disabled
 Compressed Oops: Enabled (Zero based)
 Heap Region Size: 4M
 Heap Min Capacity: 8M
 Heap Initial Capacity: 344M
 Heap Max Capacity: 5468M
 Pre-touch: Disabled
 Parallel Workers: 8
 Concurrent Workers: 2
 Concurrent Refinement Workers: 8
 Periodic GC: Disabled

Heap:
 garbage-first heap   total 77824K, used 55895K [0x00000006aa400000, 0x0000000800000000)
  region size 4096K, 11 young (45056K), 2 survivors (8192K)
 Metaspace       used 34157K, committed 34816K, reserved 1114112K
  class space    used 4718K, committed 4992K, reserved 1048576K

Heap Regions: E=young(eden), S=young(survivor), O=old, HS=humongous(starts), HC=humongous(continues), CS=collection set, F=free, TAMS=top-at-mark-start, PB=parsable bottom
|   0|0x00000006aa400000, 0x00000006aa800000, 0x00000006aa800000|100%| O|  |TAMS 0x00000006aa400000| PB 0x00000006aa400000| Untracked 
|   1|0x00000006aa800000, 0x00000006aab47090, 0x00000006aac00000| 81%| O|  |TAMS 0x00000006aa800000| PB 0x00000006aa800000| Untracked 
|   2|0x00000006aac00000, 0x00000006ab000000, 0x00000006ab000000|100%| O|  |TAMS 0x00000006aac00000| PB 0x00000006aac00000| Untracked 
|   3|0x00000006ab000000, 0x00000006ab400000, 0x00000006ab400000|100%| O|  |TAMS 0x00000006ab000000| PB 0x00000006ab000000| Untracked 
|   4|0x00000006ab400000, 0x00000006ab5045c0, 0x00000006ab800000| 25%| O|  |TAMS 0x00000006ab400000| PB 0x00000006ab400000| Untracked 
|   5|0x00000006ab800000, 0x00000006ab9cfcd0, 0x00000006abc00000| 45%| E|CS|TAMS 0x00000006ab800000| PB 0x00000006ab800000| Complete 
|   6|0x00000006abc00000, 0x00000006ac000000, 0x00000006ac000000|100%| E|CS|TAMS 0x00000006abc00000| PB 0x00000006abc00000| Complete 
|   7|0x00000006ac000000, 0x00000006ac000000, 0x00000006ac400000|  0%| F|  |TAMS 0x00000006ac000000| PB 0x00000006ac000000| Untracked 
|   8|0x00000006ac400000, 0x00000006ac551208, 0x00000006ac800000| 32%| S|  |TAMS 0x00000006ac400000| PB 0x00000006ac400000| Complete 
|   9|0x00000006ac800000, 0x00000006acc00000, 0x00000006acc00000|100%| S|  |TAMS 0x00000006ac800000| PB 0x00000006ac800000| Complete 
|  10|0x00000006acc00000, 0x00000006ad000000, 0x00000006ad000000|100%| E|CS|TAMS 0x00000006acc00000| PB 0x00000006acc00000| Complete 
|  11|0x00000006ad000000, 0x00000006ad400000, 0x00000006ad400000|100%| E|CS|TAMS 0x00000006ad000000| PB 0x00000006ad000000| Complete 
|  12|0x00000006ad400000, 0x00000006ad800000, 0x00000006ad800000|100%| E|CS|TAMS 0x00000006ad400000| PB 0x00000006ad400000| Complete 
|  13|0x00000006ad800000, 0x00000006adc00000, 0x00000006adc00000|100%| E|CS|TAMS 0x00000006ad800000| PB 0x00000006ad800000| Complete 
|  14|0x00000006adc00000, 0x00000006ae000000, 0x00000006ae000000|100%| E|CS|TAMS 0x00000006adc00000| PB 0x00000006adc00000| Complete 
|  80|0x00000006be400000, 0x00000006be800000, 0x00000006be800000|100%| E|CS|TAMS 0x00000006be400000| PB 0x00000006be400000| Complete 
|  81|0x00000006be800000, 0x00000006bec00000, 0x00000006bec00000|100%| E|CS|TAMS 0x00000006be800000| PB 0x00000006be800000| Complete 
|  85|0x00000006bf800000, 0x00000006bfc00000, 0x00000006bfc00000|100%| E|CS|TAMS 0x00000006bf800000| PB 0x00000006bf800000| Complete 
|1366|0x00000007ffc00000, 0x0000000800000000, 0x0000000800000000|100%| E|CS|TAMS 0x00000007ffc00000| PB 0x00000007ffc00000| Complete 

Card table byte_map: [0x00007f9cdeba3000,0x00007f9cdf651000] _byte_map_base: 0x00007f9cdb651000

Marking Bits: (CMBitMap*) 0x00007f9cec0ab3f0
 Bits: [0x00007f9cd9633000, 0x00007f9cdeba3000)

Polling page: 0x00007f9cf1ea0000

Metaspace:

Usage:
  Non-class:     28,75 MB used.
      Class:      4,61 MB used.
       Both:     33,36 MB used.

Virtual space:
  Non-class space:       64,00 MB reserved,      29,12 MB ( 46%) committed,  1 nodes.
      Class space:        1,00 GB reserved,       4,88 MB ( <1%) committed,  1 nodes.
             Both:        1,06 GB reserved,      34,00 MB (  3%) committed. 

Chunk freelists:
   Non-Class:  2,80 MB
       Class:  10,95 MB
        Both:  13,75 MB

MaxMetaspaceSize: unlimited
CompressedClassSpaceSize: 1,00 GB
Initial GC threshold: 21,00 MB
Current GC threshold: 35,56 MB
CDS: on
 - commit_granule_bytes: 65536.
 - commit_granule_words: 8192.
 - virtual_space_node_default_size: 8388608.
 - enlarge_chunks_in_place: 1.
 - use_allocation_guard: 0.


Internal statistics:

num_allocs_failed_limit: 5.
num_arena_births: 776.
num_arena_deaths: 0.
num_vsnodes_births: 2.
num_vsnodes_deaths: 0.
num_space_committed: 544.
num_space_uncommitted: 0.
num_chunks_returned_to_freelist: 5.
num_chunks_taken_from_freelist: 2023.
num_chunk_merges: 5.
num_chunk_splits: 1341.
num_chunks_enlarged: 921.
num_inconsistent_stats: 0.

CodeCache: size=49152Kb used=10116Kb max_used=10116Kb free=39035Kb
 bounds [0x00007f9ce0200000, 0x00007f9ce0bf0000, 0x00007f9ce3200000]
 total_blobs=5132 nmethods=4571 adapters=481
 compilation: enabled
              stopped_count=0, restarted_count=0
 full_count=0

Compilation events (20 events):
Event: 3,394 Thread 0x00007f9c4409d700 4562       1       java.util.regex.Pattern::newCharProperty (39 bytes)
Event: 3,394 Thread 0x00007f9c4410bb60 4563       1       java.util.regex.Pattern::atom (422 bytes)
Event: 3,394 Thread 0x00007f9c4410ce60 4564       1       java.util.regex.Pattern$BmpCharProperty::<init> (6 bytes)
Event: 3,394 Thread 0x00007f9cec15c420 4565       1       java.util.regex.Pattern$Node::study (21 bytes)
Event: 3,394 Thread 0x00007f9c4409d700 nmethod 4562 0x00007f9ce0bdd990 code [0x00007f9ce0bddb60, 0x00007f9ce0bddfb8]
Event: 3,394 Thread 0x00007f9c4410ce60 nmethod 4564 0x00007f9ce0bde090 code [0x00007f9ce0bde220, 0x00007f9ce0bde3a0]
Event: 3,394 Thread 0x00007f9cec15c420 nmethod 4565 0x00007f9ce0bde410 code [0x00007f9ce0bde5c0, 0x00007f9ce0bde6f0]
Event: 3,396 Thread 0x00007f9c4410bb60 nmethod 4563 0x00007f9ce0bde790 code [0x00007f9ce0bdea20, 0x00007f9ce0bdf2f8]
Event: 3,396 Thread 0x00007f9c4409d700 4566       1       java.lang.invoke.LambdaFormEditor::addArgumentForm (121 bytes)
Event: 3,396 Thread 0x00007f9c4409d700 nmethod 4566 0x00007f9ce0bdf810 code [0x00007f9ce0bdfa20, 0x00007f9ce0bdfda0]
Event: 3,404 Thread 0x00007f9c4409d700 4567       1       java.util.ResourceBundle$CacheKey::getName (5 bytes)
Event: 3,405 Thread 0x00007f9c4409d700 nmethod 4567 0x00007f9ce0be0010 code [0x00007f9ce0be01a0, 0x00007f9ce0be0268]
Event: 3,407 Thread 0x00007f9c4409d700 4568       1       java.lang.Module::getClassLoader (20 bytes)
Event: 3,407 Thread 0x00007f9c4409d700 nmethod 4568 0x00007f9ce0be0310 code [0x00007f9ce0be04a0, 0x00007f9ce0be0568]
Event: 3,408 Thread 0x00007f9c4409d700 4569       1       java.nio.CharBuffer::position (8 bytes)
Event: 3,408 Thread 0x00007f9cec15c420 4570       1       java.nio.ByteBuffer::array (35 bytes)
Event: 3,408 Thread 0x00007f9c4409d700 nmethod 4569 0x00007f9ce0be0610 code [0x00007f9ce0be07a0, 0x00007f9ce0be0890]
Event: 3,408 Thread 0x00007f9cec15c420 nmethod 4570 0x00007f9ce0be0910 code [0x00007f9ce0be0ac0, 0x00007f9ce0be0ca8]
Event: 3,409 Thread 0x00007f9c4409d700 4571       1       java.util.logging.LogManager$LoggerContext::requiresDefaultLoggers (29 bytes)
Event: 3,409 Thread 0x00007f9c4409d700 nmethod 4571 0x00007f9ce0be0d90 code [0x00007f9ce0be0f20, 0x00007f9ce0be1040]

GC Heap History (13 events):
Event: 0,667 GC heap before
{Heap before GC invocations=0 (full 0):
 garbage-first heap   total 356352K, used 17459K [0x00000006aa400000, 0x0000000800000000)
  region size 4096K, 5 young (20480K), 0 survivors (0K)
 Metaspace       used 6216K, committed 6464K, reserved 1114112K
  class space    used 709K, committed 832K, reserved 1048576K
}
Event: 0,674 GC heap after
{Heap after GC invocations=1 (full 0):
 garbage-first heap   total 356352K, used 8884K [0x00000006aa400000, 0x0000000800000000)
  region size 4096K, 1 young (4096K), 1 survivors (4096K)
 Metaspace       used 6216K, committed 6464K, reserved 1114112K
  class space    used 709K, committed 832K, reserved 1048576K
}
Event: 0,923 GC heap before
{Heap before GC invocations=1 (full 0):
 garbage-first heap   total 356352K, used 17076K [0x00000006aa400000, 0x0000000800000000)
  region size 4096K, 4 young (16384K), 1 survivors (4096K)
 Metaspace       used 8506K, committed 8832K, reserved 1114112K
  class space    used 1054K, committed 1216K, reserved 1048576K
}
Event: 0,929 GC heap after
{Heap after GC invocations=2 (full 0):
 garbage-first heap   total 356352K, used 9494K [0x00000006aa400000, 0x0000000800000000)
  region size 4096K, 1 young (4096K), 1 survivors (4096K)
 Metaspace       used 8506K, committed 8832K, reserved 1114112K
  class space    used 1054K, committed 1216K, reserved 1048576K
}
Event: 1,591 GC heap before
{Heap before GC invocations=2 (full 0):
 garbage-first heap   total 356352K, used 50454K [0x00000006aa400000, 0x0000000800000000)
  region size 4096K, 12 young (49152K), 1 survivors (4096K)
 Metaspace       used 18977K, committed 19392K, reserved 1114112K
  class space    used 2579K, committed 2752K, reserved 1048576K
}
Event: 1,595 GC heap after
{Heap after GC invocations=3 (full 0):
 garbage-first heap   total 356352K, used 12472K [0x00000006aa400000, 0x0000000800000000)
  region size 4096K, 1 young (4096K), 1 survivors (4096K)
 Metaspace       used 18977K, committed 19392K, reserved 1114112K
  class space    used 2579K, committed 2752K, reserved 1048576K
}
Event: 1,686 GC heap before
{Heap before GC invocations=3 (full 0):
 garbage-first heap   total 356352K, used 24760K [0x00000006aa400000, 0x0000000800000000)
  region size 4096K, 5 young (20480K), 1 survivors (4096K)
 Metaspace       used 21129K, committed 21504K, reserved 1114112K
  class space    used 2815K, committed 3008K, reserved 1048576K
}
Event: 1,690 GC heap after
{Heap after GC invocations=4 (full 0):
 garbage-first heap   total 356352K, used 14266K [0x00000006aa400000, 0x0000000800000000)
  region size 4096K, 2 young (8192K), 2 survivors (8192K)
 Metaspace       used 21129K, committed 21504K, reserved 1114112K
  class space    used 2815K, committed 3008K, reserved 1048576K
}
Event: 2,276 GC heap before
{Heap before GC invocations=5 (full 0):
 garbage-first heap   total 69632K, used 63418K [0x00000006aa400000, 0x0000000800000000)
  region size 4096K, 14 young (57344K), 2 survivors (8192K)
 Metaspace       used 24958K, committed 25408K, reserved 1114112K
  class space    used 3386K, committed 3584K, reserved 1048576K
}
Event: 2,283 GC heap after
{Heap after GC invocations=6 (full 0):
 garbage-first heap   total 77824K, used 16719K [0x00000006aa400000, 0x0000000800000000)
  region size 4096K, 2 young (8192K), 2 survivors (8192K)
 Metaspace       used 24958K, committed 25408K, reserved 1114112K
  class space    used 3386K, committed 3584K, reserved 1048576K
}
Event: 2,835 GC heap before
{Heap before GC invocations=6 (full 0):
 garbage-first heap   total 77824K, used 53583K [0x00000006aa400000, 0x0000000800000000)
  region size 4096K, 11 young (45056K), 2 survivors (8192K)
 Metaspace       used 28771K, committed 29312K, reserved 1114112K
  class space    used 3964K, committed 4224K, reserved 1048576K
}
Event: 2,842 GC heap after
{Heap after GC invocations=7 (full 0):
 garbage-first heap   total 77824K, used 19031K [0x00000006aa400000, 0x0000000800000000)
  region size 4096K, 2 young (8192K), 2 survivors (8192K)
 Metaspace       used 28771K, committed 29312K, reserved 1114112K
  class space    used 3964K, committed 4224K, reserved 1048576K
}
Event: 3,417 GC heap before
{Heap before GC invocations=7 (full 0):
 garbage-first heap   total 77824K, used 55895K [0x00000006aa400000, 0x0000000800000000)
  region size 4096K, 11 young (45056K), 2 survivors (8192K)
 Metaspace       used 34157K, committed 34816K, reserved 1114112K
  class space    used 4718K, committed 4992K, reserved 1048576K
}

Dll operation events (11 events):
Event: 0,002 Loaded shared library /usr/lib/jvm/java-21-openjdk/lib/libjava.so
Event: 0,119 Loaded shared library /usr/lib/jvm/java-21-openjdk/lib/libzip.so
Event: 0,123 Loaded shared library /usr/lib/jvm/java-21-openjdk/lib/libinstrument.so
Event: 0,127 Loaded shared library /usr/lib/jvm/java-21-openjdk/lib/libnio.so
Event: 0,131 Loaded shared library /usr/lib/jvm/java-21-openjdk/lib/libzip.so
Event: 0,232 Loaded shared library /usr/lib/jvm/java-21-openjdk/lib/libnet.so
Event: 0,235 Loaded shared library /usr/lib/jvm/java-21-openjdk/lib/libjimage.so
Event: 0,241 Loaded shared library /usr/lib/jvm/java-21-openjdk/lib/libextnet.so
Event: 0,252 Loaded shared library /usr/lib/jvm/java-21-openjdk/lib/libsystemconf.so
Event: 0,263 Loaded shared library /usr/lib/jvm/java-21-openjdk/lib/libmanagement.so
Event: 0,278 Loaded shared library /usr/lib/jvm/java-21-openjdk/lib/libmanagement_ext.so

Deoptimization events (2 events):
Event: 3,121 Thread 0x00007f9c00002520 DEOPT PACKING pc=0x00007f9ce0b33a4c sp=0x00007f9cc8b06f70
Event: 3,122 Thread 0x00007f9c00002520 DEOPT UNPACKING pc=0x00007f9ce025472f sp=0x00007f9cc8b06538 mode 0

Classes loaded (20 events):
Event: 3,405 Loading class java/security/cert/CertificateEncodingException
Event: 3,405 Loading class java/security/cert/CertificateException
Event: 3,405 Loading class java/security/cert/CertificateException done
Event: 3,405 Loading class java/security/cert/CertificateEncodingException done
Event: 3,412 Loading class javax/management/modelmbean/ModelMBeanNotificationBroadcaster
Event: 3,412 Loading class javax/management/modelmbean/ModelMBeanNotificationBroadcaster done
Event: 3,412 Loading class javax/management/RuntimeErrorException
Event: 3,412 Loading class javax/management/RuntimeErrorException done
Event: 3,416 Loading class java/net/SocketTimeoutException
Event: 3,416 Loading class java/io/InterruptedIOException
Event: 3,416 Loading class java/io/InterruptedIOException done
Event: 3,416 Loading class java/net/SocketTimeoutException done
Event: 3,416 Loading class java/beans/PropertyChangeSupport
Event: 3,416 Loading class java/beans/PropertyChangeSupport done
Event: 3,416 Loading class java/beans/PropertyChangeSupport$PropertyChangeListenerMap
Event: 3,416 Loading class java/beans/ChangeListenerMap
Event: 3,416 Loading class java/beans/ChangeListenerMap done
Event: 3,416 Loading class java/beans/PropertyChangeSupport$PropertyChangeListenerMap done
Event: 3,416 Loading class java/beans/PropertyChangeListener
Event: 3,416 Loading class java/beans/PropertyChangeListener done

Classes unloaded (0 events):
No events

Classes redefined (0 events):
No events

Internal exceptions (20 events):
Event: 2,927 Thread 0x00007f9c00002520 Exception <a 'java/lang/IncompatibleClassChangeError'{0x00000006bf9f1300}: Found class java.lang.Object, but interface was expected> (0x00000006bf9f1300) 
thrown [src/hotspot/share/interpreter/linkResolver.cpp, line 840]
Event: 2,942 Thread 0x00007f9c00002520 Exception <a 'java/lang/NoSuchMethodError'{0x00000006bfae3ee0}: 'void java.lang.invoke.DirectMethodHandle$Holder.invokeVirtual(java.lang.Object, java.lang.Object, int)'> (0x00000006bfae3ee0) 
thrown [src/hotspot/share/interpreter/linkResolver.cpp, line 772]
Event: 2,942 Thread 0x00007f9c00002520 Exception <a 'java/lang/NoSuchMethodError'{0x00000006bfae7bf0}: 'int java.lang.invoke.DirectMethodHandle$Holder.invokeSpecial(java.lang.Object, java.lang.Object, java.lang.Object, int)'> (0x00000006bfae7bf0) 
thrown [src/hotspot/share/interpreter/linkResolver.cpp, line 772]
Event: 2,943 Thread 0x00007f9c00002520 Exception <a 'java/lang/NoSuchMethodError'{0x00000006bfaf9898}: 'java.lang.Object java.lang.invoke.DirectMethodHandle$Holder.invokeStatic(java.lang.Object, java.lang.Object, java.lang.Object, java.lang.Object, int)'> (0x00000006bfaf9898) 
thrown [src/hotspot/share/interpreter/linkResolver.cpp, line 772]
Event: 2,944 Thread 0x00007f9c00002520 Exception <a 'java/lang/NoSuchMethodError'{0x00000006bfb00d48}: 'void java.lang.invoke.DelegatingMethodHandle$Holder.reinvoke_L(java.lang.Object, java.lang.Object, int)'> (0x00000006bfb00d48) 
thrown [src/hotspot/share/interpreter/linkResolver.cpp, line 772]
Event: 3,031 Thread 0x00007f9c00002520 Exception <a 'java/lang/ArrayIndexOutOfBoundsException'{0x00000006be4dbcd0}: Index 40 out of bounds for length 40> (0x00000006be4dbcd0) 
thrown [src/hotspot/share/interpreter/interpreterRuntime.cpp, line 439]
Event: 3,031 Thread 0x00007f9c00002520 Exception <a 'java/lang/ArrayIndexOutOfBoundsException'{0x00000006be4dc2f8}: Index 40 out of bounds for length 40> (0x00000006be4dc2f8) 
thrown [src/hotspot/share/interpreter/interpreterRuntime.cpp, line 439]
Event: 3,078 Thread 0x00007f9c00002520 Exception <a 'java/lang/NoSuchMethodError'{0x00000006be6d6f50}: 'java.lang.Object java.lang.invoke.Invokers$Holder.invoke_MT(java.lang.Object, java.lang.Object, java.lang.Object, java.lang.Object, java.lang.Object, java.lang.Object, java.lang.Object, java.lang.Object, java.lang.Object)'> (0x00000006be6d6f50) 
thrown [src/hotspot/share/interpreter/linkResolver.cpp, line 772]
Event: 3,095 Thread 0x00007f9c00002520 Exception <a 'java/lang/ArrayIndexOutOfBoundsException'{0x00000006be7a34a8}: Index 21 out of bounds for length 21> (0x00000006be7a34a8) 
thrown [src/hotspot/share/interpreter/interpreterRuntime.cpp, line 439]
Event: 3,095 Thread 0x00007f9c00002520 Exception <a 'java/lang/ArrayIndexOutOfBoundsException'{0x00000006be7a3a80}: Index 21 out of bounds for length 21> (0x00000006be7a3a80) 
thrown [src/hotspot/share/interpreter/interpreterRuntime.cpp, line 439]
Event: 3,151 Thread 0x00007f9c00002520 Exception <a 'java/lang/NoSuchMethodError'{0x00000006ade66980}: 'java.lang.Object java.lang.invoke.DirectMethodHandle$Holder.invokeSpecialIFC(java.lang.Object, java.lang.Object, java.lang.Object)'> (0x00000006ade66980) 
thrown [src/hotspot/share/interpreter/linkResolver.cpp, line 772]
Event: 3,161 Thread 0x00007f9c00002520 Exception <a 'java/lang/NoSuchMethodError'{0x00000006aded8760}: 'java.lang.Object java.lang.invoke.DirectMethodHandle$Holder.invokeVirtual(java.lang.Object, java.lang.Object, java.lang.Object, java.lang.Object, java.lang.Object)'> (0x00000006aded8760) 
thrown [src/hotspot/share/interpreter/linkResolver.cpp, line 772]
Event: 3,225 Thread 0x00007f9c00002520 Exception <a 'java/lang/NoSuchMethodError'{0x00000006adae3cc0}: 'java.lang.Object java.lang.invoke.DirectMethodHandle$Holder.invokeVirtual(java.lang.Object, java.lang.Object, java.lang.Object, java.lang.Object, java.lang.Object, java.lang.Object)'> (0x00000006adae3cc0) 
thrown [src/hotspot/share/interpreter/linkResolver.cpp, line 772]
Event: 3,278 Thread 0x00007f9c00002520 Exception <a 'java/lang/NoSuchMethodError'{0x00000006ad5ca178}: 'void java.lang.invoke.DirectMethodHandle$Holder.invokeInterface(java.lang.Object, java.lang.Object, int)'> (0x00000006ad5ca178) 
thrown [src/hotspot/share/interpreter/linkResolver.cpp, line 772]
Event: 3,281 Thread 0x00007f9c00002520 Exception <a 'java/lang/IncompatibleClassChangeError'{0x00000006ad624970}: Found class java.lang.Object, but interface was expected> (0x00000006ad624970) 
thrown [src/hotspot/share/interpreter/linkResolver.cpp, line 840]
Event: 3,283 Thread 0x00007f9c00002520 Exception <a 'java/lang/NoSuchMethodError'{0x00000006ad643200}: 'void java.lang.invoke.DirectMethodHandle$Holder.invokeStatic(java.lang.Object, int, java.lang.Object)'> (0x00000006ad643200) 
thrown [src/hotspot/share/interpreter/linkResolver.cpp, line 772]
Event: 3,292 Thread 0x00007f9c00002520 Exception <a 'java/lang/NoSuchMethodError'{0x00000006ad6d7f08}: 'void java.lang.invoke.DirectMethodHandle$Holder.invokeStatic(java.lang.Object, java.lang.Object, java.lang.Object, int, java.lang.Object)'> (0x00000006ad6d7f08) 
thrown [src/hotspot/share/interpreter/linkResolver.cpp, line 772]
Event: 3,292 Thread 0x00007f9c00002520 Exception <a 'java/lang/NoSuchMethodError'{0x00000006ad6de8a8}: 'java.lang.Object java.lang.invoke.DirectMethodHandle$Holder.newInvokeSpecial(java.lang.Object, java.lang.Object, java.lang.Object, int)'> (0x00000006ad6de8a8) 
thrown [src/hotspot/share/interpreter/linkResolver.cpp, line 772]
Event: 3,292 Thread 0x00007f9c00002520 Exception <a 'java/lang/NoSuchMethodError'{0x00000006ad6e2738}: 'java.lang.Object java.lang.invoke.DirectMethodHandle$Holder.invokeSpecial(java.lang.Object, java.lang.Object, java.lang.Object, java.lang.Object, int)'> (0x00000006ad6e2738) 
thrown [src/hotspot/share/interpreter/linkResolver.cpp, line 772]
Event: 3,292 Thread 0x00007f9c00002520 Exception <a 'java/lang/NoSuchMethodError'{0x00000006ad6e5c10}: 'java.lang.Object java.lang.invoke.Invokers$Holder.linkToTargetMethod(java.lang.Object, java.lang.Object, int, java.lang.Object)'> (0x00000006ad6e5c10) 
thrown [src/hotspot/share/interpreter/linkResolver.cpp, line 772]

ZGC Phase Switch (0 events):
No events

VM Operations (20 events):
Event: 2,604 Executing VM operation: HandshakeAllThreads (Deoptimize) done
Event: 2,610 Executing VM operation: HandshakeAllThreads (Deoptimize)
Event: 2,610 Executing VM operation: HandshakeAllThreads (Deoptimize) done
Event: 2,643 Executing VM operation: HandshakeAllThreads (Deoptimize)
Event: 2,643 Executing VM operation: HandshakeAllThreads (Deoptimize) done
Event: 2,771 Executing VM operation: HandshakeAllThreads (Deoptimize)
Event: 2,771 Executing VM operation: HandshakeAllThreads (Deoptimize) done
Event: 2,835 Executing VM operation: G1CollectForAllocation (G1 Evacuation Pause)
Event: 2,842 Executing VM operation: G1CollectForAllocation (G1 Evacuation Pause) done
Event: 2,918 Executing VM operation: HandshakeAllThreads (Deoptimize)
Event: 2,918 Executing VM operation: HandshakeAllThreads (Deoptimize) done
Event: 2,949 Executing VM operation: HandshakeAllThreads (Deoptimize)
Event: 2,949 Executing VM operation: HandshakeAllThreads (Deoptimize) done
Event: 3,022 Executing VM operation: HandshakeAllThreads (Deoptimize)
Event: 3,022 Executing VM operation: HandshakeAllThreads (Deoptimize) done
Event: 3,023 Executing VM operation: HandshakeAllThreads (Deoptimize)
Event: 3,023 Executing VM operation: HandshakeAllThreads (Deoptimize) done
Event: 3,121 Executing VM operation: HandshakeAllThreads (Deoptimize)
Event: 3,121 Executing VM operation: HandshakeAllThreads (Deoptimize) done
Event: 3,417 Executing VM operation: G1CollectForAllocation (G1 Evacuation Pause)

Memory protections (20 events):
Event: 0,085 Protecting memory [0x00007f9cc9f00000,0x00007f9cc9f04000] with protection modes 0
Event: 0,100 Protecting memory [0x00007f9cc9e00000,0x00007f9cc9e04000] with protection modes 0
Event: 0,146 Protecting memory [0x00007f9cc9d00000,0x00007f9cc9d04000] with protection modes 0
Event: 0,229 Protecting memory [0x00007f9cc9c00000,0x00007f9cc9c04000] with protection modes 0
Event: 0,229 Protecting memory [0x00007f9cc9b00000,0x00007f9cc9b04000] with protection modes 0
Event: 0,255 Protecting memory [0x00007f9cc987f000,0x00007f9cc9883000] with protection modes 0
Event: 0,255 Protecting memory [0x00007f9cc977f000,0x00007f9cc9783000] with protection modes 0
Event: 0,598 Protecting memory [0x00007f9cc9611000,0x00007f9cc9615000] with protection modes 0
Event: 0,623 Protecting memory [0x00007f9cc9511000,0x00007f9cc9515000] with protection modes 0
Event: 0,655 Protecting memory [0x00007f9cc9411000,0x00007f9cc9415000] with protection modes 0
Event: 0,667 Protecting memory [0x00007f9cc9311000,0x00007f9cc9315000] with protection modes 0
Event: 0,911 Protecting memory [0x00007f9cc8b0a000,0x00007f9cc8b0e000] with protection modes 0
Event: 0,914 Protecting memory [0x00007f9cc8a0a000,0x00007f9cc8a0e000] with protection modes 0
Event: 1,230 Protecting memory [0x00007f9cc890a000,0x00007f9cc890e000] with protection modes 0
Event: 1,314 Protecting memory [0x00007f9cc890a000,0x00007f9cc890e000] with protection modes 0
Event: 1,630 Protecting memory [0x00007f9cc880a000,0x00007f9cc880e000] with protection modes 0
Event: 1,747 Protecting memory [0x00007f9cc880a000,0x00007f9cc880e000] with protection modes 0
Event: 2,255 Protecting memory [0x00007f9cc890a000,0x00007f9cc890e000] with protection modes 0
Event: 2,763 Protecting memory [0x00007f9cc890a000,0x00007f9cc890e000] with protection modes 0
Event: 3,270 Protecting memory [0x00007f9cc890a000,0x00007f9cc890e000] with protection modes 0

Nmethod flushes (0 events):
No events

Events (20 events):
Event: 0,598 Thread 0x00007f9cec02f150 Thread added: 0x00007f9cec55d4d0
Event: 0,623 Thread 0x00007f9cec55d4d0 Thread added: 0x00007f9c24001f80
Event: 0,655 Thread 0x00007f9c24001f80 Thread added: 0x00007f9c28010970
Event: 0,667 Thread 0x00007f9c24001f80 Thread added: 0x00007f9c28026160
Event: 0,911 Thread 0x00007f9cec02f150 Thread added: 0x00007f9cec774600
Event: 0,914 Thread 0x00007f9cec774600 Thread added: 0x00007f9c00002520
Event: 1,230 Thread 0x00007f9c24001f80 Thread added: 0x00007f9c28042740
Event: 1,245 Thread 0x00007f9c28042740 Thread exited: 0x00007f9c28042740
Event: 1,314 Thread 0x00007f9c00002520 Thread added: 0x00007f9bf41681c0
Event: 1,630 Thread 0x00007f9c00002520 Thread added: 0x00007f9bf4296510
Event: 1,717 Thread 0x00007f9bf4296510 Thread exited: 0x00007f9bf4296510
Event: 1,747 Thread 0x00007f9c24001f80 Thread added: 0x00007f9c2804a910
Event: 1,753 Thread 0x00007f9c2804a910 Thread exited: 0x00007f9c2804a910
Event: 1,829 Thread 0x00007f9bf41681c0 Thread exited: 0x00007f9bf41681c0
Event: 2,255 Thread 0x00007f9c24001f80 Thread added: 0x00007f9c2804a910
Event: 2,261 Thread 0x00007f9c2804a910 Thread exited: 0x00007f9c2804a910
Event: 2,763 Thread 0x00007f9c24001f80 Thread added: 0x00007f9c2804aa40
Event: 2,768 Thread 0x00007f9c2804aa40 Thread exited: 0x00007f9c2804aa40
Event: 3,270 Thread 0x00007f9c24001f80 Thread added: 0x00007f9c2804aa40
Event: 3,276 Thread 0x00007f9c2804aa40 Thread exited: 0x00007f9c2804aa40


Dynamic libraries:
6aa400000-6ae000000 rw-p 00000000 00:00 0 
6ae000000-6be400000 ---p 00000000 00:00 0 
6be400000-6bec00000 rw-p 00000000 00:00 0 
6bec00000-6bf800000 ---p 00000000 00:00 0 
6bf800000-6bfc00000 rw-p 00000000 00:00 0 
6bfc00000-7ffc00000 ---p 00000000 00:00 0 
7ffc00000-7ffd0d000 rw-p 00cd8000 00:22 1688722                          /usr/lib/jvm/java-21-openjdk/lib/server/classes.jsa
7ffd0d000-800000000 rw-p 00000000 00:00 0 
563a492a3000-563a492a4000 r--p 00000000 00:22 1688428                    /usr/lib/jvm/java-21-openjdk/bin/java
563a492a4000-563a492a5000 r-xp 00001000 00:22 1688428                    /usr/lib/jvm/java-21-openjdk/bin/java
563a492a5000-563a492a6000 r--p 00002000 00:22 1688428                    /usr/lib/jvm/java-21-openjdk/bin/java
563a492a6000-563a492a7000 r--p 00002000 00:22 1688428                    /usr/lib/jvm/java-21-openjdk/bin/java
563a492a7000-563a492a8000 rw-p 00003000 00:22 1688428                    /usr/lib/jvm/java-21-openjdk/bin/java
563a8230d000-563a82355000 rw-p 00000000 00:00 0                          [heap]
7f9bec000000-7f9bec06c000 rw-p 00000000 00:00 0 
7f9bec06c000-7f9bf0000000 ---p 00000000 00:00 0 
7f9bf0000000-7f9bf0021000 rw-p 00000000 00:00 0 
7f9bf0021000-7f9bf4000000 ---p 00000000 00:00 0 
7f9bf4000000-7f9bf488f000 rw-p 00000000 00:00 0 
7f9bf488f000-7f9bf8000000 ---p 00000000 00:00 0 
7f9bf8000000-7f9bf8392000 rw-p 00000000 00:00 0 
7f9bf8392000-7f9bfc000000 ---p 00000000 00:00 0 
7f9bfc000000-7f9bfc073000 rw-p 00000000 00:00 0 
7f9bfc073000-7f9c00000000 ---p 00000000 00:00 0 
7f9c00000000-7f9c00021000 rw-p 00000000 00:00 0 
7f9c00021000-7f9c04000000 ---p 00000000 00:00 0 
7f9c04000000-7f9c04021000 rw-p 00000000 00:00 0 
7f9c04021000-7f9c08000000 ---p 00000000 00:00 0 
7f9c08000000-7f9c08021000 rw-p 00000000 00:00 0 
7f9c08021000-7f9c0c000000 ---p 00000000 00:00 0 
7f9c0c000000-7f9c0c021000 rw-p 00000000 00:00 0 
7f9c0c021000-7f9c10000000 ---p 00000000 00:00 0 
7f9c10000000-7f9c10021000 rw-p 00000000 00:00 0 
7f9c10021000-7f9c14000000 ---p 00000000 00:00 0 
7f9c14000000-7f9c14021000 rw-p 00000000 00:00 0 
7f9c14021000-7f9c18000000 ---p 00000000 00:00 0 
7f9c18000000-7f9c18021000 rw-p 00000000 00:00 0 
7f9c18021000-7f9c1c000000 ---p 00000000 00:00 0 
7f9c1c000000-7f9c1c021000 rw-p 00000000 00:00 0 
7f9c1c021000-7f9c20000000 ---p 00000000 00:00 0 
7f9c20000000-7f9c20021000 rw-p 00000000 00:00 0 
7f9c20021000-7f9c24000000 ---p 00000000 00:00 0 
7f9c24000000-7f9c24021000 rw-p 00000000 00:00 0 
7f9c24021000-7f9c28000000 ---p 00000000 00:00 0 
7f9c28000000-7f9c2804e000 rw-p 00000000 00:00 0 
7f9c2804e000-7f9c2c000000 ---p 00000000 00:00 0 
7f9c2c000000-7f9c2c0e2000 rw-p 00000000 00:00 0 
7f9c2c0e2000-7f9c30000000 ---p 00000000 00:00 0 
7f9c30000000-7f9c3011d000 rw-p 00000000 00:00 0 
7f9c3011d000-7f9c34000000 ---p 00000000 00:00 0 
7f9c34000000-7f9c34021000 rw-p 00000000 00:00 0 
7f9c34021000-7f9c38000000 ---p 00000000 00:00 0 
7f9c38000000-7f9c38021000 rw-p 00000000 00:00 0 
7f9c38021000-7f9c3c000000 ---p 00000000 00:00 0 
7f9c3c000000-7f9c3c142000 rw-p 00000000 00:00 0 
7f9c3c142000-7f9c40000000 ---p 00000000 00:00 0 
7f9c40000000-7f9c4002a000 rw-p 00000000 00:00 0 
7f9c4002a000-7f9c44000000 ---p 00000000 00:00 0 
7f9c44000000-7f9c4421e000 rw-p 00000000 00:00 0 
7f9c4421e000-7f9c48000000 ---p 00000000 00:00 0 
7f9c48000000-7f9c48021000 rw-p 00000000 00:00 0 
7f9c48021000-7f9c4c000000 ---p 00000000 00:00 0 
7f9c4c000000-7f9c4c021000 rw-p 00000000 00:00 0 
7f9c4c021000-7f9c50000000 ---p 00000000 00:00 0 
7f9c50000000-7f9c50021000 rw-p 00000000 00:00 0 
7f9c50021000-7f9c54000000 ---p 00000000 00:00 0 
7f9c54000000-7f9c54021000 rw-p 00000000 00:00 0 
7f9c54021000-7f9c58000000 ---p 00000000 00:00 0 
7f9c58000000-7f9c58021000 rw-p 00000000 00:00 0 
7f9c58021000-7f9c5c000000 ---p 00000000 00:00 0 
7f9c5c000000-7f9c5c021000 rw-p 00000000 00:00 0 
7f9c5c021000-7f9c60000000 ---p 00000000 00:00 0 
7f9c62000000-7f9c6fe70000 r--p 00000000 00:22 1604568                    /usr/lib/locale/locale-archive
7f9c70000000-7f9c70021000 rw-p 00000000 00:00 0 
7f9c70021000-7f9c74000000 ---p 00000000 00:00 0 
7f9c77000000-7f9c77400000 rw-p 00000000 00:00 0 
7f9c77400000-7f9c774c0000 rw-p 00000000 00:00 0 
7f9c774c0000-7f9c77500000 rw-p 00000000 00:00 0 
7f9c77500000-7f9c77780000 rw-p 00000000 00:00 0 
7f9c77780000-7f9c77800000 rw-p 00000000 00:00 0 
7f9c77800000-7f9c77980000 rw-p 00000000 00:00 0 
7f9c77980000-7f9c77a00000 rw-p 00000000 00:00 0 
7f9c77a00000-7f9c77f00000 rw-p 00000000 00:00 0 
7f9c77f00000-7f9c77fe0000 rw-p 00000000 00:00 0 
7f9c77fe0000-7f9c78000000 ---p 00000000 00:00 0 
7f9c78000000-7f9c78d40000 rw-p 00000000 00:00 0 
7f9c78d40000-7f9c7b000000 ---p 00000000 00:00 0 
7f9c7b000000-7f9c7bc99000 rw-p 00001000 00:22 1688722                    /usr/lib/jvm/java-21-openjdk/lib/server/classes.jsa
7f9c7bc99000-7f9c7c000000 ---p 00000000 00:00 0 
7f9c7c000000-7f9c7c020000 rw-p 00000000 00:00 0 
7f9c7c020000-7f9c7c040000 rw-p 00000000 00:00 0 
7f9c7c040000-7f9c7c0c0000 rw-p 00000000 00:00 0 
7f9c7c0c0000-7f9c7c140000 rw-p 00000000 00:00 0 
7f9c7c140000-7f9c7c180000 rw-p 00000000 00:00 0 
7f9c7c180000-7f9c7c4d0000 rw-p 00000000 00:00 0 
7f9c7c4d0000-7f9c7c500000 ---p 00000000 00:00 0 
7f9c7c500000-7f9c7c510000 rw-p 00000000 00:00 0 
7f9c7c510000-7f9cbc000000 ---p 00000000 00:00 0 
7f9cbc000000-7f9cbc021000 rw-p 00000000 00:00 0 
7f9cbc021000-7f9cc0000000 ---p 00000000 00:00 0 
7f9cc0000000-7f9cc0021000 rw-p 00000000 00:00 0 
7f9cc0021000-7f9cc4000000 ---p 00000000 00:00 0 
7f9cc4000000-7f9cc4021000 rw-p 00000000 00:00 0 
7f9cc4021000-7f9cc8000000 ---p 00000000 00:00 0 
7f9cc824e000-7f9cc8709000 rw-p 00000000 00:00 0 
7f9cc8709000-7f9cc870a000 ---p 00000000 00:00 0 
7f9cc870a000-7f9cc880a000 rw-p 00000000 00:00 0 
7f9cc880a000-7f9cc880e000 ---p 00000000 00:00 0 
7f9cc880e000-7f9cc890a000 rw-p 00000000 00:00 0 
7f9cc890a000-7f9cc890e000 ---p 00000000 00:00 0 
7f9cc890e000-7f9cc8a0a000 rw-p 00000000 00:00 0 
7f9cc8a0a000-7f9cc8a0e000 ---p 00000000 00:00 0 
7f9cc8a0e000-7f9cc8b0a000 rw-p 00000000 00:00 0 
7f9cc8b0a000-7f9cc8b0e000 ---p 00000000 00:00 0 
7f9cc8b0e000-7f9cc8c0a000 rw-p 00000000 00:00 0 
7f9cc8c0a000-7f9cc8c0b000 ---p 00000000 00:00 0 
7f9cc8c0b000-7f9cc8d0b000 rw-p 00000000 00:00 0 
7f9cc8d0b000-7f9cc8d0c000 ---p 00000000 00:00 0 
7f9cc8d0c000-7f9cc8e0c000 rw-p 00000000 00:00 0 
7f9cc8e0c000-7f9cc8e0d000 ---p 00000000 00:00 0 
7f9cc8e0d000-7f9cc8f0d000 rw-p 00000000 00:00 0 
7f9cc8f0d000-7f9cc8f0e000 ---p 00000000 00:00 0 
7f9cc8f0e000-7f9cc900e000 rw-p 00000000 00:00 0 
7f9cc900e000-7f9cc900f000 ---p 00000000 00:00 0 
7f9cc900f000-7f9cc910f000 rw-p 00000000 00:00 0 
7f9cc910f000-7f9cc9110000 ---p 00000000 00:00 0 
7f9cc9110000-7f9cc9210000 rw-p 00000000 00:00 0 
7f9cc9210000-7f9cc9211000 ---p 00000000 00:00 0 
7f9cc9211000-7f9cc9311000 rw-p 00000000 00:00 0 
7f9cc9311000-7f9cc9315000 ---p 00000000 00:00 0 
7f9cc9315000-7f9cc9411000 rw-p 00000000 00:00 0 
7f9cc9411000-7f9cc9415000 ---p 00000000 00:00 0 
7f9cc9415000-7f9cc9511000 rw-p 00000000 00:00 0 
7f9cc9511000-7f9cc9515000 ---p 00000000 00:00 0 
7f9cc9515000-7f9cc9611000 rw-p 00000000 00:00 0 
7f9cc9611000-7f9cc9615000 ---p 00000000 00:00 0 
7f9cc9615000-7f9cc9711000 rw-p 00000000 00:00 0 
7f9cc9711000-7f9cc9734000 r-xp 00000000 00:22 1596126                    /usr/lib64/libgcc_s-15-20250329.so.1
7f9cc9734000-7f9cc973b000 r--p 00023000 00:22 1596126                    /usr/lib64/libgcc_s-15-20250329.so.1
7f9cc973b000-7f9cc973c000 r--p 0002a000 00:22 1596126                    /usr/lib64/libgcc_s-15-20250329.so.1
7f9cc973c000-7f9cc973d000 rw-p 00000000 00:00 0 
7f9cc973d000-7f9cc9753000 r-xp 00000000 00:22 1843212                    /usr/lib64/libnss_myhostname.so.2
7f9cc9753000-7f9cc9762000 r--p 00016000 00:22 1843212                    /usr/lib64/libnss_myhostname.so.2
7f9cc9762000-7f9cc9767000 r--p 00024000 00:22 1843212                    /usr/lib64/libnss_myhostname.so.2
7f9cc9767000-7f9cc9768000 rw-p 00029000 00:22 1843212                    /usr/lib64/libnss_myhostname.so.2
7f9cc977f000-7f9cc9783000 ---p 00000000 00:00 0 
7f9cc9783000-7f9cc987f000 rw-p 00000000 00:00 0 
7f9cc987f000-7f9cc9883000 ---p 00000000 00:00 0 
7f9cc9883000-7f9cc997f000 rw-p 00000000 00:00 0 
7f9cc997f000-7f9cc99a7000 r-xp 00000000 00:22 1607481                    /usr/lib64/libnspr4.so
7f9cc99a7000-7f9cc99bb000 r--p 00028000 00:22 1607481                    /usr/lib64/libnspr4.so
7f9cc99bb000-7f9cc99bd000 r--p 0003b000 00:22 1607481                    /usr/lib64/libnspr4.so
7f9cc99bd000-7f9cc99be000 rw-p 0003d000 00:22 1607481                    /usr/lib64/libnspr4.so
7f9cc99be000-7f9cc99c1000 rw-p 00000000 00:00 0 
7f9cc99c1000-7f9cc9aad000 r-xp 00000000 00:22 1688316                    /usr/lib64/libnss3.so
7f9cc9aad000-7f9cc9af6000 r--p 000ec000 00:22 1688316                    /usr/lib64/libnss3.so
7f9cc9af6000-7f9cc9afd000 r--p 00134000 00:22 1688316                    /usr/lib64/libnss3.so
7f9cc9afd000-7f9cc9afe000 rw-p 0013b000 00:22 1688316                    /usr/lib64/libnss3.so
7f9cc9afe000-7f9cc9b00000 rw-p 00000000 00:00 0 
7f9cc9b00000-7f9cc9b04000 ---p 00000000 00:00 0 
7f9cc9b04000-7f9cc9c00000 rw-p 00000000 00:00 0 
7f9cc9c00000-7f9cc9c04000 ---p 00000000 00:00 0 
7f9cc9c04000-7f9cc9d00000 rw-p 00000000 00:00 0 
7f9cc9d00000-7f9cc9d04000 ---p 00000000 00:00 0 
7f9cc9d04000-7f9cc9e00000 rw-p 00000000 00:00 0 
7f9cc9e00000-7f9cc9e04000 ---p 00000000 00:00 0 
7f9cc9e04000-7f9cc9f00000 rw-p 00000000 00:00 0 
7f9cc9f00000-7f9cc9f04000 ---p 00000000 00:00 0 
7f9cc9f04000-7f9cca000000 rw-p 00000000 00:00 0 
7f9cca000000-7f9ccc021000 rw-p 00000000 00:00 0 
7f9ccc021000-7f9cd0000000 ---p 00000000 00:00 0 
7f9cd0000000-7f9cd0021000 rw-p 00000000 00:00 0 
7f9cd0021000-7f9cd4000000 ---p 00000000 00:00 0 
7f9cd4000000-7f9cd4021000 rw-p 00000000 00:00 0 
7f9cd4021000-7f9cd8000000 ---p 00000000 00:00 0 
7f9cd8006000-7f9cd800d000 r--s 00000000 00:22 1924132                    /usr/lib64/gconv/gconv-modules.cache
7f9cd800d000-7f9cd800f000 r-xp 00000000 00:22 1607483                    /usr/lib64/libplds4.so
7f9cd800f000-7f9cd8011000 r--p 00002000 00:22 1607483                    /usr/lib64/libplds4.so
7f9cd8011000-7f9cd8012000 r--p 00003000 00:22 1607483                    /usr/lib64/libplds4.so
7f9cd8012000-7f9cd8013000 rw-p 00004000 00:22 1607483                    /usr/lib64/libplds4.so
7f9cd8013000-7f9cd8016000 r-xp 00000000 00:22 1607482                    /usr/lib64/libplc4.so
7f9cd8016000-7f9cd8018000 r--p 00003000 00:22 1607482                    /usr/lib64/libplc4.so
7f9cd8018000-7f9cd8019000 r--p 00004000 00:22 1607482                    /usr/lib64/libplc4.so
7f9cd8019000-7f9cd801a000 rw-p 00005000 00:22 1607482                    /usr/lib64/libplc4.so
7f9cd801a000-7f9cd802e000 r-xp 00000000 00:22 1607727                    /usr/lib64/libnssutil3.so
7f9cd802e000-7f9cd8040000 r--p 00014000 00:22 1607727                    /usr/lib64/libnssutil3.so
7f9cd8040000-7f9cd8047000 r--p 00026000 00:22 1607727                    /usr/lib64/libnssutil3.so
7f9cd8047000-7f9cd8048000 rw-p 0002d000 00:22 1607727                    /usr/lib64/libnssutil3.so
7f9cd8048000-7f9cd804c000 ---p 00000000 00:00 0 
7f9cd804c000-7f9cd8148000 rw-p 00000000 00:00 0 
7f9cd8148000-7f9cd814c000 ---p 00000000 00:00 0 
7f9cd814c000-7f9cd8248000 rw-p 00000000 00:00 0 
7f9cd8248000-7f9cd824c000 ---p 00000000 00:00 0 
7f9cd824c000-7f9cd8348000 rw-p 00000000 00:00 0 
7f9cd8348000-7f9cd834c000 ---p 00000000 00:00 0 
7f9cd834c000-7f9cd8448000 rw-p 00000000 00:00 0 
7f9cd8448000-7f9cd844c000 ---p 00000000 00:00 0 
7f9cd844c000-7f9cd8548000 rw-p 00000000 00:00 0 
7f9cd8548000-7f9cd854c000 ---p 00000000 00:00 0 
7f9cd854c000-7f9cd8648000 rw-p 00000000 00:00 0 
7f9cd8648000-7f9cd8649000 ---p 00000000 00:00 0 
7f9cd8649000-7f9cd8749000 rw-p 00000000 00:00 0 
7f9cd8749000-7f9cd874a000 ---p 00000000 00:00 0 
7f9cd874a000-7f9cd884a000 rw-p 00000000 00:00 0 
7f9cd884a000-7f9cd8926000 rw-p 00000000 00:00 0 
7f9cd8926000-7f9cd8927000 ---p 00000000 00:00 0 
7f9cd8927000-7f9cd8a27000 rw-p 00000000 00:00 0 
7f9cd8a27000-7f9cd8a28000 ---p 00000000 00:00 0 
7f9cd8a28000-7f9cd8b28000 rw-p 00000000 00:00 0 
7f9cd8b28000-7f9cd9330000 rw-p 00000000 00:00 0 
7f9cd9330000-7f9cd9331000 ---p 00000000 00:00 0 
7f9cd9331000-7f9cd9431000 rw-p 00000000 00:00 0 
7f9cd9431000-7f9cd9432000 ---p 00000000 00:00 0 
7f9cd9432000-7f9cd9532000 rw-p 00000000 00:00 0 
7f9cd9532000-7f9cd9533000 ---p 00000000 00:00 0 
7f9cd9533000-7f9cd9633000 rw-p 00000000 00:00 0 
7f9cd9633000-7f9cd9723000 rw-p 00000000 00:00 0 
7f9cd9723000-7f9cd9b33000 ---p 00000000 00:00 0 
7f9cd9b33000-7f9cd9b53000 rw-p 00000000 00:00 0 
7f9cd9b53000-7f9cd9b83000 ---p 00000000 00:00 0 
7f9cd9b83000-7f9cd9b93000 rw-p 00000000 00:00 0 
7f9cd9b93000-7f9cdeb93000 ---p 00000000 00:00 0 
7f9cdeb93000-7f9cdebc1000 rw-p 00000000 00:00 0 
7f9cdebc1000-7f9cdec43000 ---p 00000000 00:00 0 
7f9cdec43000-7f9cdec47000 rw-p 00000000 00:00 0 
7f9cdec47000-7f9cdec4d000 ---p 00000000 00:00 0 
7f9cdec4d000-7f9cdec4f000 rw-p 00000000 00:00 0 
7f9cdec4f000-7f9cdf64f000 ---p 00000000 00:00 0 
7f9cdf64f000-7f9cdf66f000 rw-p 00000000 00:00 0 
7f9cdf66f000-7f9cdf6f1000 ---p 00000000 00:00 0 
7f9cdf6f1000-7f9cdf6f5000 rw-p 00000000 00:00 0 
7f9cdf6f5000-7f9cdf6fb000 ---p 00000000 00:00 0 
7f9cdf6fb000-7f9cdf6fd000 rw-p 00000000 00:00 0 
7f9cdf6fd000-7f9ce00fd000 ---p 00000000 00:00 0 
7f9ce00fd000-7f9ce0200000 rw-p 00000000 00:00 0 
7f9ce0200000-7f9ce0bf0000 rwxp 00000000 00:00 0 
7f9ce0bf0000-7f9ce3200000 ---p 00000000 00:00 0 
7f9ce3200000-7f9cebe8c000 r--s 00000000 00:22 1688718                    /usr/lib/jvm/java-21-openjdk/lib/modules
7f9cebe8c000-7f9cebe8d000 rw-p 00000000 00:00 0 
7f9cebe8d000-7f9cebe93000 r-xp 00000000 00:22 1612057                    /usr/lib64/libcap.so.2.73
7f9cebe93000-7f9cebe97000 r--p 00006000 00:22 1612057                    /usr/lib64/libcap.so.2.73
7f9cebe97000-7f9cebe98000 r--p 00009000 00:22 1612057                    /usr/lib64/libcap.so.2.73
7f9cebe98000-7f9cebe99000 rw-p 0000a000 00:22 1612057                    /usr/lib64/libcap.so.2.73
7f9cebe99000-7f9cebe9b000 r--p 00000000 00:22 1688706                    /usr/lib/jvm/java-21-openjdk/lib/libmanagement_ext.so
7f9cebe9b000-7f9cebe9e000 r-xp 00002000 00:22 1688706                    /usr/lib/jvm/java-21-openjdk/lib/libmanagement_ext.so
7f9cebe9e000-7f9cebe9f000 r--p 00005000 00:22 1688706                    /usr/lib/jvm/java-21-openjdk/lib/libmanagement_ext.so
7f9cebe9f000-7f9cebea0000 r--p 00006000 00:22 1688706                    /usr/lib/jvm/java-21-openjdk/lib/libmanagement_ext.so
7f9cebea0000-7f9cebea1000 rw-p 00000000 00:00 0 
7f9cebea1000-7f9cebea3000 r--p 00000000 00:22 1688704                    /usr/lib/jvm/java-21-openjdk/lib/libmanagement.so
7f9cebea3000-7f9cebea4000 r-xp 00002000 00:22 1688704                    /usr/lib/jvm/java-21-openjdk/lib/libmanagement.so
7f9cebea4000-7f9cebea5000 r--p 00003000 00:22 1688704                    /usr/lib/jvm/java-21-openjdk/lib/libmanagement.so
7f9cebea5000-7f9cebea6000 r--p 00003000 00:22 1688704                    /usr/lib/jvm/java-21-openjdk/lib/libmanagement.so
7f9cebea6000-7f9cebea7000 rw-p 00000000 00:00 0 
7f9cebea7000-7f9cebeae000 r--p 00000000 00:22 1688709                    /usr/lib/jvm/java-21-openjdk/lib/libnio.so
7f9cebeae000-7f9cebeb8000 r-xp 00007000 00:22 1688709                    /usr/lib/jvm/java-21-openjdk/lib/libnio.so
7f9cebeb8000-7f9cebebc000 r--p 00011000 00:22 1688709                    /usr/lib/jvm/java-21-openjdk/lib/libnio.so
7f9cebebc000-7f9cebebd000 r--p 00015000 00:22 1688709                    /usr/lib/jvm/java-21-openjdk/lib/libnio.so
7f9cebebd000-7f9cebebe000 rw-p 00016000 00:22 1688709                    /usr/lib/jvm/java-21-openjdk/lib/libnio.so
7f9cebebe000-7f9cec77c000 rw-p 00000000 00:00 0 
7f9cec77c000-7f9cf0000000 ---p 00000000 00:00 0 
7f9cf0000000-7f9cf0002000 r--p 00000000 00:22 1688717                    /usr/lib/jvm/java-21-openjdk/lib/libzip.so
7f9cf0002000-7f9cf0015000 r-xp 00002000 00:22 1688717                    /usr/lib/jvm/java-21-openjdk/lib/libzip.so
7f9cf0015000-7f9cf001d000 r--p 00015000 00:22 1688717                    /usr/lib/jvm/java-21-openjdk/lib/libzip.so
7f9cf001d000-7f9cf001e000 r--p 0001c000 00:22 1688717                    /usr/lib/jvm/java-21-openjdk/lib/libzip.so
7f9cf001e000-7f9cf0692000 rw-p 00000000 00:00 0 
7f9cf0692000-7f9cf06de000 ---p 00000000 00:00 0 
7f9cf06de000-7f9cf06e8000 r--p 00000000 00:22 1688694                    /usr/lib/jvm/java-21-openjdk/lib/libjava.so
7f9cf06e8000-7f9cf06f8000 r-xp 0000a000 00:22 1688694                    /usr/lib/jvm/java-21-openjdk/lib/libjava.so
7f9cf06f8000-7f9cf06fd000 r--p 0001a000 00:22 1688694                    /usr/lib/jvm/java-21-openjdk/lib/libjava.so
7f9cf06fd000-7f9cf06fe000 r--p 0001f000 00:22 1688694                    /usr/lib/jvm/java-21-openjdk/lib/libjava.so
7f9cf06fe000-7f9cf06ff000 rw-p 00020000 00:22 1688694                    /usr/lib/jvm/java-21-openjdk/lib/libjava.so
7f9cf06ff000-7f9cf0700000 rw-p 00000000 00:00 0 
7f9cf0700000-7f9cf0704000 ---p 00000000 00:00 0 
7f9cf0704000-7f9cf0800000 rw-p 00000000 00:00 0 
7f9cf0800000-7f9cf080f000 r--p 00000000 00:22 1688725                    /usr/lib/jvm/java-21-openjdk/lib/server/libjvm.so
7f9cf080f000-7f9cf1723000 r-xp 0000f000 00:22 1688725                    /usr/lib/jvm/java-21-openjdk/lib/server/libjvm.so
7f9cf1723000-7f9cf19fc000 r--p 00f23000 00:22 1688725                    /usr/lib/jvm/java-21-openjdk/lib/server/libjvm.so
7f9cf19fc000-7f9cf1ad3000 r--p 011fb000 00:22 1688725                    /usr/lib/jvm/java-21-openjdk/lib/server/libjvm.so
7f9cf1ad3000-7f9cf1b03000 rw-p 012d2000 00:22 1688725                    /usr/lib/jvm/java-21-openjdk/lib/server/libjvm.so
7f9cf1b03000-7f9cf1b69000 rw-p 00000000 00:00 0 
7f9cf1b69000-7f9cf1b6a000 r--p 00000000 00:22 1688715                    /usr/lib/jvm/java-21-openjdk/lib/libsystemconf.so
7f9cf1b6a000-7f9cf1b6b000 r-xp 00001000 00:22 1688715                    /usr/lib/jvm/java-21-openjdk/lib/libsystemconf.so
7f9cf1b6b000-7f9cf1b6c000 r--p 00002000 00:22 1688715                    /usr/lib/jvm/java-21-openjdk/lib/libsystemconf.so
7f9cf1b6c000-7f9cf1b6d000 r--p 00002000 00:22 1688715                    /usr/lib/jvm/java-21-openjdk/lib/libsystemconf.so
7f9cf1b6d000-7f9cf1b6e000 rw-p 00000000 00:00 0 
7f9cf1b6e000-7f9cf1b71000 r--p 00000000 00:22 1688708                    /usr/lib/jvm/java-21-openjdk/lib/libnet.so
7f9cf1b71000-7f9cf1b79000 r-xp 00003000 00:22 1688708                    /usr/lib/jvm/java-21-openjdk/lib/libnet.so
7f9cf1b79000-7f9cf1b7b000 r--p 0000b000 00:22 1688708                    /usr/lib/jvm/java-21-openjdk/lib/libnet.so
7f9cf1b7b000-7f9cf1b7c000 r--p 0000c000 00:22 1688708                    /usr/lib/jvm/java-21-openjdk/lib/libnet.so
7f9cf1b7c000-7f9cf1b7d000 rw-p 00000000 00:00 0 
7f9cf1b7d000-7f9cf1b85000 rw-s 00000000 00:2d 243                        /tmp/hsperfdata_isaac/7742
7f9cf1b85000-7f9cf1b87000 r--p 00000000 00:22 1688697                    /usr/lib/jvm/java-21-openjdk/lib/libjimage.so
7f9cf1b87000-7f9cf1b9f000 r-xp 00002000 00:22 1688697                    /usr/lib/jvm/java-21-openjdk/lib/libjimage.so
7f9cf1b9f000-7f9cf1ba5000 r--p 0001a000 00:22 1688697                    /usr/lib/jvm/java-21-openjdk/lib/libjimage.so
7f9cf1ba5000-7f9cf1ba7000 r--p 0001f000 00:22 1688697                    /usr/lib/jvm/java-21-openjdk/lib/libjimage.so
7f9cf1ba7000-7f9cf1ba8000 rw-p 00021000 00:22 1688697                    /usr/lib/jvm/java-21-openjdk/lib/libjimage.so
7f9cf1ba8000-7f9cf1c24000 r-xp 00000000 00:22 1604649                    /usr/lib64/libm.so.6
7f9cf1c24000-7f9cf1c94000 r--p 0007c000 00:22 1604649                    /usr/lib64/libm.so.6
7f9cf1c94000-7f9cf1c95000 r--p 000eb000 00:22 1604649                    /usr/lib64/libm.so.6
7f9cf1c95000-7f9cf1c96000 rw-p 000ec000 00:22 1604649                    /usr/lib64/libm.so.6
7f9cf1c96000-7f9cf1c99000 rw-p 00000000 00:00 0 
7f9cf1c99000-7f9cf1e09000 r-xp 00000000 00:22 1604647                    /usr/lib64/libc.so.6
7f9cf1e09000-7f9cf1e7e000 r--p 00170000 00:22 1604647                    /usr/lib64/libc.so.6
7f9cf1e7e000-7f9cf1e82000 r--p 001e4000 00:22 1604647                    /usr/lib64/libc.so.6
7f9cf1e82000-7f9cf1e84000 rw-p 001e8000 00:22 1604647                    /usr/lib64/libc.so.6
7f9cf1e84000-7f9cf1e8c000 rw-p 00000000 00:00 0 
7f9cf1e8c000-7f9cf1e8d000 rw-p 00000000 00:00 0 
7f9cf1e8d000-7f9cf1e8e000 r--p 00000000 00:22 1688686                    /usr/lib/jvm/java-21-openjdk/lib/libextnet.so
7f9cf1e8e000-7f9cf1e8f000 r-xp 00001000 00:22 1688686                    /usr/lib/jvm/java-21-openjdk/lib/libextnet.so
7f9cf1e8f000-7f9cf1e90000 r--p 00002000 00:22 1688686                    /usr/lib/jvm/java-21-openjdk/lib/libextnet.so
7f9cf1e90000-7f9cf1e91000 r--p 00002000 00:22 1688686                    /usr/lib/jvm/java-21-openjdk/lib/libextnet.so
7f9cf1e91000-7f9cf1e92000 rw-p 00000000 00:00 0 
7f9cf1e92000-7f9cf1e94000 r--p 00000000 00:22 1688689                    /usr/lib/jvm/java-21-openjdk/lib/libinstrument.so
7f9cf1e94000-7f9cf1e9b000 r-xp 00002000 00:22 1688689                    /usr/lib/jvm/java-21-openjdk/lib/libinstrument.so
7f9cf1e9b000-7f9cf1e9e000 r--p 00009000 00:22 1688689                    /usr/lib/jvm/java-21-openjdk/lib/libinstrument.so
7f9cf1e9e000-7f9cf1e9f000 r--p 0000b000 00:22 1688689                    /usr/lib/jvm/java-21-openjdk/lib/libinstrument.so
7f9cf1e9f000-7f9cf1ea0000 rw-p 0000c000 00:22 1688689                    /usr/lib/jvm/java-21-openjdk/lib/libinstrument.so
7f9cf1ea0000-7f9cf1ea1000 ---p 00000000 00:00 0 
7f9cf1ea1000-7f9cf1ea2000 r--p 00000000 00:00 0 
7f9cf1ea2000-7f9cf1ea3000 ---p 00000000 00:00 0 
7f9cf1ea3000-7f9cf1ea5000 r--p 00000000 00:22 1688698                    /usr/lib/jvm/java-21-openjdk/lib/libjli.so
7f9cf1ea5000-7f9cf1eb7000 r-xp 00002000 00:22 1688698                    /usr/lib/jvm/java-21-openjdk/lib/libjli.so
7f9cf1eb7000-7f9cf1ebe000 r--p 00014000 00:22 1688698                    /usr/lib/jvm/java-21-openjdk/lib/libjli.so
7f9cf1ebe000-7f9cf1ebf000 r--p 0001a000 00:22 1688698                    /usr/lib/jvm/java-21-openjdk/lib/libjli.so
7f9cf1ebf000-7f9cf1ec0000 rw-p 0001b000 00:22 1688698                    /usr/lib/jvm/java-21-openjdk/lib/libjli.so
7f9cf1ec0000-7f9cf1ec2000 rw-p 00000000 00:00 0 
7f9cf1ec2000-7f9cf1ec4000 r--p 00000000 00:00 0                          [vvar]
7f9cf1ec4000-7f9cf1ec6000 r--p 00000000 00:00 0                          [vvar_vclock]
7f9cf1ec6000-7f9cf1ec8000 r-xp 00000000 00:00 0                          [vdso]
7f9cf1ec8000-7f9cf1ef1000 r-xp 00000000 00:22 1604644                    /usr/lib64/ld-linux-x86-64.so.2
7f9cf1ef1000-7f9cf1efc000 r--p 00029000 00:22 1604644                    /usr/lib64/ld-linux-x86-64.so.2
7f9cf1efc000-7f9cf1efe000 r--p 00034000 00:22 1604644                    /usr/lib64/ld-linux-x86-64.so.2
7f9cf1efe000-7f9cf1eff000 rw-p 00036000 00:22 1604644                    /usr/lib64/ld-linux-x86-64.so.2
7f9cf1eff000-7f9cf1f00000 rw-p 00000000 00:00 0 
7ffe82615000-7ffe82638000 rw-p 00000000 00:00 0                          [stack]
ffffffffff600000-ffffffffff601000 --xp 00000000 00:00 0                  [vsyscall]
Total number of mappings: 336


VM Arguments:
jvm_args: -XX:TieredStopAtLevel=1 -Dspring.output.ansi.enabled=always -Dcom.sun.management.jmxremote -Dspring.jmx.enabled=true -Dspring.liveBeansView.mbeanDomain -Dspring.application.admin.enabled=true -Dmanagement.endpoints.jmx.exposure.include=* -javaagent:/home/isaac/.local/share/JetBrains/Toolbox/apps/intellij-idea-ultimate/lib/idea_rt.jar=45059 -Dfile.encoding=UTF-8 -Dsun.stdout.encoding=UTF-8 -Dsun.stderr.encoding=UTF-8 
java_command: br.appLogin.appLogin.AppLoginApplication
java_class_path (initial): /home/isaac/IdeaProjects/AppLogin/target/classes:/home/isaac/.m2/repository/org/springframework/boot/spring-boot-starter-data-jpa/3.4.4/spring-boot-starter-data-jpa-3.4.4.jar:/home/isaac/.m2/repository/org/springframework/boot/spring-boot-starter/3.4.4/spring-boot-starter-3.4.4.jar:/home/isaac/.m2/repository/org/springframework/boot/spring-boot-starter-logging/3.4.4/spring-boot-starter-logging-3.4.4.jar:/home/isaac/.m2/repository/ch/qos/logback/logback-classic/1.5.18/logback-classic-1.5.18.jar:/home/isaac/.m2/repository/ch/qos/logback/logback-core/1.5.18/logback-core-1.5.18.jar:/home/isaac/.m2/repository/org/apache/logging/log4j/log4j-to-slf4j/2.24.3/log4j-to-slf4j-2.24.3.jar:/home/isaac/.m2/repository/org/apache/logging/log4j/log4j-api/2.24.3/log4j-api-2.24.3.jar:/home/isaac/.m2/repository/org/slf4j/jul-to-slf4j/2.0.17/jul-to-slf4j-2.0.17.jar:/home/isaac/.m2/repository/jakarta/annotation/jakarta.annotation-api/2.1.1/jakarta.annotation-api-2.1.1.jar:/home/isaac/.m2/repository/org/yaml/snakeyaml/2.3/snakeyaml-2.3.jar:/home/isaac/.m2/repository/org/springframework/boot/spring-boot-starter-jdbc/3.4.4/spring-boot-starter-jdbc-3.4.4.jar:/home/isaac/.m2/repository/com/zaxxer/HikariCP/5.1.0/HikariCP-5.1.0.jar:/home/isaac/.m2/repository/org/springframework/spring-jdbc/6.2.5/spring-jdbc-6.2.5.jar:/home/isaac/.m2/repository/org/hibernate/orm/hibernate-core/6.6.11.Final/hibernate-core-6.6.11.Final.jar:/home/isaac/.m2/repository/jakarta/persistence/jakarta.persistence-api/3.1.0/jakarta.persistence-api-3.1.0.jar:/home/isaac/.m2/repository/jakarta/transaction/jakarta.transaction-api/2.0.1/jakarta.transaction-api-2.0.1.jar:/home/isaac/.m2/repository/org/jboss/logging/jboss-logging/3.6.1.Final/jboss-logging-3.6.1.Final.jar:/home/isaac/.m2/repository/org/hibernate/common/hibernate-commons-annotations/7.0.3.Final/hibernate-commons-annotations-7.0.3.Final.jar:/home/isaac/.m2/repository/io/smallrye/jandex/3.2.0/jandex-3.2.0.jar:/home/isaac/.m2/repository/com/fasterxml/classmate/1.7.0/classmate-1.7.0.jar:/home/isaac/.m2/repository/net/bytebuddy/byte-buddy/1.15.11/byte-buddy-1.15.11.jar:/home/isaac/.m2/repository/org/glassfish/jaxb/jaxb-runtime/4.0.5/jaxb-runtime-4.0.5.jar:/home/isaac/.m2/repository/org/glassfish/jaxb/jaxb-core/4.0.5/jaxb-core-4.0.5.jar:/home/isaac/.m2/repository/org/eclipse/angus/angus-activation/2.0.2/angus-activation-2.0.2.jar:/home/isaac/.m2/repository/org/glassfish/jaxb/txw2/4.0.5/txw2-4.0.5.jar:/home/isaac/.m2/repository/com/sun/istack/istack-commons-runtime/4.1.2/istack-commons-runtime-4.1.2.jar:/home/isaac/.m2/repository/jakarta/inject/jakarta.inject-api/2.0.1/jakarta.inject-api-2.0.1.jar:/home/isaac/.m2/repository/org/antlr/antlr4-runtime/4.13.0/antlr4-runtime-4.13.0.jar:/home/isaac/.m2/repository/org/springframework/data/spring-data-jpa/3.4.4/spring-data-jpa-3.4.4.jar:/home/isaac/.m2/repository/org/springframework/data/spring-data-commons/3.4.4/spring-data-commons-3.4.4.jar:/home/isaac/.m2/repository/org/springframework/spring-orm/6.2.5/spring-orm-6.2.5.jar:/home/isaac/.m2/repository/org/springframework/spring-context/6.2.5/spring-context-6.2.5.jar:/home/isaac/.m2/repository/org/springframework/spring-aop/6.2.5/spring-aop-6.2.5.jar:/home/isaac/.m2/repository/org/springframework/spring-tx/6.2.5/spring-tx-6.2.5.jar:/home/isaac/.m2/repository/org/springframework/spring-beans/6.2.5/spring-beans-6.2.5.jar:/home/isaac/.m2/repository/org/slf4j/slf4j-api/2.0.17/slf4j-api-2.0.17.jar:/home/isaac/.m2/repository/org/springframework/spring-aspects/6.2.5/spring-aspects-6.2.5.jar:/home/isaac/.m2/repository/org/aspectj/aspectjweaver/1.9.23/aspectjweaver-1.9.23.jar:/home/isaac/.m2/repository/org/springframework/boot/spring-boot-starter-thymeleaf/3.4.4/spring-boot-starter-thymeleaf-3.4.4.jar:/home/isaac/.m2/repository/org/thymeleaf/thymeleaf-spring6/3.1.3.RELEASE/thymeleaf-spring6-3.1.3.RELEASE.jar:/home/isaac/.m2/repository/org/thymeleaf/thymeleaf/3.1.3.RELEASE/thymeleaf-3.1.3.RELEASE.jar:/home/isaac/.m2/repository/org/attoparser/attoparser/2.0.7.RELEASE/attoparser-2.0.7.RELEASE.jar:/home/isaac/.m2/repository/org/unbescape/unbescape/1.1.6.RELEASE/unbescape-1.1.6.RELEASE.jar:/home/isaac/.m2/repository/org/springframework/boot/spring-boot-devtools/3.4.4/spring-boot-devtools-3.4.4.jar:/home/isaac/.m2/repository/org/springframework/boot/spring-boot/3.4.4/spring-boot-3.4.4.jar:/home/isaac/.m2/repository/org/springframework/boot/spring-boot-autoconfigure/3.4.4/spring-boot-autoconfigure-3.4.4.jar:/home/isaac/.m2/repository/com/mysql/mysql-connector-j/9.1.0/mysql-connector-j-9.1.0.jar:/home/isaac/.m2/repository/org/projectlombok/lombok/1.18.36/lombok-1.18.36.jar:/home/isaac/.m2/repository/jakarta/xml/bind/jakarta.xml.bind-api/4.0.2/jakarta.xml.bind-api-4.0.2.jar:/home/isaac/.m2/repository/jakarta/activation/jakarta.activation-api/2.1.3/jakarta.activation-api-2.1.3.jar:/home/isaac/.m2/repository/org/springframework/spring-core/6.2.5/spring-core-6.2.5.jar:/home/isaac/.m2/repository/org/springframework/spring-jcl/6.2.5/spring-jcl-6.2.5.jar:/home/isaac/.m2/repository/org/springframework/boot/spring-boot-starter-validation/3.4.4/spring-boot-starter-validation-3.4.4.jar:/home/isaac/.m2/repository/org/apache/tomcat/embed/tomcat-embed-el/10.1.39/tomcat-embed-el-10.1.39.jar:/home/isaac/.m2/repository/org/hibernate/validator/hibernate-validator/8.0.2.Final/hibernate-validator-8.0.2.Final.jar:/home/isaac/.m2/repository/jakarta/validation/jakarta.validation-api/3.0.2/jakarta.validation-api-3.0.2.jar:/home/isaac/.m2/repository/org/springframework/boot/spring-boot-starter-web/3.4.4/spring-boot-starter-web-3.4.4.jar:/home/isaac/.m2/repository/org/springframework/boot/spring-boot-starter-json/3.4.4/spring-boot-starter-json-3.4.4.jar:/home/isaac/.m2/repository/com/fasterxml/jackson/core/jackson-databind/2.18.3/jackson-databind-2.18.3.jar:/home/isaac/.m2/repository/com/fasterxml/jackson/core/jackson-annotations/2.18.3/jackson-annotations-2.18.3.jar:/home/isaac/.m2/repository/com/fasterxml/jackson/core/jackson-core/2.18.3/jackson-core-2.18.3.jar:/home/isaac/.m2/repository/com/fasterxml/jackson/datatype/jackson-datatype-jdk8/2.18.3/jackson-datatype-jdk8-2.18.3.jar:/home/isaac/.m2/repository/com/fasterxml/jackson/datatype/jackson-datatype-jsr310/2.18.3/jackson-datatype-jsr310-2.18.3.jar:/home/isaac/.m2/repository/com/fasterxml/jackson/module/jackson-module-parameter-names/2.18.3/jackson-module-parameter-names-2.18.3.jar:/home/isaac/.m2/repository/org/springframework/boot/spring-boot-starter-tomcat/3.4.4/spring-boot-starter-tomcat-3.4.4.jar:/home/isaac/.m2/repository/org/apache/tomcat/embed/tomcat-embed-core/10.1.39/tomcat-embed-core-10.1.39.jar:/home/isaac/.m2/repository/org/apache/tomcat/embed/tomcat-embed-websocket/10.1.39/tomcat-embed-websocket-10.1.39.jar:/home/isaac/.m2/repository/org/springframework/spring-web/6.2.5/spring-web-6.2.5.jar:/home/isaac/.m2/repository/org/springframework/spring-webmvc/6.2.5/spring-webmvc-6.2.5.jar:/home/isaac/.m2/repository/org/springframework/spring-expression/6.2.5/spring-expression-6.2.5.jar:/home/isaac/.m2/repository/org/springframework/boot/spring-boot-starter-actuator/3.4.4/spring-boot-starter-actuator-3.4.4.jar:/home/isaac/.m2/repository/org/springframework/boot/spring-boot-actuator-autoconfigure/3.4.4/spring-boot-actuator-autoconfigure-3.4.4.jar:/home/isaac/.m2/repository/org/springframework/boot/spring-boot-actuator/3.4.4/spring-boot-actuator-3.4.4.jar:/home/isaac/.m2/repository/io/micrometer/micrometer-observation/1.14.5/micrometer-observation-1.14.5.jar:/home/isaac/.m2/repository/io/micrometer/micrometer-commons/1.14.5/micrometer-commons-1.14.5.jar:/home/isaac/.m2/repository/io/micrometer/micrometer-jakarta9/1.14.5/micrometer-jakarta9-1.14.5.jar:/home/isaac/.m2/repository/io/micrometer/micrometer-core/1.14.5/micrometer-core-1.14.5.jar:/home/isaac/.m2/repository/org/hdrhistogram/HdrHistogram/2.2.2/HdrHistogram-2.2.2.jar:/home/isaac/.m2/repository/org/latencyutils/LatencyUtils/2.0.3/LatencyUtils-2.0.3.jar
Launcher Type: SUN_STANDARD

[Global flags]
     intx CICompilerCount                          = 4                                         {product} {ergonomic}
     uint ConcGCThreads                            = 2                                         {product} {ergonomic}
     uint G1ConcRefinementThreads                  = 8                                         {product} {ergonomic}
   size_t G1HeapRegionSize                         = 4194304                                   {product} {ergonomic}
    uintx GCDrainStackTargetSize                   = 64                                        {product} {ergonomic}
   size_t InitialHeapSize                          = 360710144                                 {product} {ergonomic}
     bool ManagementServer                         = true                                      {product} {command line}
   size_t MarkStackSize                            = 4194304                                   {product} {ergonomic}
   size_t MaxHeapSize                              = 5733613568                                {product} {ergonomic}
   size_t MaxNewSize                               = 3439329280                                {product} {ergonomic}
   size_t MinHeapDeltaBytes                        = 4194304                                   {product} {ergonomic}
   size_t MinHeapSize                              = 8388608                                   {product} {ergonomic}
    uintx NonNMethodCodeHeapSize                   = 4096                                   {pd product} {ergonomic}
    uintx NonProfiledCodeHeapSize                  = 0                                      {pd product} {ergonomic}
     bool ProfileInterpreter                       = false                                  {pd product} {command line}
    uintx ProfiledCodeHeapSize                     = 0                                      {pd product} {ergonomic}
   size_t SoftMaxHeapSize                          = 5733613568                             {manageable} {ergonomic}
     intx TieredStopAtLevel                        = 1                                         {product} {command line}
     bool UseCompressedOops                        = true                           {product lp64_product} {ergonomic}
     bool UseG1GC                                  = true                                      {product} {ergonomic}

Logging:
Log output configuration:
 #0: stdout all=warning uptime,level,tags foldmultilines=false
 #1: stderr all=off uptime,level,tags foldmultilines=false

Environment Variables:
PATH=/home/isaac/.local/bin:/home/isaac/bin:/usr/local/sbin:/usr/local/bin:/usr/sbin:/usr/bin:/var/lib/snapd/snap/bin:/home/isaac/.local/share/JetBrains/Toolbox/scripts
USERNAME=isaac
SHELL=/bin/bash
DISPLAY=:0
LANG=pt_BR.UTF-8

Active Locale:
LC_ALL=pt_BR.UTF-8
LC_COLLATE=pt_BR.UTF-8
LC_CTYPE=pt_BR.UTF-8
LC_MESSAGES=pt_BR.UTF-8
LC_MONETARY=pt_BR.UTF-8
LC_NUMERIC=pt_BR.UTF-8
LC_TIME=pt_BR.UTF-8

Signal Handlers:
   SIGSEGV: crash_handler in libjvm.so, mask=11100100010111111101111111111110, flags=SA_RESTART|SA_SIGINFO, unblocked
    SIGBUS: crash_handler in libjvm.so, mask=11100100010111111101111111111110, flags=SA_RESTART|SA_SIGINFO, unblocked
    SIGFPE: crash_handler in libjvm.so, mask=11100100010111111101111111111110, flags=SA_RESTART|SA_SIGINFO, unblocked
   SIGPIPE: SIG_IGN, mask=00000000000000000000000000000000, flags=none, blocked
  *** Handler was modified!
  *** Expected: javaSignalHandler in libjvm.so, mask=11100100110111111111111111111110, flags=SA_RESTART|SA_SIGINFO
   SIGXFSZ: javaSignalHandler in libjvm.so, mask=11100100010111111101111111111110, flags=SA_RESTART|SA_SIGINFO, blocked
    SIGILL: crash_handler in libjvm.so, mask=11100100010111111101111111111110, flags=SA_RESTART|SA_SIGINFO, unblocked
   SIGUSR2: SR_handler in libjvm.so, mask=00000000000000000000000000000000, flags=SA_RESTART|SA_SIGINFO, blocked
    SIGHUP: UserHandler in libjvm.so, mask=11100100010111111101111111111110, flags=SA_RESTART|SA_SIGINFO, blocked
    SIGINT: UserHandler in libjvm.so, mask=11100100010111111101111111111110, flags=SA_RESTART|SA_SIGINFO, blocked
   SIGTERM: UserHandler in libjvm.so, mask=11100100010111111101111111111110, flags=SA_RESTART|SA_SIGINFO, blocked
   SIGQUIT: UserHandler in libjvm.so, mask=11100100010111111101111111111110, flags=SA_RESTART|SA_SIGINFO, blocked
   SIGTRAP: crash_handler in libjvm.so, mask=11100100010111111101111111111110, flags=SA_RESTART|SA_SIGINFO, unblocked


Periodic native trim disabled

---------------  S Y S T E M  ---------------

OS:
Fedora release 42 (Adams)
uname: Linux 6.14.2-300.fc42.x86_64 #1 SMP PREEMPT_DYNAMIC Thu Apr 10 21:50:55 UTC 2025 x86_64
OS uptime: 0 days 0:56 hours
libc: glibc 2.41 NPTL 2.41 
rlimit (soft/hard): STACK 8192k/infinity , CORE infinity/infinity , NPROC 86834/86834 , NOFILE 524288/524288 , AS infinity/infinity , CPU infinity/infinity , DATA infinity/infinity , FSIZE infinity/infinity , MEMLOCK 8192k/8192k
load average: 0,88 0,58 0,78

/proc/meminfo:
MemTotal:       22395912 kB
MemFree:        10036824 kB
MemAvailable:   16057216 kB
Buffers:            6524 kB
Cached:          6382460 kB
SwapCached:            0 kB
Active:          9577192 kB
Inactive:        1892472 kB
Active(anon):    5208684 kB
Inactive(anon):        0 kB
Active(file):    4368508 kB
Inactive(file):  1892472 kB
Unevictable:        6136 kB
Mlocked:            6136 kB
SwapTotal:       8388604 kB
SwapFree:        8388604 kB
Zswap:                 0 kB
Zswapped:              0 kB
Dirty:              3204 kB
Writeback:             0 kB
AnonPages:       5087324 kB
Mapped:          1543660 kB
Shmem:            122732 kB
KReclaimable:     103752 kB
Slab:             303512 kB
SReclaimable:     103752 kB
SUnreclaim:       199760 kB
KernelStack:       20560 kB
PageTables:        57120 kB
SecPageTables:      4008 kB
NFS_Unstable:          0 kB
Bounce:                0 kB
WritebackTmp:          0 kB
CommitLimit:    19586560 kB
Committed_AS:   22808968 kB
VmallocTotal:   34359738367 kB
VmallocUsed:      117260 kB
VmallocChunk:          0 kB
Percpu:             8128 kB
HardwareCorrupted:     0 kB
AnonHugePages:         0 kB
ShmemHugePages:        0 kB
ShmemPmdMapped:        0 kB
FileHugePages:         0 kB
FilePmdMapped:         0 kB
CmaTotal:              0 kB
CmaFree:               0 kB
Unaccepted:            0 kB
HugePages_Total:       0
HugePages_Free:        0
HugePages_Rsvd:        0
HugePages_Surp:        0
Hugepagesize:       2048 kB
Hugetlb:               0 kB
DirectMap4k:      478324 kB
DirectMap2M:    11966464 kB
DirectMap1G:    10485760 kB

/sys/kernel/mm/transparent_hugepage/enabled: always [madvise] never
/sys/kernel/mm/transparent_hugepage/hpage_pmd_size: 2097152
/sys/kernel/mm/transparent_hugepage/defrag (defrag/compaction efforts parameter): always defer defer+madvise [madvise] never

Process Memory:
Virtual Size: 9805268K (peak: 9805268K)
Resident Set Size: 188456K (peak: 188456K) (anon: 167096K, file: 21360K, shmem: 0K)
Swapped out: 0K
C-Heap outstanding allocations: 49769K, retained: 3358K
glibc malloc tunables: (default)

/proc/sys/kernel/threads-max (system-wide limit on the number of threads): 173668
/proc/sys/vm/max_map_count (maximum number of memory map areas a process may have): 1048576
/proc/sys/vm/swappiness (control to define how aggressively the kernel swaps out anonymous memory): 10
/proc/sys/kernel/pid_max (system-wide limit on number of process identifiers): 4194304

container information not found.
Steal ticks since vm start: 0
Steal ticks percentage since vm start:  0,000

CPU: total 8 (initial active 8) (8 cores per cpu, 2 threads per core) family 23 model 96 stepping 1 microcode 0x860010f, cx8, cmov, fxsr, ht, mmx, 3dnowpref, sse, sse2, sse3, ssse3, sse4a, sse4.1, sse4.2, popcnt, lzcnt, tsc, tscinvbit, avx, avx2, aes, clmul, bmi1, bmi2, adx, sha, fma, vzeroupper, clflush, clflushopt, rdtscp, rdpid, f16c
CPU Model and flags from /proc/cpuinfo:
model name	: AMD Ryzen 3 PRO 4450U with Radeon Graphics
flags		: fpu vme de pse tsc msr pae mce cx8 apic sep mtrr pge mca cmov pat pse36 clflush mmx fxsr sse sse2 ht syscall nx mmxext fxsr_opt pdpe1gb rdtscp lm constant_tsc rep_good nopl xtopology nonstop_tsc cpuid extd_apicid aperfmperf rapl pni pclmulqdq monitor ssse3 fma cx16 sse4_1 sse4_2 movbe popcnt aes xsave avx f16c rdrand lahf_lm cmp_legacy svm extapic cr8_legacy abm sse4a misalignsse 3dnowprefetch osvw ibs skinit wdt tce topoext perfctr_core perfctr_nb bpext perfctr_llc mwaitx cpb cat_l3 cdp_l3 hw_pstate ssbd mba ibrs ibpb stibp vmmcall fsgsbase bmi1 avx2 smep bmi2 cqm rdt_a rdseed adx smap clflushopt clwb sha_ni xsaveopt xsavec xgetbv1 cqm_llc cqm_occup_llc cqm_mbm_total cqm_mbm_local clzero irperf xsaveerptr rdpru wbnoinvd arat npt lbrv svm_lock nrip_save tsc_scale vmcb_clean flushbyasid decodeassists pausefilter pfthreshold avic v_vmsave_vmload vgif v_spec_ctrl umip rdpid overflow_recov succor smca

Online cpus: 0-7
Offline cpus: 
BIOS frequency limitation: 2500000
Frequency switch latency (ns): 0
Available cpu frequencies: 2500000 1700000 1400000 
Current governor: performance
Core performance/turbo boost: 1

Memory: 4k page, physical 22395912k(16057216k free), swap 8388604k(8388604k free)
Page Sizes: 4k

vm_info: OpenJDK 64-Bit Server VM (21.0.6+7) for linux-amd64 JRE (21.0.6+7), built on 2025-01-27T00:00:00Z by "mockbuild" with gcc 14.2.1 20240912 (Red Hat 14.2.1-3)

END.
